
     Program PWSCF v.7.5 starts on  3Sep2025 at 14: 2:41 

     This program is part of the open-source Quantum ESPRESSO suite
     for quantum simulation of materials; please cite
         "P. Giannozzi et al., J. Phys.:Condens. Matter 21 395502 (2009);
         "P. Giannozzi et al., J. Phys.:Condens. Matter 29 465901 (2017);
         "P. Giannozzi et al., J. Chem. Phys. 152 154105 (2020);
          URL http://www.quantum-espresso.org", 
     in publications or presentations arising from this work. More details at
     http://www.quantum-espresso.org/quote

     Parallel version (MPI), running on     4 processors

     MPI processes distributed on     1 nodes
     30808 MiB available memory on the printing compute node when the environment starts
 
     Waiting for input...
     Reading input from standard input

     Current dimensions of program PWSCF are:
     Max number of different atomic species (ntypx) = 10
     Max number of k-points (npk) =  40000
     Max angular momentum in pseudopotentials (lmaxx) =  4
     WARNING: atomic wfc #  2 for atom typeCe has zero norm
     WARNING: atomic wfc #  5 for atom typeCe has zero norm
     WARNING: atomic wfc #  7 for atom typeCe has zero norm
 
     R & G space division:  proc/nbgrp/npool/nimage =       4
     Subspace diagonalization in iterative solution of the eigenvalue problem:
     a serial algorithm will be used

 
     Parallelization info
     --------------------
     sticks:   dense  smooth     PW     G-vecs:    dense   smooth      PW
     Min         433     433    124                11861    11861    1779
     Max         434     434    126                11863    11863    1781
     Sum        1735    1735    499                47447    47447    7119
 
     Using Slab Decomposition
 


     bravais-lattice index     =            2
     lattice parameter (alat)  =      10.2229  a.u.
     unit-cell volume          =     267.0920 (a.u.)^3
     number of atoms/cell      =            3
     number of atomic types    =            2
     number of electrons       =        24.00
     number of Kohn-Sham states=           12
     kinetic-energy cutoff     =     120.0000  Ry
     charge density cutoff     =     480.0000  Ry
     scf convergence threshold =      1.0E-08
     mixing beta               =       0.2000
     number of iterations used =            8  plain     mixing
     Exchange-correlation=  SLA  PW   PBX  PBC
                           (   1   4   3   4   0   0   0)

     celldm(1)=  10.222889  celldm(2)=   0.000000  celldm(3)=   0.000000
     celldm(4)=   0.000000  celldm(5)=   0.000000  celldm(6)=   0.000000

     crystal axes: (cart. coord. in units of alat)
               a(1) = (  -0.500000   0.000000   0.500000 )  
               a(2) = (   0.000000   0.500000   0.500000 )  
               a(3) = (  -0.500000   0.500000   0.000000 )  

     reciprocal axes: (cart. coord. in units 2 pi/alat)
               b(1) = ( -1.000000 -1.000000  1.000000 )  
               b(2) = (  1.000000  1.000000  1.000000 )  
               b(3) = ( -1.000000  1.000000 -1.000000 )  


     PseudoPot. # 1 for Ce read from file:
     ./pseudo/Ce.pbe-tm-semi-dc-dipaw.UPF
     MD5 check sum: 6824a9a3529fdd92587692c433c8c225
     Pseudo is Norm-conserving + core correction, Zval = 12.0
     Generated using &quot;atomic&quot; code by A. Dal Corso  v.6.2
     Using radial grid of 1667 points,  3 beta functions with: 
                l(1) =   3
                l(2) =   2
                l(3) =   1

     PseudoPot. # 2 for O  read from file:
     ./pseudo/O.pbe-tm-gipaw-dc.UPF
     MD5 check sum: cd70c9dcf1f7d755502eb127a1501eea
     Pseudo is Norm-conserving, Zval =  6.0
     Generated by new atomic code, or converted to UPF format
     Using radial grid of 1469 points,  1 beta functions with: 
                l(1) =   0

     atomic species   valence    mass     pseudopotential
     Ce               12.00   140.11600     Ce( 1.00)
     O                 6.00    15.99940     O ( 1.00)

     48 Sym. Ops., with inversion, found



   Cartesian axes

     site n.     atom                  positions (alat units)
         1        Ce     tau(   1) = (   0.0000000   0.0000000   0.0000000  )
         2        O      tau(   2) = (   0.2500000   0.2500000   0.2500000  )
         3        O      tau(   3) = (   0.7500000   0.7500000   0.7500000  )

     number of k points=     8
                       cart. coord. in units 2pi/alat
        k(    1) = (   0.0000000   0.0000000   0.0000000), wk =   0.0312500
        k(    2) = (  -0.2500000   0.2500000  -0.2500000), wk =   0.2500000
        k(    3) = (   0.5000000  -0.5000000   0.5000000), wk =   0.1250000
        k(    4) = (   0.0000000   0.5000000   0.0000000), wk =   0.1875000
        k(    5) = (   0.7500000  -0.2500000   0.7500000), wk =   0.7500000
        k(    6) = (   0.5000000   0.0000000   0.5000000), wk =   0.3750000
        k(    7) = (   0.0000000  -1.0000000   0.0000000), wk =   0.0937500
        k(    8) = (  -0.5000000  -1.0000000   0.0000000), wk =   0.1875000

     Dense  grid:    47447 G-vectors     FFT dimensions: (  54,  54,  54)

     Estimated max dynamical RAM per process >      13.44 MB

     Estimated total dynamical RAM >      53.78 MB

     Initial potential from superposition of free atoms

     starting charge      22.0000, renormalised to      24.0000
     Starting wfcs are   32 randomized atomic wfcs

     total cpu time spent up to now is        0.8 secs

     Self-consistent Calculation

     iteration #  1     ecut=   120.00 Ry     beta= 0.20
     Davidson diagonalization with overlap
     ethr =  1.00E-04,  avg # of iterations =  4.1

     total cpu time spent up to now is        1.3 secs

     total energy              =    -161.29276144 Ry
     estimated scf accuracy    <       1.45652116 Ry

     iteration #  2     ecut=   120.00 Ry     beta= 0.20
     Davidson diagonalization with overlap
     ethr =  6.07E-03,  avg # of iterations =  1.0

     total cpu time spent up to now is        1.5 secs

     total energy              =    -160.96550618 Ry
     estimated scf accuracy    <       0.60517778 Ry

     iteration #  3     ecut=   120.00 Ry     beta= 0.20
     Davidson diagonalization with overlap
     ethr =  2.52E-03,  avg # of iterations =  5.2

     total cpu time spent up to now is        2.0 secs

     total energy              =    -161.07662687 Ry
     estimated scf accuracy    <       0.17299101 Ry

     iteration #  4     ecut=   120.00 Ry     beta= 0.20
     Davidson diagonalization with overlap
     ethr =  7.21E-04,  avg # of iterations =  5.0

     total cpu time spent up to now is        2.3 secs

     total energy              =    -161.05166352 Ry
     estimated scf accuracy    <       0.38528998 Ry

     iteration #  5     ecut=   120.00 Ry     beta= 0.20
     Davidson diagonalization with overlap
     ethr =  7.21E-04,  avg # of iterations =  7.8

     total cpu time spent up to now is        2.8 secs

     total energy              =    -161.23394012 Ry
     estimated scf accuracy    <       0.43688111 Ry

     iteration #  6     ecut=   120.00 Ry     beta= 0.20
     Davidson diagonalization with overlap
     ethr =  7.21E-04,  avg # of iterations =  1.1

     total cpu time spent up to now is        3.0 secs

     total energy              =    -161.23896027 Ry
     estimated scf accuracy    <       0.50087817 Ry

     iteration #  7     ecut=   120.00 Ry     beta= 0.20
     Davidson diagonalization with overlap
     ethr =  7.21E-04,  avg # of iterations =  1.0

     total cpu time spent up to now is        3.3 secs

     total energy              =    -160.97370636 Ry
     estimated scf accuracy    <       0.52063805 Ry

     iteration #  8     ecut=   120.00 Ry     beta= 0.20
     Davidson diagonalization with overlap
     ethr =  7.21E-04,  avg # of iterations =  7.1

     total cpu time spent up to now is        3.9 secs

     total energy              =    -161.21753622 Ry
     estimated scf accuracy    <       0.26379119 Ry

     iteration #  9     ecut=   120.00 Ry     beta= 0.20
     Davidson diagonalization with overlap
     ethr =  7.21E-04,  avg # of iterations =  1.0

     total cpu time spent up to now is        4.2 secs

     total energy              =    -161.20316835 Ry
     estimated scf accuracy    <       0.21362485 Ry

     iteration # 10     ecut=   120.00 Ry     beta= 0.20
     Davidson diagonalization with overlap
     ethr =  7.21E-04,  avg # of iterations =  1.0

     total cpu time spent up to now is        4.5 secs

     total energy              =    -161.25282249 Ry
     estimated scf accuracy    <       0.17379078 Ry

     iteration # 11     ecut=   120.00 Ry     beta= 0.20
     Davidson diagonalization with overlap
     ethr =  7.21E-04,  avg # of iterations =  1.0

     total cpu time spent up to now is        4.7 secs

     total energy              =    -161.14731663 Ry
     estimated scf accuracy    <       0.28547089 Ry

     iteration # 12     ecut=   120.00 Ry     beta= 0.20
     Davidson diagonalization with overlap
     ethr =  7.21E-04,  avg # of iterations =  2.0

     total cpu time spent up to now is        5.0 secs

     total energy              =    -161.20893901 Ry
     estimated scf accuracy    <       0.08510496 Ry

     iteration # 13     ecut=   120.00 Ry     beta= 0.20
     Davidson diagonalization with overlap
     ethr =  3.55E-04,  avg # of iterations =  1.1

     total cpu time spent up to now is        5.3 secs

     total energy              =    -161.20904569 Ry
     estimated scf accuracy    <       0.16710853 Ry

     iteration # 14     ecut=   120.00 Ry     beta= 0.20
     Davidson diagonalization with overlap
     ethr =  3.55E-04,  avg # of iterations =  1.0

     total cpu time spent up to now is        5.5 secs

     total energy              =    -161.08541779 Ry
     estimated scf accuracy    <       0.16473492 Ry

     iteration # 15     ecut=   120.00 Ry     beta= 0.20
     Davidson diagonalization with overlap
     c_bands:  2 eigenvalues not converged
     ethr =  3.55E-04,  avg # of iterations = 13.2

     total cpu time spent up to now is        6.2 secs

     total energy              =    -161.21605217 Ry
     estimated scf accuracy    <       3.35506446 Ry

     iteration # 16     ecut=   120.00 Ry     beta= 0.20
     Davidson diagonalization with overlap
     ethr =  3.55E-04,  avg # of iterations =  6.0

     total cpu time spent up to now is        6.6 secs

     total energy              =    -161.15797881 Ry
     estimated scf accuracy    <       1.23499881 Ry

     iteration # 17     ecut=   120.00 Ry     beta= 0.20
     Davidson diagonalization with overlap
     ethr =  3.55E-04,  avg # of iterations =  6.2

     total cpu time spent up to now is        7.0 secs

     total energy              =    -161.17685329 Ry
     estimated scf accuracy    <       0.31869039 Ry

     iteration # 18     ecut=   120.00 Ry     beta= 0.20
     Davidson diagonalization with overlap
     ethr =  3.55E-04,  avg # of iterations =  2.0

     total cpu time spent up to now is        7.3 secs

     total energy              =    -161.18528217 Ry
     estimated scf accuracy    <       0.20444090 Ry

     iteration # 19     ecut=   120.00 Ry     beta= 0.20
     Davidson diagonalization with overlap
     ethr =  3.55E-04,  avg # of iterations =  1.0

     total cpu time spent up to now is        7.5 secs

     total energy              =    -161.20228521 Ry
     estimated scf accuracy    <       0.20051402 Ry

     iteration # 20     ecut=   120.00 Ry     beta= 0.20
     Davidson diagonalization with overlap
     ethr =  3.55E-04,  avg # of iterations =  1.0

     total cpu time spent up to now is        7.8 secs

     total energy              =    -161.14155506 Ry
     estimated scf accuracy    <       0.22909122 Ry

     iteration # 21     ecut=   120.00 Ry     beta= 0.20
     Davidson diagonalization with overlap
     ethr =  3.55E-04,  avg # of iterations =  6.0

     total cpu time spent up to now is        8.2 secs

     total energy              =    -161.16354173 Ry
     estimated scf accuracy    <       0.00818251 Ry

     iteration # 22     ecut=   120.00 Ry     beta= 0.20
     Davidson diagonalization with overlap
     ethr =  3.41E-05,  avg # of iterations = 12.0

     total cpu time spent up to now is        8.8 secs

     total energy              =    -161.17797308 Ry
     estimated scf accuracy    <       0.16861252 Ry

     iteration # 23     ecut=   120.00 Ry     beta= 0.20
     Davidson diagonalization with overlap
     ethr =  3.41E-05,  avg # of iterations =  7.0

     total cpu time spent up to now is        9.3 secs

     total energy              =    -161.18154635 Ry
     estimated scf accuracy    <       0.04962381 Ry

     iteration # 24     ecut=   120.00 Ry     beta= 0.20
     Davidson diagonalization with overlap
     ethr =  3.41E-05,  avg # of iterations =  1.5

     total cpu time spent up to now is        9.6 secs

     total energy              =    -161.18124189 Ry
     estimated scf accuracy    <       0.04165652 Ry

     iteration # 25     ecut=   120.00 Ry     beta= 0.20
     Davidson diagonalization with overlap
     ethr =  3.41E-05,  avg # of iterations =  1.0

     total cpu time spent up to now is        9.9 secs

     total energy              =    -161.18382775 Ry
     estimated scf accuracy    <       0.03958862 Ry

     iteration # 26     ecut=   120.00 Ry     beta= 0.20
     Davidson diagonalization with overlap
     ethr =  3.41E-05,  avg # of iterations =  1.0

     total cpu time spent up to now is       10.1 secs

     total energy              =    -161.18031529 Ry
     estimated scf accuracy    <       0.04322511 Ry

     iteration # 27     ecut=   120.00 Ry     beta= 0.20
     Davidson diagonalization with overlap
     ethr =  3.41E-05,  avg # of iterations =  1.1

     total cpu time spent up to now is       10.4 secs

     total energy              =    -161.18068911 Ry
     estimated scf accuracy    <       0.03329815 Ry

     iteration # 28     ecut=   120.00 Ry     beta= 0.20
     Davidson diagonalization with overlap
     ethr =  3.41E-05,  avg # of iterations =  1.0

     total cpu time spent up to now is       10.7 secs

     total energy              =    -161.17442064 Ry
     estimated scf accuracy    <       0.03329509 Ry

     iteration # 29     ecut=   120.00 Ry     beta= 0.20
     Davidson diagonalization with overlap
     ethr =  3.41E-05,  avg # of iterations =  6.2

     total cpu time spent up to now is       11.0 secs

     total energy              =    -161.17502372 Ry
     estimated scf accuracy    <       0.00476289 Ry

     iteration # 30     ecut=   120.00 Ry     beta= 0.20
     Davidson diagonalization with overlap
     ethr =  1.98E-05,  avg # of iterations =  7.8

     total cpu time spent up to now is       11.5 secs

     total energy              =    -161.17843758 Ry
     estimated scf accuracy    <       0.00958561 Ry

     iteration # 31     ecut=   120.00 Ry     beta= 0.20
     Davidson diagonalization with overlap
     ethr =  1.98E-05,  avg # of iterations =  1.1

     total cpu time spent up to now is       11.8 secs

     total energy              =    -161.18375374 Ry
     estimated scf accuracy    <       0.00556634 Ry

     iteration # 32     ecut=   120.00 Ry     beta= 0.20
     Davidson diagonalization with overlap
     ethr =  1.98E-05,  avg # of iterations =  8.2

     total cpu time spent up to now is       12.2 secs

     total energy              =    -161.17528372 Ry
     estimated scf accuracy    <       0.06073110 Ry

     iteration # 33     ecut=   120.00 Ry     beta= 0.20
     Davidson diagonalization with overlap
     ethr =  1.98E-05,  avg # of iterations =  7.8

     total cpu time spent up to now is       12.7 secs

     total energy              =    -161.17523365 Ry
     estimated scf accuracy    <       0.01030736 Ry

     iteration # 34     ecut=   120.00 Ry     beta= 0.20
     Davidson diagonalization with overlap
     ethr =  1.98E-05,  avg # of iterations =  7.5

     total cpu time spent up to now is       13.2 secs

     total energy              =    -161.17709356 Ry
     estimated scf accuracy    <       0.00561757 Ry

     iteration # 35     ecut=   120.00 Ry     beta= 0.20
     Davidson diagonalization with overlap
     ethr =  1.98E-05,  avg # of iterations =  5.5

     total cpu time spent up to now is       13.5 secs

     total energy              =    -161.17854543 Ry
     estimated scf accuracy    <       0.00049602 Ry

     iteration # 36     ecut=   120.00 Ry     beta= 0.20
     Davidson diagonalization with overlap
     ethr =  2.07E-06,  avg # of iterations =  7.5

     total cpu time spent up to now is       13.9 secs

     total energy              =    -161.18162352 Ry
     estimated scf accuracy    <       0.00261954 Ry

     iteration # 37     ecut=   120.00 Ry     beta= 0.20
     Davidson diagonalization with overlap
     ethr =  2.07E-06,  avg # of iterations = 12.6

     total cpu time spent up to now is       14.6 secs

     total energy              =    -161.17857323 Ry
     estimated scf accuracy    <       0.04583872 Ry

     iteration # 38     ecut=   120.00 Ry     beta= 0.20
     Davidson diagonalization with overlap
     ethr =  2.07E-06,  avg # of iterations =  9.1

     total cpu time spent up to now is       15.1 secs

     total energy              =    -161.17860519 Ry
     estimated scf accuracy    <       0.01209319 Ry

     iteration # 39     ecut=   120.00 Ry     beta= 0.20
     Davidson diagonalization with overlap
     ethr =  2.07E-06,  avg # of iterations =  8.0

     total cpu time spent up to now is       15.6 secs

     total energy              =    -161.17896941 Ry
     estimated scf accuracy    <       0.00444228 Ry

     iteration # 40     ecut=   120.00 Ry     beta= 0.20
     Davidson diagonalization with overlap
     ethr =  2.07E-06,  avg # of iterations =  1.0

     total cpu time spent up to now is       15.8 secs

     total energy              =    -161.17854807 Ry
     estimated scf accuracy    <       0.00441505 Ry

     iteration # 41     ecut=   120.00 Ry     beta= 0.20
     Davidson diagonalization with overlap
     ethr =  2.07E-06,  avg # of iterations =  5.4

     total cpu time spent up to now is       16.2 secs

     total energy              =    -161.17781213 Ry
     estimated scf accuracy    <       0.00252244 Ry

     iteration # 42     ecut=   120.00 Ry     beta= 0.20
     Davidson diagonalization with overlap
     ethr =  2.07E-06,  avg # of iterations =  8.4

     total cpu time spent up to now is       16.8 secs

     total energy              =    -161.17882225 Ry
     estimated scf accuracy    <       0.00042137 Ry

     iteration # 43     ecut=   120.00 Ry     beta= 0.20
     Davidson diagonalization with overlap
     ethr =  1.76E-06,  avg # of iterations =  3.5

     total cpu time spent up to now is       17.1 secs

     total energy              =    -161.17863370 Ry
     estimated scf accuracy    <       0.00159402 Ry

     iteration # 44     ecut=   120.00 Ry     beta= 0.20
     Davidson diagonalization with overlap
     ethr =  1.76E-06,  avg # of iterations =  1.4

     total cpu time spent up to now is       17.3 secs

     total energy              =    -161.17863370 Ry
     estimated scf accuracy    <       0.00098959 Ry

     iteration # 45     ecut=   120.00 Ry     beta= 0.20
     Davidson diagonalization with overlap
     ethr =  1.76E-06,  avg # of iterations =  1.0

     total cpu time spent up to now is       17.6 secs

     total energy              =    -161.17857400 Ry
     estimated scf accuracy    <       0.00089217 Ry

     iteration # 46     ecut=   120.00 Ry     beta= 0.20
     Davidson diagonalization with overlap
     ethr =  1.76E-06,  avg # of iterations =  1.0

     total cpu time spent up to now is       17.9 secs

     total energy              =    -161.17865350 Ry
     estimated scf accuracy    <       0.00071549 Ry

     iteration # 47     ecut=   120.00 Ry     beta= 0.20
     Davidson diagonalization with overlap
     ethr =  1.76E-06,  avg # of iterations =  1.0

     total cpu time spent up to now is       18.2 secs

     total energy              =    -161.17848677 Ry
     estimated scf accuracy    <       0.00082453 Ry

     iteration # 48     ecut=   120.00 Ry     beta= 0.20
     Davidson diagonalization with overlap
     ethr =  1.76E-06,  avg # of iterations =  3.9

     total cpu time spent up to now is       18.5 secs

     total energy              =    -161.17854301 Ry
     estimated scf accuracy    <       0.00011551 Ry

     iteration # 49     ecut=   120.00 Ry     beta= 0.20
     Davidson diagonalization with overlap
     ethr =  4.81E-07,  avg # of iterations =  5.9

     total cpu time spent up to now is       18.9 secs

     total energy              =    -161.17859284 Ry
     estimated scf accuracy    <       0.00000660 Ry

     iteration # 50     ecut=   120.00 Ry     beta= 0.20
     Davidson diagonalization with overlap
     ethr =  2.75E-08,  avg # of iterations = 10.9

     total cpu time spent up to now is       19.5 secs

     total energy              =    -161.17858904 Ry
     estimated scf accuracy    <       0.00007247 Ry

     iteration # 51     ecut=   120.00 Ry     beta= 0.20
     Davidson diagonalization with overlap
     ethr =  2.75E-08,  avg # of iterations =  8.5

     total cpu time spent up to now is       20.1 secs

     total energy              =    -161.17860092 Ry
     estimated scf accuracy    <       0.00000022 Ry

     iteration # 52     ecut=   120.00 Ry     beta= 0.20
     Davidson diagonalization with overlap
     ethr =  9.00E-10,  avg # of iterations = 10.9

     total cpu time spent up to now is       20.7 secs

     total energy              =    -161.17860005 Ry
     estimated scf accuracy    <       0.00000472 Ry

     iteration # 53     ecut=   120.00 Ry     beta= 0.20
     Davidson diagonalization with overlap
     ethr =  9.00E-10,  avg # of iterations = 12.0

     total cpu time spent up to now is       21.4 secs

     total energy              =    -161.17860139 Ry
     estimated scf accuracy    <       0.00000072 Ry

     iteration # 54     ecut=   120.00 Ry     beta= 0.20
     Davidson diagonalization with overlap
     ethr =  9.00E-10,  avg # of iterations =  3.6

     total cpu time spent up to now is       21.7 secs

     total energy              =    -161.17860132 Ry
     estimated scf accuracy    <       0.00000114 Ry

     iteration # 55     ecut=   120.00 Ry     beta= 0.20
     Davidson diagonalization with overlap
     ethr =  9.00E-10,  avg # of iterations =  1.0

     total cpu time spent up to now is       21.9 secs

     total energy              =    -161.17860127 Ry
     estimated scf accuracy    <       0.00000099 Ry

     iteration # 56     ecut=   120.00 Ry     beta= 0.20
     Davidson diagonalization with overlap
     ethr =  9.00E-10,  avg # of iterations =  1.0

     total cpu time spent up to now is       22.2 secs

     total energy              =    -161.17860107 Ry
     estimated scf accuracy    <       0.00000088 Ry

     iteration # 57     ecut=   120.00 Ry     beta= 0.20
     Davidson diagonalization with overlap
     ethr =  9.00E-10,  avg # of iterations =  6.1

     total cpu time spent up to now is       22.6 secs

     total energy              =    -161.17860109 Ry
     estimated scf accuracy    <       0.00000013 Ry

     iteration # 58     ecut=   120.00 Ry     beta= 0.20
     Davidson diagonalization with overlap
     ethr =  5.59E-10,  avg # of iterations =  6.5

     total cpu time spent up to now is       23.0 secs

     total energy              =    -161.17860115 Ry
     estimated scf accuracy    <       0.00000001 Ry

     iteration # 59     ecut=   120.00 Ry     beta= 0.20
     Davidson diagonalization with overlap
     ethr =  4.38E-11,  avg # of iterations =  7.4

     total cpu time spent up to now is       23.5 secs

     total energy              =    -161.17860116 Ry
     estimated scf accuracy    <       0.00000003 Ry

     iteration # 60     ecut=   120.00 Ry     beta= 0.20
     Davidson diagonalization with overlap
     ethr =  4.38E-11,  avg # of iterations =  2.8

     total cpu time spent up to now is       23.8 secs

     total energy              =    -161.17860116 Ry
     estimated scf accuracy    <       0.00000004 Ry

     iteration # 61     ecut=   120.00 Ry     beta= 0.20
     Davidson diagonalization with overlap
     ethr =  4.38E-11,  avg # of iterations =  1.0

     total cpu time spent up to now is       24.0 secs

     total energy              =    -161.17860120 Ry
     estimated scf accuracy    <       0.00000004 Ry

     iteration # 62     ecut=   120.00 Ry     beta= 0.20
     Davidson diagonalization with overlap
     ethr =  4.38E-11,  avg # of iterations = 10.6

     total cpu time spent up to now is       24.6 secs

     total energy              =    -161.17860121 Ry
     estimated scf accuracy    <       0.00000045 Ry

     iteration # 63     ecut=   120.00 Ry     beta= 0.20
     Davidson diagonalization with overlap
     ethr =  4.38E-11,  avg # of iterations =  1.0

     total cpu time spent up to now is       24.8 secs

     total energy              =    -161.17860122 Ry
     estimated scf accuracy    <       0.00000042 Ry

     iteration # 64     ecut=   120.00 Ry     beta= 0.20
     Davidson diagonalization with overlap
     ethr =  4.38E-11,  avg # of iterations =  1.0

     total cpu time spent up to now is       25.1 secs

     total energy              =    -161.17860118 Ry
     estimated scf accuracy    <       0.00000043 Ry

     iteration # 65     ecut=   120.00 Ry     beta= 0.20
     Davidson diagonalization with overlap
     ethr =  4.38E-11,  avg # of iterations =  7.2

     total cpu time spent up to now is       25.5 secs

     total energy              =    -161.17860117 Ry
     estimated scf accuracy    <       0.00000027 Ry

     iteration # 66     ecut=   120.00 Ry     beta= 0.20
     Davidson diagonalization with overlap
     ethr =  4.38E-11,  avg # of iterations =  3.5

     total cpu time spent up to now is       25.8 secs

     total energy              =    -161.17860116 Ry
     estimated scf accuracy    <       0.00000022 Ry

     iteration # 67     ecut=   120.00 Ry     beta= 0.20
     Davidson diagonalization with overlap
     ethr =  4.38E-11,  avg # of iterations =  6.4

     total cpu time spent up to now is       26.2 secs

     total energy              =    -161.17860114 Ry
     estimated scf accuracy    <       0.00000011 Ry

     iteration # 68     ecut=   120.00 Ry     beta= 0.20
     Davidson diagonalization with overlap
     ethr =  4.38E-11,  avg # of iterations =  8.5

     total cpu time spent up to now is       26.9 secs

     End of self-consistent calculation

          k = 0.0000 0.0000 0.0000 (  5961 PWs)   bands (ev):

   -21.4751  -5.1127  -4.1301  -3.5935  -3.5935  -3.5935   7.2711   7.2711
     7.2711  10.5867  10.5867  10.5867

          k =-0.2500 0.2500-0.2500 (  5952 PWs)   bands (ev):

   -21.3726  -6.5202  -4.5755  -3.7163  -3.7163  -2.0402   7.7530   7.7530
     8.6044  10.1694  10.4099  10.4099

          k = 0.5000-0.5000 0.5000 (  5936 PWs)   bands (ev):

   -21.2663  -7.3396  -4.9606  -3.8327  -3.8327  -1.0294   8.1533   8.1533
     9.8969   9.9355  10.3907  10.3907

          k = 0.0000 0.5000 0.0000 (  5942 PWs)   bands (ev):

   -21.3384  -6.7753  -4.5442  -3.9041  -3.9041  -1.6237   8.2172   8.2172
     8.7038   8.8105  10.9156  10.9156

          k = 0.7500-0.2500 0.7500 (  5924 PWs)   bands (ev):

   -21.2316  -7.2127  -5.9579  -4.0162  -2.8306  -1.1766   8.1715   8.9285
     9.0839  10.1167  10.4785  10.8739

          k = 0.5000 0.0000 0.5000 (  5933 PWs)   bands (ev):

   -21.2672  -6.8730  -6.1156  -3.8365  -2.3550  -1.8798   8.4597   8.5598
     9.2242   9.6966   9.8595  11.1881

          k = 0.0000-1.0000 0.0000 (  5914 PWs)   bands (ev):

   -21.1961  -7.6662  -4.9069  -4.1884  -4.1884  -0.3406   7.1913   9.9742
     9.9742  10.3627  10.3627  10.5784

          k =-0.5000-1.0000 0.0000 (  5940 PWs)   bands (ev):

   -21.1958  -6.8413  -6.8413  -4.2157  -1.7252  -1.7252   8.2008   8.8564
    10.1064  10.1064  10.4642  10.4886

     highest occupied level (ev):    11.1881

!    total energy              =    -161.17860115 Ry
     estimated scf accuracy    <          1.3E-09 Ry

     The total energy is the sum of the following terms:
     one-electron contribution =     -12.49227467 Ry
     hartree contribution      =      24.01940775 Ry
     xc contribution           =     -45.56471551 Ry
     ewald contribution        =    -127.14101872 Ry

     convergence has been achieved in  68 iterations

     Forces acting on atoms (cartesian axes, Ry/au):

     atom    1 type  1   force =    -0.00000000   -0.00000000   -0.00000000
     atom    2 type  2   force =    -0.00000000   -0.00000000   -0.00000000
     atom    3 type  2   force =     0.00000000    0.00000000   -0.00000000

     Total force =     0.000000     Total SCF correction =     0.000000


     Computing stress (Cartesian axis) and pressure

          total   stress  (Ry/bohr**3)                   (kbar)     P=       58.38
   0.00039684   0.00000000   0.00000000           58.38        0.00        0.00
   0.00000000   0.00039684  -0.00000000            0.00       58.38       -0.00
   0.00000000  -0.00000000   0.00039684            0.00       -0.00       58.38


     Writing all to output data dir /tmp/ceresoli/ceo2.save/ :
     XML data file, charge density, pseudopotentials, collected wavefunctions
 
     init_run     :      0.53s CPU      0.68s WALL (       1 calls)
     electrons    :     24.04s CPU     26.04s WALL (       1 calls)
     forces       :      0.02s CPU      0.03s WALL (       1 calls)
     stress       :      0.13s CPU      0.14s WALL (       1 calls)

     Called by init_run:
     wfcinit      :      0.25s CPU      0.28s WALL (       1 calls)
     potinit      :      0.03s CPU      0.05s WALL (       1 calls)
     hinit0       :      0.13s CPU      0.23s WALL (       1 calls)

     Called by electrons:
     c_bands      :     19.73s CPU     21.20s WALL (      68 calls)
     sum_band     :      3.17s CPU      3.40s WALL (      68 calls)
     v_of_rho     :      0.91s CPU      1.20s WALL (      69 calls)
     mix_rho      :      0.21s CPU      0.23s WALL (      68 calls)

     Called by c_bands:
     init_us_2    :      0.41s CPU      0.44s WALL (    1112 calls)
     cegterg      :     18.63s CPU     20.00s WALL (     544 calls)

     Called by *egterg:
     cdiaghg      :      0.46s CPU      0.50s WALL (    3130 calls)
     h_psi        :     16.85s CPU     18.08s WALL (    3138 calls)
     g_psi        :      0.07s CPU      0.09s WALL (    2586 calls)

     Called by h_psi:
     h_psi:calbec :      0.29s CPU      0.31s WALL (    3138 calls)
     vloc_psi     :     16.27s CPU     17.46s WALL (    3138 calls)
                                        0.00s GPU  (    3138 calls)
     add_vuspsi   :      0.23s CPU      0.26s WALL (    3138 calls)

     General routines
     calbec       :      0.29s CPU      0.32s WALL (    3274 calls)
     fft          :      0.43s CPU      0.58s WALL (     714 calls)
     ffts         :      0.04s CPU      0.04s WALL (      68 calls)
     fftw         :     17.67s CPU     18.96s WALL (   47194 calls)
 
     Parallel routines
 
     PWSCF        :     24.85s CPU     27.09s WALL

 
   This run was terminated on:  14: 3: 8   3Sep2025            

=------------------------------------------------------------------------------=
   JOB DONE.
=------------------------------------------------------------------------------=
