
     Program PWSCF v.7.0 starts on 12Jan2022 at 12:17: 2 

     This program is part of the open-source Quantum ESPRESSO suite
     for quantum simulation of materials; please cite
         "P. Giannozzi et al., J. Phys.:Condens. Matter 21 395502 (2009);
         "P. Giannozzi et al., J. Phys.:Condens. Matter 29 465901 (2017);
         "P. Giannozzi et al., J. Chem. Phys. 152 154105 (2020);
          URL http://www.quantum-espresso.org", 
     in publications or presentations arising from this work. More details at
     http://www.quantum-espresso.org/quote

     Parallel version (MPI), running on     4 processors

     MPI processes distributed on     1 nodes
     R & G space division:  proc/nbgrp/npool/nimage =       4
     2541 MiB available memory on the printing compute node when the environment starts
 
     Waiting for input...
     Reading input from standard input

     Current dimensions of program PWSCF are:
     Max number of different atomic species (ntypx) = 10
     Max number of k-points (npk) =  40000
     Max angular momentum in pseudopotentials (lmaxx) =  4
     WARNING: atomic wfc #  2 for atom typeCe has zero norm
     WARNING: atomic wfc #  5 for atom typeCe has zero norm
     WARNING: atomic wfc #  7 for atom typeCe has zero norm

     Subspace diagonalization in iterative solution of the eigenvalue problem:
     one sub-group per band group will be used
     scalapack distributed-memory algorithm (size of sub-group:  2*  2 procs)

 
     Parallelization info
     --------------------
     sticks:   dense  smooth     PW     G-vecs:    dense   smooth      PW
     Min         433     433    124                11861    11861    1779
     Max         434     434    126                11863    11863    1781
     Sum        1735    1735    499                47447    47447    7119
 
     Using Slab Decomposition
 


     bravais-lattice index     =            2
     lattice parameter (alat)  =      10.2229  a.u.
     unit-cell volume          =     267.0920 (a.u.)^3
     number of atoms/cell      =            3
     number of atomic types    =            2
     number of electrons       =        24.00
     number of Kohn-Sham states=           12
     kinetic-energy cutoff     =     120.0000  Ry
     charge density cutoff     =     480.0000  Ry
     scf convergence threshold =      1.0E-08
     mixing beta               =       0.2000
     number of iterations used =            8  plain     mixing
     Exchange-correlation=  SLA  PW   PBX  PBC
                           (   1   4   3   4   0   0   0)

     celldm(1)=  10.222889  celldm(2)=   0.000000  celldm(3)=   0.000000
     celldm(4)=   0.000000  celldm(5)=   0.000000  celldm(6)=   0.000000

     crystal axes: (cart. coord. in units of alat)
               a(1) = (  -0.500000   0.000000   0.500000 )  
               a(2) = (   0.000000   0.500000   0.500000 )  
               a(3) = (  -0.500000   0.500000   0.000000 )  

     reciprocal axes: (cart. coord. in units 2 pi/alat)
               b(1) = ( -1.000000 -1.000000  1.000000 )  
               b(2) = (  1.000000  1.000000  1.000000 )  
               b(3) = ( -1.000000  1.000000 -1.000000 )  


     PseudoPot. # 1 for Ce read from file:
     ./pseudo/Ce.pbe-tm-semi-dc-dipaw.UPF
     MD5 check sum: 6824a9a3529fdd92587692c433c8c225
     Pseudo is Norm-conserving + core correction, Zval = 12.0
     Generated using &quot;atomic&quot; code by A. Dal Corso  v.6.2
     Using radial grid of 1667 points,  3 beta functions with: 
                l(1) =   3
                l(2) =   2
                l(3) =   1

     PseudoPot. # 2 for O  read from file:
     ./pseudo/O.pbe-tm-gipaw-dc.UPF
     MD5 check sum: cd70c9dcf1f7d755502eb127a1501eea
     Pseudo is Norm-conserving, Zval =  6.0
     Generated by new atomic code, or converted to UPF format
     Using radial grid of 1469 points,  1 beta functions with: 
                l(1) =   0

     atomic species   valence    mass     pseudopotential
        Ce            12.00   140.11600     Ce( 1.00)
        O              6.00    15.99940     O ( 1.00)

     48 Sym. Ops., with inversion, found



   Cartesian axes

     site n.     atom                  positions (alat units)
         1           Ce  tau(   1) = (   0.0000000   0.0000000   0.0000000  )
         2           O   tau(   2) = (   0.2500000   0.2500000   0.2500000  )
         3           O   tau(   3) = (   0.7500000   0.7500000   0.7500000  )

     number of k points=     8
                       cart. coord. in units 2pi/alat
        k(    1) = (   0.0000000   0.0000000   0.0000000), wk =   0.0312500
        k(    2) = (  -0.2500000   0.2500000  -0.2500000), wk =   0.2500000
        k(    3) = (   0.5000000  -0.5000000   0.5000000), wk =   0.1250000
        k(    4) = (   0.0000000   0.5000000   0.0000000), wk =   0.1875000
        k(    5) = (   0.7500000  -0.2500000   0.7500000), wk =   0.7500000
        k(    6) = (   0.5000000   0.0000000   0.5000000), wk =   0.3750000
        k(    7) = (   0.0000000  -1.0000000   0.0000000), wk =   0.0937500
        k(    8) = (  -0.5000000  -1.0000000   0.0000000), wk =   0.1875000

     Dense  grid:    47447 G-vectors     FFT dimensions: (  54,  54,  54)

     Estimated max dynamical RAM per process >      13.80 MB

     Estimated total dynamical RAM >      55.20 MB

     Initial potential from superposition of free atoms

     starting charge      22.0000, renormalised to      24.0000
     Starting wfcs are   32 randomized atomic wfcs

     total cpu time spent up to now is        0.3 secs

     Self-consistent Calculation

     iteration #  1     ecut=   120.00 Ry     beta= 0.20
     Davidson diagonalization with overlap
     ethr =  1.00E-04,  avg # of iterations =  4.1

     total cpu time spent up to now is        0.6 secs

     total energy              =    -161.29276144 Ry
     estimated scf accuracy    <       1.45652117 Ry

     iteration #  2     ecut=   120.00 Ry     beta= 0.20
     Davidson diagonalization with overlap
     ethr =  6.07E-03,  avg # of iterations =  1.0

     total cpu time spent up to now is        0.7 secs

     total energy              =    -160.96550618 Ry
     estimated scf accuracy    <       0.60517779 Ry

     iteration #  3     ecut=   120.00 Ry     beta= 0.20
     Davidson diagonalization with overlap
     ethr =  2.52E-03,  avg # of iterations =  5.2

     total cpu time spent up to now is        0.9 secs

     total energy              =    -161.07662687 Ry
     estimated scf accuracy    <       0.17299101 Ry

     iteration #  4     ecut=   120.00 Ry     beta= 0.20
     Davidson diagonalization with overlap
     ethr =  7.21E-04,  avg # of iterations =  5.0

     total cpu time spent up to now is        1.2 secs

     total energy              =    -161.05166352 Ry
     estimated scf accuracy    <       0.38528998 Ry

     iteration #  5     ecut=   120.00 Ry     beta= 0.20
     Davidson diagonalization with overlap
     ethr =  7.21E-04,  avg # of iterations =  7.8

     total cpu time spent up to now is        1.4 secs

     total energy              =    -161.23394012 Ry
     estimated scf accuracy    <       0.43688111 Ry

     iteration #  6     ecut=   120.00 Ry     beta= 0.20
     Davidson diagonalization with overlap
     ethr =  7.21E-04,  avg # of iterations =  1.1

     total cpu time spent up to now is        1.6 secs

     total energy              =    -161.23896028 Ry
     estimated scf accuracy    <       0.50087817 Ry

     iteration #  7     ecut=   120.00 Ry     beta= 0.20
     Davidson diagonalization with overlap
     ethr =  7.21E-04,  avg # of iterations =  1.0

     total cpu time spent up to now is        1.7 secs

     total energy              =    -160.97370637 Ry
     estimated scf accuracy    <       0.52063805 Ry

     iteration #  8     ecut=   120.00 Ry     beta= 0.20
     Davidson diagonalization with overlap
     ethr =  7.21E-04,  avg # of iterations =  7.1

     total cpu time spent up to now is        2.0 secs

     total energy              =    -161.21753622 Ry
     estimated scf accuracy    <       0.26379115 Ry

     iteration #  9     ecut=   120.00 Ry     beta= 0.20
     Davidson diagonalization with overlap
     ethr =  7.21E-04,  avg # of iterations =  1.0

     total cpu time spent up to now is        2.1 secs

     total energy              =    -161.20316835 Ry
     estimated scf accuracy    <       0.21362484 Ry

     iteration # 10     ecut=   120.00 Ry     beta= 0.20
     Davidson diagonalization with overlap
     ethr =  7.21E-04,  avg # of iterations =  1.0

     total cpu time spent up to now is        2.2 secs

     total energy              =    -161.25282248 Ry
     estimated scf accuracy    <       0.17379075 Ry

     iteration # 11     ecut=   120.00 Ry     beta= 0.20
     Davidson diagonalization with overlap
     ethr =  7.21E-04,  avg # of iterations =  1.0

     total cpu time spent up to now is        2.4 secs

     total energy              =    -161.14731654 Ry
     estimated scf accuracy    <       0.28547085 Ry

     iteration # 12     ecut=   120.00 Ry     beta= 0.20
     Davidson diagonalization with overlap
     ethr =  7.21E-04,  avg # of iterations =  2.0

     total cpu time spent up to now is        2.5 secs

     total energy              =    -161.20893907 Ry
     estimated scf accuracy    <       0.08510477 Ry

     iteration # 13     ecut=   120.00 Ry     beta= 0.20
     Davidson diagonalization with overlap
     ethr =  3.55E-04,  avg # of iterations =  1.1

     total cpu time spent up to now is        2.7 secs

     total energy              =    -161.20904589 Ry
     estimated scf accuracy    <       0.16710859 Ry

     iteration # 14     ecut=   120.00 Ry     beta= 0.20
     Davidson diagonalization with overlap
     ethr =  3.55E-04,  avg # of iterations =  1.0

     total cpu time spent up to now is        2.8 secs

     total energy              =    -161.08541801 Ry
     estimated scf accuracy    <       0.16473526 Ry

     iteration # 15     ecut=   120.00 Ry     beta= 0.20
     Davidson diagonalization with overlap
     c_bands:  2 eigenvalues not converged
     ethr =  3.55E-04,  avg # of iterations = 13.2

     total cpu time spent up to now is        3.2 secs

     total energy              =    -161.21604874 Ry
     estimated scf accuracy    <       3.35498865 Ry

     iteration # 16     ecut=   120.00 Ry     beta= 0.20
     Davidson diagonalization with overlap
     ethr =  3.55E-04,  avg # of iterations =  6.0

     total cpu time spent up to now is        3.4 secs

     total energy              =    -161.15797914 Ry
     estimated scf accuracy    <       1.23494597 Ry

     iteration # 17     ecut=   120.00 Ry     beta= 0.20
     Davidson diagonalization with overlap
     ethr =  3.55E-04,  avg # of iterations =  6.2

     total cpu time spent up to now is        3.6 secs

     total energy              =    -161.17685352 Ry
     estimated scf accuracy    <       0.31867561 Ry

     iteration # 18     ecut=   120.00 Ry     beta= 0.20
     Davidson diagonalization with overlap
     ethr =  3.55E-04,  avg # of iterations =  2.0

     total cpu time spent up to now is        3.8 secs

     total energy              =    -161.18528231 Ry
     estimated scf accuracy    <       0.20443276 Ry

     iteration # 19     ecut=   120.00 Ry     beta= 0.20
     Davidson diagonalization with overlap
     ethr =  3.55E-04,  avg # of iterations =  1.0

     total cpu time spent up to now is        3.9 secs

     total energy              =    -161.20227677 Ry
     estimated scf accuracy    <       0.20050676 Ry

     iteration # 20     ecut=   120.00 Ry     beta= 0.20
     Davidson diagonalization with overlap
     ethr =  3.55E-04,  avg # of iterations =  1.0

     total cpu time spent up to now is        4.1 secs

     total energy              =    -161.14156171 Ry
     estimated scf accuracy    <       0.22906335 Ry

     iteration # 21     ecut=   120.00 Ry     beta= 0.20
     Davidson diagonalization with overlap
     ethr =  3.55E-04,  avg # of iterations =  6.0

     total cpu time spent up to now is        4.3 secs

     total energy              =    -161.16354039 Ry
     estimated scf accuracy    <       0.00818548 Ry

     iteration # 22     ecut=   120.00 Ry     beta= 0.20
     Davidson diagonalization with overlap
     ethr =  3.41E-05,  avg # of iterations = 12.0

     total cpu time spent up to now is        4.6 secs

     total energy              =    -161.17797481 Ry
     estimated scf accuracy    <       0.16860986 Ry

     iteration # 23     ecut=   120.00 Ry     beta= 0.20
     Davidson diagonalization with overlap
     ethr =  3.41E-05,  avg # of iterations =  7.0

     total cpu time spent up to now is        4.9 secs

     total energy              =    -161.18154658 Ry
     estimated scf accuracy    <       0.04962819 Ry

     iteration # 24     ecut=   120.00 Ry     beta= 0.20
     Davidson diagonalization with overlap
     ethr =  3.41E-05,  avg # of iterations =  1.5

     total cpu time spent up to now is        5.0 secs

     total energy              =    -161.18124128 Ry
     estimated scf accuracy    <       0.04165926 Ry

     iteration # 25     ecut=   120.00 Ry     beta= 0.20
     Davidson diagonalization with overlap
     ethr =  3.41E-05,  avg # of iterations =  1.0

     total cpu time spent up to now is        5.2 secs

     total energy              =    -161.18382956 Ry
     estimated scf accuracy    <       0.03958962 Ry

     iteration # 26     ecut=   120.00 Ry     beta= 0.20
     Davidson diagonalization with overlap
     ethr =  3.41E-05,  avg # of iterations =  1.0

     total cpu time spent up to now is        5.3 secs

     total energy              =    -161.18031440 Ry
     estimated scf accuracy    <       0.04323043 Ry

     iteration # 27     ecut=   120.00 Ry     beta= 0.20
     Davidson diagonalization with overlap
     ethr =  3.41E-05,  avg # of iterations =  1.1

     total cpu time spent up to now is        5.5 secs

     total energy              =    -161.18068821 Ry
     estimated scf accuracy    <       0.03329701 Ry

     iteration # 28     ecut=   120.00 Ry     beta= 0.20
     Davidson diagonalization with overlap
     ethr =  3.41E-05,  avg # of iterations =  1.0

     total cpu time spent up to now is        5.6 secs

     total energy              =    -161.17444614 Ry
     estimated scf accuracy    <       0.03329381 Ry

     iteration # 29     ecut=   120.00 Ry     beta= 0.20
     Davidson diagonalization with overlap
     ethr =  3.41E-05,  avg # of iterations =  6.1

     total cpu time spent up to now is        5.8 secs

     total energy              =    -161.17501182 Ry
     estimated scf accuracy    <       0.00481476 Ry

     iteration # 30     ecut=   120.00 Ry     beta= 0.20
     Davidson diagonalization with overlap
     ethr =  2.01E-05,  avg # of iterations =  8.1

     total cpu time spent up to now is        6.1 secs

     total energy              =    -161.17843461 Ry
     estimated scf accuracy    <       0.00956590 Ry

     iteration # 31     ecut=   120.00 Ry     beta= 0.20
     Davidson diagonalization with overlap
     ethr =  2.01E-05,  avg # of iterations =  1.1

     total cpu time spent up to now is        6.2 secs

     total energy              =    -161.18314167 Ry
     estimated scf accuracy    <       0.00553037 Ry

     iteration # 32     ecut=   120.00 Ry     beta= 0.20
     Davidson diagonalization with overlap
     ethr =  2.01E-05,  avg # of iterations =  7.4

     total cpu time spent up to now is        6.5 secs

     total energy              =    -161.17673983 Ry
     estimated scf accuracy    <       0.04652269 Ry

     iteration # 33     ecut=   120.00 Ry     beta= 0.20
     Davidson diagonalization with overlap
     ethr =  2.01E-05,  avg # of iterations =  7.0

     total cpu time spent up to now is        6.7 secs

     total energy              =    -161.17549453 Ry
     estimated scf accuracy    <       0.00985210 Ry

     iteration # 34     ecut=   120.00 Ry     beta= 0.20
     Davidson diagonalization with overlap
     ethr =  2.01E-05,  avg # of iterations =  7.2

     total cpu time spent up to now is        7.0 secs

     total energy              =    -161.17741027 Ry
     estimated scf accuracy    <       0.00438774 Ry

     iteration # 35     ecut=   120.00 Ry     beta= 0.20
     Davidson diagonalization with overlap
     ethr =  1.83E-05,  avg # of iterations =  5.0

     total cpu time spent up to now is        7.3 secs

     total energy              =    -161.17850281 Ry
     estimated scf accuracy    <       0.00011102 Ry

     iteration # 36     ecut=   120.00 Ry     beta= 0.20
     Davidson diagonalization with overlap
     c_bands:  1 eigenvalues not converged
     ethr =  4.63E-07,  avg # of iterations = 14.6

     total cpu time spent up to now is        7.7 secs

     total energy              =    -161.17995386 Ry
     estimated scf accuracy    <       0.00870210 Ry

     iteration # 37     ecut=   120.00 Ry     beta= 0.20
     Davidson diagonalization with overlap
     ethr =  4.63E-07,  avg # of iterations =  1.6

     total cpu time spent up to now is        7.9 secs

     total energy              =    -161.18026410 Ry
     estimated scf accuracy    <       0.00900041 Ry

     iteration # 38     ecut=   120.00 Ry     beta= 0.20
     Davidson diagonalization with overlap
     ethr =  4.63E-07,  avg # of iterations =  5.9

     total cpu time spent up to now is        8.1 secs

     total energy              =    -161.18006239 Ry
     estimated scf accuracy    <       0.01156344 Ry

     iteration # 39     ecut=   120.00 Ry     beta= 0.20
     Davidson diagonalization with overlap
     ethr =  4.63E-07,  avg # of iterations =  1.0

     total cpu time spent up to now is        8.3 secs

     total energy              =    -161.17898969 Ry
     estimated scf accuracy    <       0.01112867 Ry

     iteration # 40     ecut=   120.00 Ry     beta= 0.20
     Davidson diagonalization with overlap
     ethr =  4.63E-07,  avg # of iterations =  8.1

     total cpu time spent up to now is        8.6 secs

     total energy              =    -161.17907585 Ry
     estimated scf accuracy    <       0.00488944 Ry

     iteration # 41     ecut=   120.00 Ry     beta= 0.20
     Davidson diagonalization with overlap
     ethr =  4.63E-07,  avg # of iterations =  1.8

     total cpu time spent up to now is        8.8 secs

     total energy              =    -161.17893047 Ry
     estimated scf accuracy    <       0.00462331 Ry

     iteration # 42     ecut=   120.00 Ry     beta= 0.20
     Davidson diagonalization with overlap
     ethr =  4.63E-07,  avg # of iterations =  2.9

     total cpu time spent up to now is        9.0 secs

     total energy              =    -161.17893855 Ry
     estimated scf accuracy    <       0.00402591 Ry

     iteration # 43     ecut=   120.00 Ry     beta= 0.20
     Davidson diagonalization with overlap
     ethr =  4.63E-07,  avg # of iterations =  1.0

     total cpu time spent up to now is        9.1 secs

     total energy              =    -161.17895365 Ry
     estimated scf accuracy    <       0.00397355 Ry

     iteration # 44     ecut=   120.00 Ry     beta= 0.20
     Davidson diagonalization with overlap
     ethr =  4.63E-07,  avg # of iterations =  1.8

     total cpu time spent up to now is        9.3 secs

     total energy              =    -161.17800158 Ry
     estimated scf accuracy    <       0.00390347 Ry

     iteration # 45     ecut=   120.00 Ry     beta= 0.20
     Davidson diagonalization with overlap
     ethr =  4.63E-07,  avg # of iterations = 12.2

     total cpu time spent up to now is        9.7 secs

     total energy              =    -161.17859628 Ry
     estimated scf accuracy    <       0.00000738 Ry

     iteration # 46     ecut=   120.00 Ry     beta= 0.20
     Davidson diagonalization with overlap
     ethr =  3.07E-08,  avg # of iterations =  7.9

     total cpu time spent up to now is       10.1 secs

     total energy              =    -161.17859799 Ry
     estimated scf accuracy    <       0.00003341 Ry

     iteration # 47     ecut=   120.00 Ry     beta= 0.20
     Davidson diagonalization with overlap
     ethr =  3.07E-08,  avg # of iterations =  6.0

     total cpu time spent up to now is       10.3 secs

     total energy              =    -161.17859655 Ry
     estimated scf accuracy    <       0.00000782 Ry

     iteration # 48     ecut=   120.00 Ry     beta= 0.20
     Davidson diagonalization with overlap
     ethr =  3.07E-08,  avg # of iterations =  8.6

     total cpu time spent up to now is       10.6 secs

     total energy              =    -161.17860006 Ry
     estimated scf accuracy    <       0.00000576 Ry

     iteration # 49     ecut=   120.00 Ry     beta= 0.20
     Davidson diagonalization with overlap
     ethr =  2.40E-08,  avg # of iterations =  4.1

     total cpu time spent up to now is       10.7 secs

     total energy              =    -161.17859996 Ry
     estimated scf accuracy    <       0.00000094 Ry

     iteration # 50     ecut=   120.00 Ry     beta= 0.20
     Davidson diagonalization with overlap
     ethr =  3.94E-09,  avg # of iterations = 11.1

     total cpu time spent up to now is       11.1 secs

     total energy              =    -161.17859908 Ry
     estimated scf accuracy    <       0.00001794 Ry

     iteration # 51     ecut=   120.00 Ry     beta= 0.20
     Davidson diagonalization with overlap
     ethr =  3.94E-09,  avg # of iterations =  8.2

     total cpu time spent up to now is       11.4 secs

     total energy              =    -161.17860089 Ry
     estimated scf accuracy    <       0.00000025 Ry

     iteration # 52     ecut=   120.00 Ry     beta= 0.20
     Davidson diagonalization with overlap
     ethr =  1.06E-09,  avg # of iterations =  7.6

     total cpu time spent up to now is       11.7 secs

     total energy              =    -161.17860124 Ry
     estimated scf accuracy    <       0.00000071 Ry

     iteration # 53     ecut=   120.00 Ry     beta= 0.20
     Davidson diagonalization with overlap
     ethr =  1.06E-09,  avg # of iterations =  1.0

     total cpu time spent up to now is       11.8 secs

     total energy              =    -161.17860096 Ry
     estimated scf accuracy    <       0.00000055 Ry

     iteration # 54     ecut=   120.00 Ry     beta= 0.20
     Davidson diagonalization with overlap
     ethr =  1.06E-09,  avg # of iterations =  7.5

     total cpu time spent up to now is       12.1 secs

     total energy              =    -161.17860114 Ry
     estimated scf accuracy    <       0.00000029 Ry

     iteration # 55     ecut=   120.00 Ry     beta= 0.20
     Davidson diagonalization with overlap
     ethr =  1.06E-09,  avg # of iterations =  1.0

     total cpu time spent up to now is       12.3 secs

     total energy              =    -161.17860124 Ry
     estimated scf accuracy    <       0.00000017 Ry

     iteration # 56     ecut=   120.00 Ry     beta= 0.20
     Davidson diagonalization with overlap
     ethr =  7.16E-10,  avg # of iterations =  4.6

     total cpu time spent up to now is       12.5 secs

     total energy              =    -161.17860124 Ry
     estimated scf accuracy    <       0.00000063 Ry

     iteration # 57     ecut=   120.00 Ry     beta= 0.20
     Davidson diagonalization with overlap
     ethr =  7.16E-10,  avg # of iterations =  1.0

     total cpu time spent up to now is       12.6 secs

     total energy              =    -161.17860119 Ry
     estimated scf accuracy    <       0.00000056 Ry

     iteration # 58     ecut=   120.00 Ry     beta= 0.20
     Davidson diagonalization with overlap
     ethr =  7.16E-10,  avg # of iterations =  1.0

     total cpu time spent up to now is       12.8 secs

     total energy              =    -161.17860119 Ry
     estimated scf accuracy    <       0.00000044 Ry

     iteration # 59     ecut=   120.00 Ry     beta= 0.20
     Davidson diagonalization with overlap
     ethr =  7.16E-10,  avg # of iterations =  1.0

     total cpu time spent up to now is       12.9 secs

     total energy              =    -161.17860131 Ry
     estimated scf accuracy    <       0.00000043 Ry

     iteration # 60     ecut=   120.00 Ry     beta= 0.20
     Davidson diagonalization with overlap
     ethr =  7.16E-10,  avg # of iterations =  1.8

     total cpu time spent up to now is       13.1 secs

     total energy              =    -161.17860106 Ry
     estimated scf accuracy    <       0.00000073 Ry

     iteration # 61     ecut=   120.00 Ry     beta= 0.20
     Davidson diagonalization with overlap
     ethr =  7.16E-10,  avg # of iterations =  5.6

     total cpu time spent up to now is       13.3 secs

     total energy              =    -161.17860109 Ry
     estimated scf accuracy    <       0.00000005 Ry

     iteration # 62     ecut=   120.00 Ry     beta= 0.20
     Davidson diagonalization with overlap
     ethr =  2.29E-10,  avg # of iterations =  9.9

     total cpu time spent up to now is       13.6 secs

     total energy              =    -161.17860105 Ry
     estimated scf accuracy    <       0.00000045 Ry

     iteration # 63     ecut=   120.00 Ry     beta= 0.20
     Davidson diagonalization with overlap
     ethr =  2.29E-10,  avg # of iterations =  8.6

     total cpu time spent up to now is       13.9 secs

     total energy              =    -161.17860118 Ry
     estimated scf accuracy    <       0.00000006 Ry

     iteration # 64     ecut=   120.00 Ry     beta= 0.20
     Davidson diagonalization with overlap
     ethr =  2.29E-10,  avg # of iterations =  1.5

     total cpu time spent up to now is       14.1 secs

     total energy              =    -161.17860116 Ry
     estimated scf accuracy    <       0.00000009 Ry

     iteration # 65     ecut=   120.00 Ry     beta= 0.20
     Davidson diagonalization with overlap
     ethr =  2.29E-10,  avg # of iterations =  1.0

     total cpu time spent up to now is       14.2 secs

     total energy              =    -161.17860115 Ry
     estimated scf accuracy    <       0.00000005 Ry

     iteration # 66     ecut=   120.00 Ry     beta= 0.20
     Davidson diagonalization with overlap
     ethr =  1.90E-10,  avg # of iterations =  4.8

     total cpu time spent up to now is       14.4 secs

     End of self-consistent calculation

          k = 0.0000 0.0000 0.0000 (  5961 PWs)   bands (ev):

   -21.4751  -5.1127  -4.1301  -3.5935  -3.5935  -3.5935   7.2710   7.2710
     7.2710  10.5866  10.5866  10.5866

          k =-0.2500 0.2500-0.2500 (  5952 PWs)   bands (ev):

   -21.3726  -6.5203  -4.5755  -3.7163  -3.7163  -2.0402   7.7530   7.7530
     8.6044  10.1694  10.4099  10.4099

          k = 0.5000-0.5000 0.5000 (  5936 PWs)   bands (ev):

   -21.2662  -7.3396  -4.9606  -3.8327  -3.8327  -1.0294   8.1533   8.1533
     9.8969   9.9355  10.3907  10.3907

          k = 0.0000 0.5000 0.0000 (  5942 PWs)   bands (ev):

   -21.3383  -6.7754  -4.5443  -3.9041  -3.9041  -1.6237   8.2171   8.2171
     8.7038   8.8105  10.9156  10.9156

          k = 0.7500-0.2500 0.7500 (  5924 PWs)   bands (ev):

   -21.2316  -7.2127  -5.9579  -4.0162  -2.8306  -1.1766   8.1715   8.9285
     9.0839  10.1167  10.4785  10.8738

          k = 0.5000 0.0000 0.5000 (  5933 PWs)   bands (ev):

   -21.2672  -6.8730  -6.1156  -3.8365  -2.3550  -1.8798   8.4597   8.5597
     9.2242   9.6966   9.8595  11.1881

          k = 0.0000-1.0000 0.0000 (  5914 PWs)   bands (ev):

   -21.1961  -7.6662  -4.9069  -4.1884  -4.1884  -0.3406   7.1912   9.9741
     9.9741  10.3627  10.3627  10.5784

          k =-0.5000-1.0000 0.0000 (  5940 PWs)   bands (ev):

   -21.1957  -6.8413  -6.8413  -4.2157  -1.7252  -1.7252   8.2008   8.8564
    10.1064  10.1064  10.4642  10.4886

     highest occupied level (ev):    11.1881

!    total energy              =    -161.17860114 Ry
     estimated scf accuracy    <          8.8E-09 Ry

     The total energy is the sum of the following terms:
     one-electron contribution =     -12.49219068 Ry
     hartree contribution      =      24.01935336 Ry
     xc contribution           =     -45.56474511 Ry
     ewald contribution        =    -127.14101872 Ry

     convergence has been achieved in  66 iterations

     Forces acting on atoms (cartesian axes, Ry/au):

     atom    1 type  1   force =    -0.00000000   -0.00000000    0.00000000
     atom    2 type  2   force =     0.00000000   -0.00000000    0.00000000
     atom    3 type  2   force =     0.00000000   -0.00000000    0.00000000

     Total force =     0.000000     Total SCF correction =     0.000000


     Computing stress (Cartesian axis) and pressure

          total   stress  (Ry/bohr**3)                   (kbar)     P=       58.43
   0.00039720   0.00000000  -0.00000000           58.43        0.00       -0.00
   0.00000000   0.00039720   0.00000000            0.00       58.43        0.00
   0.00000000   0.00000000   0.00039720            0.00        0.00       58.43


     Writing all to output data dir /tmp/ceresoli/ceo2.save/
 
     init_run     :      0.26s CPU      0.26s WALL (       1 calls)
     electrons    :     13.67s CPU     14.08s WALL (       1 calls)
     forces       :      0.02s CPU      0.03s WALL (       1 calls)
     stress       :      0.11s CPU      0.11s WALL (       1 calls)

     Called by init_run:
     wfcinit      :      0.13s CPU      0.13s WALL (       1 calls)
     potinit      :      0.02s CPU      0.02s WALL (       1 calls)
     hinit0       :      0.05s CPU      0.05s WALL (       1 calls)

     Called by electrons:
     c_bands      :     10.91s CPU     11.23s WALL (      66 calls)
     sum_band     :      1.82s CPU      1.87s WALL (      66 calls)
     v_of_rho     :      0.69s CPU      0.71s WALL (      67 calls)
     mix_rho      :      0.22s CPU      0.23s WALL (      66 calls)

     Called by c_bands:
     init_us_2    :      0.59s CPU      0.61s WALL (    1080 calls)
     init_us_2:cp :      0.59s CPU      0.61s WALL (    1080 calls)
     cegterg      :     10.15s CPU     10.47s WALL (     528 calls)

     Called by *egterg:
     cdiaghg      :      0.91s CPU      0.94s WALL (    2899 calls)
     h_psi        :      8.29s CPU      8.54s WALL (    2907 calls)
     g_psi        :      0.03s CPU      0.04s WALL (    2371 calls)

     Called by h_psi:
     h_psi:calbec :      0.20s CPU      0.21s WALL (    2907 calls)
     vloc_psi     :      7.90s CPU      8.14s WALL (    2907 calls)
     add_vuspsi   :      0.13s CPU      0.13s WALL (    2907 calls)

     General routines
     calbec       :      0.20s CPU      0.21s WALL (    2947 calls)
     fft          :      0.22s CPU      0.23s WALL (     694 calls)
     ffts         :      0.02s CPU      0.02s WALL (      66 calls)
     fftw         :      8.08s CPU      8.32s WALL (   45264 calls)
 
     Parallel routines
 
     PWSCF        :     14.15s CPU     14.58s WALL

 
   This run was terminated on:  12:17:17  12Jan2022            

=------------------------------------------------------------------------------=
   JOB DONE.
=------------------------------------------------------------------------------=
