
     Program PWSCF v.7.1 starts on 24Jun2022 at 10:49:19 

     This program is part of the open-source Quantum ESPRESSO suite
     for quantum simulation of materials; please cite
         "P. Giannozzi et al., J. Phys.:Condens. Matter 21 395502 (2009);
         "P. Giannozzi et al., J. Phys.:Condens. Matter 29 465901 (2017);
         "P. Giannozzi et al., J. Chem. Phys. 152 154105 (2020);
          URL http://www.quantum-espresso.org", 
     in publications or presentations arising from this work. More details at
     http://www.quantum-espresso.org/quote

     Parallel version (MPI), running on     4 processors

     MPI processes distributed on     1 nodes
     6380 MiB available memory on the printing compute node when the environment starts
 
     Waiting for input...
     Reading input from standard input

     Current dimensions of program PWSCF are:
     Max number of different atomic species (ntypx) = 10
     Max number of k-points (npk) =  40000
     Max angular momentum in pseudopotentials (lmaxx) =  4
     WARNING: atomic wfc #  2 for atom typeCe has zero norm
     WARNING: atomic wfc #  5 for atom typeCe has zero norm
     WARNING: atomic wfc #  7 for atom typeCe has zero norm
 
     R & G space division:  proc/nbgrp/npool/nimage =       4
     Subspace diagonalization in iterative solution of the eigenvalue problem:
     a serial algorithm will be used

 
     Parallelization info
     --------------------
     sticks:   dense  smooth     PW     G-vecs:    dense   smooth      PW
     Min         433     433    124                11861    11861    1779
     Max         434     434    126                11863    11863    1781
     Sum        1735    1735    499                47447    47447    7119
 
     Using Slab Decomposition
 


     bravais-lattice index     =            2
     lattice parameter (alat)  =      10.2229  a.u.
     unit-cell volume          =     267.0920 (a.u.)^3
     number of atoms/cell      =            3
     number of atomic types    =            2
     number of electrons       =        24.00
     number of Kohn-Sham states=           12
     kinetic-energy cutoff     =     120.0000  Ry
     charge density cutoff     =     480.0000  Ry
     scf convergence threshold =      1.0E-08
     mixing beta               =       0.2000
     number of iterations used =            8  plain     mixing
     Exchange-correlation=  SLA  PW   PBX  PBC
                           (   1   4   3   4   0   0   0)
     Hubbard projectors: atomic
     Hubbard parameters of DFT+U (Dudarev formulation) in eV:
     U(Ce-4f) =  5.0000
     U(O-2p) =  0.0001

     Internal variables: lda_plus_u = T, lda_plus_u_kind = 0

     celldm(1)=  10.222889  celldm(2)=   0.000000  celldm(3)=   0.000000
     celldm(4)=   0.000000  celldm(5)=   0.000000  celldm(6)=   0.000000

     crystal axes: (cart. coord. in units of alat)
               a(1) = (  -0.500000   0.000000   0.500000 )  
               a(2) = (   0.000000   0.500000   0.500000 )  
               a(3) = (  -0.500000   0.500000   0.000000 )  

     reciprocal axes: (cart. coord. in units 2 pi/alat)
               b(1) = ( -1.000000 -1.000000  1.000000 )  
               b(2) = (  1.000000  1.000000  1.000000 )  
               b(3) = ( -1.000000  1.000000 -1.000000 )  


     PseudoPot. # 1 for Ce read from file:
     ./pseudo/Ce.pbe-tm-semi-dc-dipaw.UPF
     MD5 check sum: 6824a9a3529fdd92587692c433c8c225
     Pseudo is Norm-conserving + core correction, Zval = 12.0
     Generated using &quot;atomic&quot; code by A. Dal Corso  v.6.2
     Using radial grid of 1667 points,  3 beta functions with: 
                l(1) =   3
                l(2) =   2
                l(3) =   1

     PseudoPot. # 2 for O  read from file:
     ./pseudo/O.pbe-tm-gipaw-dc.UPF
     MD5 check sum: cd70c9dcf1f7d755502eb127a1501eea
     Pseudo is Norm-conserving, Zval =  6.0
     Generated by new atomic code, or converted to UPF format
     Using radial grid of 1469 points,  1 beta functions with: 
                l(1) =   0

     atomic species   valence    mass     pseudopotential
        Ce            12.00   140.11600     Ce( 1.00)
        O              6.00    15.99940     O ( 1.00)

     48 Sym. Ops., with inversion, found



   Cartesian axes

     site n.     atom                  positions (alat units)
         1           Ce  tau(   1) = (   0.0000000   0.0000000   0.0000000  )
         2           O   tau(   2) = (   0.2500000   0.2500000   0.2500000  )
         3           O   tau(   3) = (   0.7500000   0.7500000   0.7500000  )

     number of k points=     8
                       cart. coord. in units 2pi/alat
        k(    1) = (   0.0000000   0.0000000   0.0000000), wk =   0.0312500
        k(    2) = (  -0.2500000   0.2500000  -0.2500000), wk =   0.2500000
        k(    3) = (   0.5000000  -0.5000000   0.5000000), wk =   0.1250000
        k(    4) = (   0.0000000   0.5000000   0.0000000), wk =   0.1875000
        k(    5) = (   0.7500000  -0.2500000   0.7500000), wk =   0.7500000
        k(    6) = (   0.5000000   0.0000000   0.5000000), wk =   0.3750000
        k(    7) = (   0.0000000  -1.0000000   0.0000000), wk =   0.0937500
        k(    8) = (  -0.5000000  -1.0000000   0.0000000), wk =   0.1875000

     Dense  grid:    47447 G-vectors     FFT dimensions: (  54,  54,  54)

     Estimated max dynamical RAM per process >      16.45 MB

     Estimated total dynamical RAM >      65.79 MB

     Initial potential from superposition of free atoms

     starting charge      22.0000, renormalised to      24.0000

     STARTING HUBBARD OCCUPATIONS:

     =================== HUBBARD OCCUPATIONS ===================
     ------------------------ ATOM    1 ------------------------
     Tr[ns(  1)] =   1.00000
     eigenvalues:
       0.071  0.071  0.071  0.071  0.071  0.071  0.071
     eigenvectors (columns):
       1.000  0.000  0.000  0.000  0.000  0.000  0.000
       0.000  1.000  0.000  0.000  0.000  0.000  0.000
       0.000  0.000  1.000  0.000  0.000  0.000  0.000
       0.000  0.000  0.000  1.000  0.000  0.000  0.000
       0.000  0.000  0.000  0.000  1.000  0.000  0.000
       0.000  0.000  0.000  0.000  0.000  1.000  0.000
       0.000  0.000  0.000  0.000  0.000  0.000  1.000
     occupation matrix ns (before diag.):
       0.071  0.000  0.000  0.000  0.000  0.000  0.000
       0.000  0.071  0.000  0.000  0.000  0.000  0.000
       0.000  0.000  0.071  0.000  0.000  0.000  0.000
       0.000  0.000  0.000  0.071  0.000  0.000  0.000
       0.000  0.000  0.000  0.000  0.071  0.000  0.000
       0.000  0.000  0.000  0.000  0.000  0.071  0.000
       0.000  0.000  0.000  0.000  0.000  0.000  0.071
     ------------------------ ATOM    2 ------------------------
     Tr[ns(  2)] =   4.00000
     eigenvalues:
       0.667  0.667  0.667
     eigenvectors (columns):
       1.000  0.000  0.000
       0.000  1.000  0.000
       0.000  0.000  1.000
     occupation matrix ns (before diag.):
       0.667  0.000  0.000
       0.000  0.667  0.000
       0.000  0.000  0.667
     ------------------------ ATOM    3 ------------------------
     Tr[ns(  3)] =   4.00000
     eigenvalues:
       0.667  0.667  0.667
     eigenvectors (columns):
       1.000  0.000  0.000
       0.000  1.000  0.000
       0.000  0.000  1.000
     occupation matrix ns (before diag.):
       0.667  0.000  0.000
       0.000  0.667  0.000
       0.000  0.000  0.667

     Number of occupied Hubbard levels =    9.0000

     Atomic wfc used for Hubbard projectors are NOT orthogonalized

     Starting wfcs are   32 randomized atomic wfcs

     total cpu time spent up to now is        0.3 secs

     Self-consistent Calculation

     iteration #  1     ecut=   120.00 Ry     beta= 0.20
     Davidson diagonalization with overlap
     ethr =  1.00E-04,  avg # of iterations =  4.4

     =================== HUBBARD OCCUPATIONS ===================
     ------------------------ ATOM    1 ------------------------
     Tr[ns(  1)] =   0.28276
     eigenvalues:
       0.014  0.014  0.014  0.017  0.017  0.017  0.047
     eigenvectors (columns):
      -0.000 -0.000  0.000 -0.815 -0.573 -0.093  0.000
       0.023  0.725  0.315 -0.349  0.466  0.190  0.000
       0.064  0.313 -0.723 -0.066  0.187 -0.579 -0.000
       0.996 -0.059  0.063 -0.000  0.000 -0.000 -0.000
       0.000  0.000 -0.000  0.000 -0.000 -0.000  1.000
       0.018  0.561  0.244  0.451 -0.601 -0.245 -0.000
      -0.050 -0.242  0.560 -0.085  0.241 -0.748  0.000
     occupation matrix ns (before diag.):
       0.017  0.000  0.000  0.000  0.000  0.000 -0.000
       0.000  0.015 -0.000  0.000  0.000 -0.001 -0.000
       0.000 -0.000  0.015  0.000 -0.000 -0.000  0.001
       0.000  0.000  0.000  0.014 -0.000 -0.000  0.000
       0.000  0.000 -0.000 -0.000  0.047 -0.000  0.000
       0.000 -0.001 -0.000 -0.000 -0.000  0.016  0.000
      -0.000 -0.000  0.001  0.000  0.000  0.000  0.016
     ------------------------ ATOM    2 ------------------------
     Tr[ns(  2)] =   5.80003
     eigenvalues:
       0.967  0.967  0.967
     eigenvectors (columns):
       0.501 -0.492 -0.712
       0.726 -0.209  0.655
       0.471  0.845 -0.253
     occupation matrix ns (before diag.):
       0.967 -0.000 -0.000
      -0.000  0.967 -0.000
      -0.000 -0.000  0.967
     ------------------------ ATOM    3 ------------------------
     Tr[ns(  3)] =   5.80003
     eigenvalues:
       0.967  0.967  0.967
     eigenvectors (columns):
      -0.512 -0.463  0.723
      -0.770 -0.125 -0.626
      -0.381  0.877  0.293
     occupation matrix ns (before diag.):
       0.967 -0.000 -0.000
      -0.000  0.967 -0.000
      -0.000 -0.000  0.967

     Number of occupied Hubbard levels =   11.8828

     total cpu time spent up to now is        0.6 secs

     total energy              =    -161.21078601 Ry
     estimated scf accuracy    <       1.53911397 Ry

     iteration #  2     ecut=   120.00 Ry     beta= 0.20
     Davidson diagonalization with overlap
     ethr =  6.41E-03,  avg # of iterations =  1.0

     total cpu time spent up to now is        0.7 secs

     total energy              =    -160.86231849 Ry
     estimated scf accuracy    <       0.63937947 Ry

     iteration #  3     ecut=   120.00 Ry     beta= 0.20
     Davidson diagonalization with overlap
     ethr =  2.66E-03,  avg # of iterations =  2.5

     total cpu time spent up to now is        0.9 secs

     total energy              =    -160.94871302 Ry
     estimated scf accuracy    <       0.08425733 Ry

     iteration #  4     ecut=   120.00 Ry     beta= 0.20
     Davidson diagonalization with overlap
     ethr =  3.51E-04,  avg # of iterations =  6.9

     total cpu time spent up to now is        1.1 secs

     total energy              =    -160.99598763 Ry
     estimated scf accuracy    <       0.00475247 Ry

     iteration #  5     ecut=   120.00 Ry     beta= 0.20
     Davidson diagonalization with overlap
     ethr =  1.98E-05,  avg # of iterations = 11.5

     total cpu time spent up to now is        1.4 secs

     total energy              =    -161.01676300 Ry
     estimated scf accuracy    <       0.01576106 Ry

     iteration #  6     ecut=   120.00 Ry     beta= 0.20
     Davidson diagonalization with overlap
     ethr =  1.98E-05,  avg # of iterations =  7.9

     total cpu time spent up to now is        1.6 secs

     total energy              =    -161.04708556 Ry
     estimated scf accuracy    <       0.05975677 Ry

     iteration #  7     ecut=   120.00 Ry     beta= 0.20
     Davidson diagonalization with overlap
     c_bands:  1 eigenvalues not converged
     c_bands:  1 eigenvalues not converged
     ethr =  1.98E-05,  avg # of iterations = 14.4

     total cpu time spent up to now is        1.9 secs

     total energy              =    -160.93873448 Ry
     estimated scf accuracy    <       0.56478126 Ry

     iteration #  8     ecut=   120.00 Ry     beta= 0.20
     Davidson diagonalization with overlap
     c_bands:  1 eigenvalues not converged
     ethr =  1.98E-05,  avg # of iterations = 14.9

     total cpu time spent up to now is        2.3 secs

     total energy              =    -161.01254221 Ry
     estimated scf accuracy    <       0.00353128 Ry

     iteration #  9     ecut=   120.00 Ry     beta= 0.20
     Davidson diagonalization with overlap
     ethr =  1.47E-05,  avg # of iterations =  7.0

     total cpu time spent up to now is        2.5 secs

     total energy              =    -161.01517473 Ry
     estimated scf accuracy    <       0.01451962 Ry

     iteration # 10     ecut=   120.00 Ry     beta= 0.20
     Davidson diagonalization with overlap
     ethr =  1.47E-05,  avg # of iterations =  1.0

     total cpu time spent up to now is        2.7 secs

     total energy              =    -161.01282615 Ry
     estimated scf accuracy    <       0.01346281 Ry

     iteration # 11     ecut=   120.00 Ry     beta= 0.20
     Davidson diagonalization with overlap
     ethr =  1.47E-05,  avg # of iterations =  3.9

     total cpu time spent up to now is        2.8 secs

     total energy              =    -161.01125018 Ry
     estimated scf accuracy    <       0.00529505 Ry

     iteration # 12     ecut=   120.00 Ry     beta= 0.20
     Davidson diagonalization with overlap
     ethr =  1.47E-05,  avg # of iterations =  7.8

     total cpu time spent up to now is        3.1 secs

     total energy              =    -161.01430762 Ry
     estimated scf accuracy    <       0.00205034 Ry

     iteration # 13     ecut=   120.00 Ry     beta= 0.20
     Davidson diagonalization with overlap
     ethr =  8.54E-06,  avg # of iterations =  5.1

     total cpu time spent up to now is        3.2 secs

     total energy              =    -161.01455968 Ry
     estimated scf accuracy    <       0.00545665 Ry

     iteration # 14     ecut=   120.00 Ry     beta= 0.20
     Davidson diagonalization with overlap
     ethr =  8.54E-06,  avg # of iterations =  1.0

     total cpu time spent up to now is        3.3 secs

     total energy              =    -161.01158502 Ry
     estimated scf accuracy    <       0.00527787 Ry

     iteration # 15     ecut=   120.00 Ry     beta= 0.20
     Davidson diagonalization with overlap
     ethr =  8.54E-06,  avg # of iterations =  7.4

     total cpu time spent up to now is        3.6 secs

     total energy              =    -161.01374551 Ry
     estimated scf accuracy    <       0.00223688 Ry

     iteration # 16     ecut=   120.00 Ry     beta= 0.20
     Davidson diagonalization with overlap
     ethr =  8.54E-06,  avg # of iterations =  1.0

     total cpu time spent up to now is        3.7 secs

     total energy              =    -161.01317607 Ry
     estimated scf accuracy    <       0.00214538 Ry

     iteration # 17     ecut=   120.00 Ry     beta= 0.20
     Davidson diagonalization with overlap
     ethr =  8.54E-06,  avg # of iterations =  2.2

     total cpu time spent up to now is        3.9 secs

     total energy              =    -161.01311788 Ry
     estimated scf accuracy    <       0.00070809 Ry

     iteration # 18     ecut=   120.00 Ry     beta= 0.20
     Davidson diagonalization with overlap
     ethr =  2.95E-06,  avg # of iterations =  5.6

     total cpu time spent up to now is        4.0 secs

     total energy              =    -161.01335414 Ry
     estimated scf accuracy    <       0.00000635 Ry

     iteration # 19     ecut=   120.00 Ry     beta= 0.20
     Davidson diagonalization with overlap
     c_bands:  1 eigenvalues not converged
     ethr =  2.65E-08,  avg # of iterations = 15.4

     total cpu time spent up to now is        4.4 secs

     total energy              =    -161.01342746 Ry
     estimated scf accuracy    <       0.00018568 Ry

     iteration # 20     ecut=   120.00 Ry     beta= 0.20
     Davidson diagonalization with overlap
     ethr =  2.65E-08,  avg # of iterations =  5.6

     total cpu time spent up to now is        4.6 secs

     total energy              =    -161.01343442 Ry
     estimated scf accuracy    <       0.00011206 Ry

     iteration # 21     ecut=   120.00 Ry     beta= 0.20
     Davidson diagonalization with overlap
     ethr =  2.65E-08,  avg # of iterations =  1.0

     total cpu time spent up to now is        4.8 secs

     total energy              =    -161.01339824 Ry
     estimated scf accuracy    <       0.00012849 Ry

     iteration # 22     ecut=   120.00 Ry     beta= 0.20
     Davidson diagonalization with overlap
     ethr =  2.65E-08,  avg # of iterations = 10.4

     total cpu time spent up to now is        5.0 secs

     total energy              =    -161.01341517 Ry
     estimated scf accuracy    <       0.00000077 Ry

     iteration # 23     ecut=   120.00 Ry     beta= 0.20
     Davidson diagonalization with overlap
     ethr =  3.21E-09,  avg # of iterations = 11.1

     total cpu time spent up to now is        5.4 secs

     total energy              =    -161.01341660 Ry
     estimated scf accuracy    <       0.00001044 Ry

     iteration # 24     ecut=   120.00 Ry     beta= 0.20
     Davidson diagonalization with overlap
     ethr =  3.21E-09,  avg # of iterations =  5.1

     total cpu time spent up to now is        5.6 secs

     total energy              =    -161.01341442 Ry
     estimated scf accuracy    <       0.00000476 Ry

     iteration # 25     ecut=   120.00 Ry     beta= 0.20
     Davidson diagonalization with overlap
     ethr =  3.21E-09,  avg # of iterations = 10.2

     total cpu time spent up to now is        5.8 secs

     total energy              =    -161.01341770 Ry
     estimated scf accuracy    <       0.00000352 Ry

     iteration # 26     ecut=   120.00 Ry     beta= 0.20
     Davidson diagonalization with overlap
     ethr =  3.21E-09,  avg # of iterations =  4.2

     total cpu time spent up to now is        6.0 secs

     total energy              =    -161.01341637 Ry
     estimated scf accuracy    <       0.00000567 Ry

     iteration # 27     ecut=   120.00 Ry     beta= 0.20
     Davidson diagonalization with overlap
     ethr =  3.21E-09,  avg # of iterations =  3.1

     total cpu time spent up to now is        6.2 secs

     total energy              =    -161.01341645 Ry
     estimated scf accuracy    <       0.00000221 Ry

     iteration # 28     ecut=   120.00 Ry     beta= 0.20
     Davidson diagonalization with overlap
     ethr =  3.21E-09,  avg # of iterations =  1.1

     total cpu time spent up to now is        6.3 secs

     total energy              =    -161.01341621 Ry
     estimated scf accuracy    <       0.00000173 Ry

     iteration # 29     ecut=   120.00 Ry     beta= 0.20
     Davidson diagonalization with overlap
     ethr =  3.21E-09,  avg # of iterations =  5.9

     total cpu time spent up to now is        6.5 secs

     total energy              =    -161.01341635 Ry
     estimated scf accuracy    <       0.00000038 Ry

     iteration # 30     ecut=   120.00 Ry     beta= 0.20
     Davidson diagonalization with overlap
     ethr =  1.58E-09,  avg # of iterations =  4.5

     total cpu time spent up to now is        6.7 secs

     total energy              =    -161.01341642 Ry
     estimated scf accuracy    <       0.00000009 Ry

     iteration # 31     ecut=   120.00 Ry     beta= 0.20
     Davidson diagonalization with overlap
     ethr =  3.56E-10,  avg # of iterations =  4.9

     total cpu time spent up to now is        6.8 secs

     total energy              =    -161.01341647 Ry
     estimated scf accuracy    <       0.00000001 Ry

     iteration # 32     ecut=   120.00 Ry     beta= 0.20
     Davidson diagonalization with overlap
     ethr =  6.11E-11,  avg # of iterations =  8.0

     total cpu time spent up to now is        7.1 secs

     total energy              =    -161.01341643 Ry
     estimated scf accuracy    <       0.00000017 Ry

     iteration # 33     ecut=   120.00 Ry     beta= 0.20
     Davidson diagonalization with overlap
     ethr =  6.11E-11,  avg # of iterations =  7.1

     total cpu time spent up to now is        7.4 secs

     End of self-consistent calculation

     =================== HUBBARD OCCUPATIONS ===================
     ------------------------ ATOM    1 ------------------------
     Tr[ns(  1)] =   0.82550
     eigenvalues:
       0.032  0.032  0.032  0.052  0.052  0.052  0.161
     eigenvectors (columns):
       0.000 -0.000  0.000  0.146  0.967  0.211  0.000
      -0.496  0.170 -0.592  0.575 -0.042 -0.206  0.000
      -0.440 -0.630  0.188  0.190 -0.151  0.562 -0.000
      -0.545  0.566  0.619  0.000  0.000  0.000 -0.000
      -0.000 -0.000 -0.000 -0.000 -0.000  0.000  1.000
      -0.384  0.132 -0.458 -0.743  0.054  0.265 -0.000
       0.341  0.488 -0.146  0.245 -0.195  0.726  0.000
     occupation matrix ns (before diag.):
       0.052 -0.000  0.000  0.000  0.000  0.000  0.000
      -0.000  0.039 -0.000  0.000  0.000 -0.009 -0.000
       0.000 -0.000  0.039  0.000 -0.000 -0.000  0.009
       0.000  0.000  0.000  0.032 -0.000 -0.000  0.000
       0.000  0.000 -0.000 -0.000  0.161 -0.000  0.000
       0.000 -0.009 -0.000 -0.000 -0.000  0.044  0.000
       0.000 -0.000  0.009  0.000  0.000  0.000  0.044
     ------------------------ ATOM    2 ------------------------
     Tr[ns(  2)] =   5.50703
     eigenvalues:
       0.918  0.918  0.918
     eigenvectors (columns):
       0.358 -0.386  0.850
       0.695 -0.498 -0.519
       0.624  0.776  0.090
     occupation matrix ns (before diag.):
       0.918 -0.000 -0.000
      -0.000  0.918 -0.000
      -0.000 -0.000  0.918
     ------------------------ ATOM    3 ------------------------
     Tr[ns(  3)] =   5.50703
     eigenvalues:
       0.918  0.918  0.918
     eigenvectors (columns):
       0.437  0.590 -0.679
       0.599  0.372  0.709
       0.671 -0.717 -0.190
     occupation matrix ns (before diag.):
       0.918 -0.000 -0.000
      -0.000  0.918 -0.000
      -0.000 -0.000  0.918

     Number of occupied Hubbard levels =   11.8396

          k = 0.0000 0.0000 0.0000 (  5961 PWs)   bands (ev):

   -22.3685  -4.8384  -4.3094  -4.3094  -4.3094  -3.6521   7.4614   7.4614
     7.4614  11.1967  11.1967  11.1967

          k =-0.2500 0.2500-0.2500 (  5952 PWs)   bands (ev):

   -22.2789  -6.6076  -4.4171  -4.4171  -4.1989  -2.2839   7.9666   7.9666
     8.8570  10.6110  10.8976  10.8976

          k = 0.5000-0.5000 0.5000 (  5936 PWs)   bands (ev):

   -22.1867  -7.4356  -4.6338  -4.5185  -4.5185  -1.1937   8.3518   8.3518
    10.2139  10.2286  10.8904  10.8904

          k = 0.0000 0.5000 0.0000 (  5942 PWs)   bands (ev):

   -22.2490  -6.8504  -4.5821  -4.5821  -4.1373  -1.9437   8.4379   8.4379
     9.0107   9.1209  11.4170  11.4170

          k = 0.7500-0.2500 0.7500 (  5924 PWs)   bands (ev):

   -22.1558  -7.2958  -6.0405  -4.6805  -3.0554  -1.4166   8.3709   9.1668
     9.3866  10.5452  10.8985  11.1915

          k = 0.5000 0.0000 0.5000 (  5933 PWs)   bands (ev):

   -22.1866  -6.9670  -6.2019  -4.5232  -2.5686  -2.1093   8.5997   8.8383
     9.6172  10.0810  10.1894  11.5907

          k = 0.0000-1.0000 0.0000 (  5914 PWs)   bands (ev):

   -22.1259  -7.7325  -4.8319  -4.8319  -4.5603  -0.6141   7.3568  10.3169
    10.3169  10.6358  10.6358  11.0935

          k =-0.5000-1.0000 0.0000 (  5940 PWs)   bands (ev):

   -22.1240  -6.9223  -6.9223  -4.8602  -1.9622  -1.9622   8.5317   8.9470
    10.4368  10.4368  10.7605  10.9723

     highest occupied level (ev):    11.5907

!    total energy              =    -161.01341645 Ry
     estimated scf accuracy    <          4.8E-09 Ry

     The total energy is the sum of the following terms:
     one-electron contribution =     -12.42307858 Ry
     hartree contribution      =      23.84650042 Ry
     xc contribution           =     -45.43385318 Ry
     ewald contribution        =    -127.14101872 Ry
     Hubbard energy            =       0.13803362 Ry

     convergence has been achieved in  33 iterations

     Forces acting on atoms (cartesian axes, Ry/au):

     atom    1 type  1   force =     0.00000000    0.00000000    0.00000000
     atom    2 type  2   force =    -0.00000000   -0.00000000   -0.00000000
     atom    3 type  2   force =     0.00000000    0.00000000   -0.00000000

     Total force =     0.000000     Total SCF correction =     0.000000


     Computing stress (Cartesian axis) and pressure

          total   stress  (Ry/bohr**3)                   (kbar)     P=      100.12
   0.00068060   0.00000000  -0.00000000          100.12        0.00       -0.00
   0.00000000   0.00068060  -0.00000000            0.00      100.12       -0.00
  -0.00000000  -0.00000000   0.00068060           -0.00       -0.00      100.12


     Writing all to output data dir /tmp/ceresoli/ceo2.save/
 
     init_run     :      0.24s CPU      0.26s WALL (       1 calls)
     electrons    :      6.72s CPU      7.02s WALL (       1 calls)
     forces       :      0.03s CPU      0.03s WALL (       1 calls)
     stress       :      0.17s CPU      0.17s WALL (       1 calls)

     Called by init_run:
     wfcinit      :      0.12s CPU      0.14s WALL (       1 calls)
     potinit      :      0.01s CPU      0.02s WALL (       1 calls)
     hinit0       :      0.04s CPU      0.04s WALL (       1 calls)

     Called by electrons:
     c_bands      :      5.44s CPU      5.69s WALL (      33 calls)
     sum_band     :      0.83s CPU      0.86s WALL (      33 calls)
     v_of_rho     :      0.33s CPU      0.36s WALL (      34 calls)
     mix_rho      :      0.10s CPU      0.10s WALL (      33 calls)

     Called by c_bands:
     init_us_2    :      0.12s CPU      0.12s WALL (     576 calls)
     init_us_2:cp :      0.12s CPU      0.12s WALL (     576 calls)
     cegterg      :      5.15s CPU      5.39s WALL (     264 calls)

     Called by *egterg:
     cdiaghg      :      0.18s CPU      0.19s WALL (    1889 calls)
     h_psi        :      4.68s CPU      4.89s WALL (    1897 calls)
     g_psi        :      0.02s CPU      0.02s WALL (    1625 calls)

     Called by h_psi:
     h_psi:calbec :      0.09s CPU      0.09s WALL (    1897 calls)
     vloc_psi     :      4.34s CPU      4.53s WALL (    1897 calls)
     add_vuspsi   :      0.07s CPU      0.07s WALL (    1897 calls)
     vhpsi        :      0.16s CPU      0.16s WALL (    1897 calls)

     General routines
     calbec       :      0.18s CPU      0.19s WALL (    4210 calls)
     fft          :      0.10s CPU      0.11s WALL (     364 calls)
     ffts         :      0.01s CPU      0.01s WALL (      33 calls)
     fftw         :      4.37s CPU      4.55s WALL (   25992 calls)
     davcio       :      0.00s CPU      0.00s WALL (       8 calls)
 
     Parallel routines

     Hubbard U routines
     new_ns       :      0.05s CPU      0.05s WALL (      33 calls)
     vhpsi        :      0.16s CPU      0.16s WALL (    1897 calls)
     force_hub    :      0.01s CPU      0.01s WALL (       1 calls)
     stres_hub    :      0.07s CPU      0.07s WALL (       1 calls)
 
     PWSCF        :      7.25s CPU      7.58s WALL

 
   This run was terminated on:  10:49:27  24Jun2022            

=------------------------------------------------------------------------------=
   JOB DONE.
=------------------------------------------------------------------------------=
