
     Program PWSCF v.7.3 starts on  6Feb2024 at 11:58: 9 

     This program is part of the open-source Quantum ESPRESSO suite
     for quantum simulation of materials; please cite
         "P. Giannozzi et al., J. Phys.:Condens. Matter 21 395502 (2009);
         "P. Giannozzi et al., J. Phys.:Condens. Matter 29 465901 (2017);
         "P. Giannozzi et al., J. Chem. Phys. 152 154105 (2020);
          URL http://www.quantum-espresso.org", 
     in publications or presentations arising from this work. More details at
     http://www.quantum-espresso.org/quote

     Parallel version (MPI), running on     4 processors

     MPI processes distributed on     1 nodes
     12709 MiB available memory on the printing compute node when the environment starts
 
     Waiting for input...
     Reading input from standard input

     Current dimensions of program PWSCF are:
     Max number of different atomic species (ntypx) = 10
     Max number of k-points (npk) =  40000
     Max angular momentum in pseudopotentials (lmaxx) =  4
     WARNING: atomic wfc #  2 for atom typeCe has zero norm
     WARNING: atomic wfc #  5 for atom typeCe has zero norm
     WARNING: atomic wfc #  7 for atom typeCe has zero norm
 
     R & G space division:  proc/nbgrp/npool/nimage =       4
     Subspace diagonalization in iterative solution of the eigenvalue problem:
     a serial algorithm will be used

 
     Parallelization info
     --------------------
     sticks:   dense  smooth     PW     G-vecs:    dense   smooth      PW
     Min         433     433    124                11861    11861    1779
     Max         434     434    126                11863    11863    1781
     Sum        1735    1735    499                47447    47447    7119
 
     Using Slab Decomposition
 


     bravais-lattice index     =            2
     lattice parameter (alat)  =      10.2229  a.u.
     unit-cell volume          =     267.0920 (a.u.)^3
     number of atoms/cell      =            3
     number of atomic types    =            2
     number of electrons       =        24.00
     number of Kohn-Sham states=           12
     kinetic-energy cutoff     =     120.0000  Ry
     charge density cutoff     =     480.0000  Ry
     scf convergence threshold =      1.0E-08
     mixing beta               =       0.2000
     number of iterations used =            8  plain     mixing
     Exchange-correlation=  SLA  PW   PBX  PBC
                           (   1   4   3   4   0   0   0)

     celldm(1)=  10.222889  celldm(2)=   0.000000  celldm(3)=   0.000000
     celldm(4)=   0.000000  celldm(5)=   0.000000  celldm(6)=   0.000000

     crystal axes: (cart. coord. in units of alat)
               a(1) = (  -0.500000   0.000000   0.500000 )  
               a(2) = (   0.000000   0.500000   0.500000 )  
               a(3) = (  -0.500000   0.500000   0.000000 )  

     reciprocal axes: (cart. coord. in units 2 pi/alat)
               b(1) = ( -1.000000 -1.000000  1.000000 )  
               b(2) = (  1.000000  1.000000  1.000000 )  
               b(3) = ( -1.000000  1.000000 -1.000000 )  


     PseudoPot. # 1 for Ce read from file:
     ./pseudo/Ce.pbe-tm-semi-dc-dipaw.UPF
     MD5 check sum: 6824a9a3529fdd92587692c433c8c225
     Pseudo is Norm-conserving + core correction, Zval = 12.0
     Generated using &quot;atomic&quot; code by A. Dal Corso  v.6.2
     Using radial grid of 1667 points,  3 beta functions with: 
                l(1) =   3
                l(2) =   2
                l(3) =   1

     PseudoPot. # 2 for O  read from file:
     ./pseudo/O.pbe-tm-gipaw-dc.UPF
     MD5 check sum: cd70c9dcf1f7d755502eb127a1501eea
     Pseudo is Norm-conserving, Zval =  6.0
     Generated by new atomic code, or converted to UPF format
     Using radial grid of 1469 points,  1 beta functions with: 
                l(1) =   0

     atomic species   valence    mass     pseudopotential
     Ce               12.00   140.11600     Ce( 1.00)
     O                 6.00    15.99940     O ( 1.00)

     48 Sym. Ops., with inversion, found



   Cartesian axes

     site n.     atom                  positions (alat units)
         1        Ce     tau(   1) = (   0.0000000   0.0000000   0.0000000  )
         2        O      tau(   2) = (   0.2500000   0.2500000   0.2500000  )
         3        O      tau(   3) = (   0.7500000   0.7500000   0.7500000  )

     number of k points=     8
                       cart. coord. in units 2pi/alat
        k(    1) = (   0.0000000   0.0000000   0.0000000), wk =   0.0312500
        k(    2) = (  -0.2500000   0.2500000  -0.2500000), wk =   0.2500000
        k(    3) = (   0.5000000  -0.5000000   0.5000000), wk =   0.1250000
        k(    4) = (   0.0000000   0.5000000   0.0000000), wk =   0.1875000
        k(    5) = (   0.7500000  -0.2500000   0.7500000), wk =   0.7500000
        k(    6) = (   0.5000000   0.0000000   0.5000000), wk =   0.3750000
        k(    7) = (   0.0000000  -1.0000000   0.0000000), wk =   0.0937500
        k(    8) = (  -0.5000000  -1.0000000   0.0000000), wk =   0.1875000

     Dense  grid:    47447 G-vectors     FFT dimensions: (  54,  54,  54)

     Estimated max dynamical RAM per process >      13.80 MB

     Estimated total dynamical RAM >      55.20 MB

     Initial potential from superposition of free atoms

     starting charge      22.0000, renormalised to      24.0000
     Starting wfcs are   32 randomized atomic wfcs

     total cpu time spent up to now is        0.4 secs

     Self-consistent Calculation

     iteration #  1     ecut=   120.00 Ry     beta= 0.20
     Davidson diagonalization with overlap
     ethr =  1.00E-04,  avg # of iterations =  4.1

     total cpu time spent up to now is        0.6 secs

     total energy              =    -161.29276144 Ry
     estimated scf accuracy    <       1.45652116 Ry

     iteration #  2     ecut=   120.00 Ry     beta= 0.20
     Davidson diagonalization with overlap
     ethr =  6.07E-03,  avg # of iterations =  1.0

     total cpu time spent up to now is        0.7 secs

     total energy              =    -160.96550618 Ry
     estimated scf accuracy    <       0.60517778 Ry

     iteration #  3     ecut=   120.00 Ry     beta= 0.20
     Davidson diagonalization with overlap
     ethr =  2.52E-03,  avg # of iterations =  5.2

     total cpu time spent up to now is        0.9 secs

     total energy              =    -161.07662687 Ry
     estimated scf accuracy    <       0.17299101 Ry

     iteration #  4     ecut=   120.00 Ry     beta= 0.20
     Davidson diagonalization with overlap
     ethr =  7.21E-04,  avg # of iterations =  5.0

     total cpu time spent up to now is        1.2 secs

     total energy              =    -161.05166352 Ry
     estimated scf accuracy    <       0.38528998 Ry

     iteration #  5     ecut=   120.00 Ry     beta= 0.20
     Davidson diagonalization with overlap
     ethr =  7.21E-04,  avg # of iterations =  7.8

     total cpu time spent up to now is        1.4 secs

     total energy              =    -161.23394012 Ry
     estimated scf accuracy    <       0.43688111 Ry

     iteration #  6     ecut=   120.00 Ry     beta= 0.20
     Davidson diagonalization with overlap
     ethr =  7.21E-04,  avg # of iterations =  1.1

     total cpu time spent up to now is        1.5 secs

     total energy              =    -161.23896027 Ry
     estimated scf accuracy    <       0.50087817 Ry

     iteration #  7     ecut=   120.00 Ry     beta= 0.20
     Davidson diagonalization with overlap
     ethr =  7.21E-04,  avg # of iterations =  1.0

     total cpu time spent up to now is        1.7 secs

     total energy              =    -160.97370636 Ry
     estimated scf accuracy    <       0.52063805 Ry

     iteration #  8     ecut=   120.00 Ry     beta= 0.20
     Davidson diagonalization with overlap
     ethr =  7.21E-04,  avg # of iterations =  7.1

     total cpu time spent up to now is        1.9 secs

     total energy              =    -161.21753622 Ry
     estimated scf accuracy    <       0.26379119 Ry

     iteration #  9     ecut=   120.00 Ry     beta= 0.20
     Davidson diagonalization with overlap
     ethr =  7.21E-04,  avg # of iterations =  1.0

     total cpu time spent up to now is        2.1 secs

     total energy              =    -161.20316835 Ry
     estimated scf accuracy    <       0.21362485 Ry

     iteration # 10     ecut=   120.00 Ry     beta= 0.20
     Davidson diagonalization with overlap
     ethr =  7.21E-04,  avg # of iterations =  1.0

     total cpu time spent up to now is        2.2 secs

     total energy              =    -161.25282249 Ry
     estimated scf accuracy    <       0.17379078 Ry

     iteration # 11     ecut=   120.00 Ry     beta= 0.20
     Davidson diagonalization with overlap
     ethr =  7.21E-04,  avg # of iterations =  1.0

     total cpu time spent up to now is        2.3 secs

     total energy              =    -161.14731663 Ry
     estimated scf accuracy    <       0.28547089 Ry

     iteration # 12     ecut=   120.00 Ry     beta= 0.20
     Davidson diagonalization with overlap
     ethr =  7.21E-04,  avg # of iterations =  2.0

     total cpu time spent up to now is        2.5 secs

     total energy              =    -161.20893901 Ry
     estimated scf accuracy    <       0.08510496 Ry

     iteration # 13     ecut=   120.00 Ry     beta= 0.20
     Davidson diagonalization with overlap
     ethr =  3.55E-04,  avg # of iterations =  1.1

     total cpu time spent up to now is        2.6 secs

     total energy              =    -161.20904569 Ry
     estimated scf accuracy    <       0.16710853 Ry

     iteration # 14     ecut=   120.00 Ry     beta= 0.20
     Davidson diagonalization with overlap
     ethr =  3.55E-04,  avg # of iterations =  1.0

     total cpu time spent up to now is        2.8 secs

     total energy              =    -161.08541779 Ry
     estimated scf accuracy    <       0.16473492 Ry

     iteration # 15     ecut=   120.00 Ry     beta= 0.20
     Davidson diagonalization with overlap
     c_bands:  2 eigenvalues not converged
     ethr =  3.55E-04,  avg # of iterations = 13.2

     total cpu time spent up to now is        3.1 secs

     total energy              =    -161.21605217 Ry
     estimated scf accuracy    <       3.35506441 Ry

     iteration # 16     ecut=   120.00 Ry     beta= 0.20
     Davidson diagonalization with overlap
     ethr =  3.55E-04,  avg # of iterations =  6.0

     total cpu time spent up to now is        3.3 secs

     total energy              =    -161.15797881 Ry
     estimated scf accuracy    <       1.23499878 Ry

     iteration # 17     ecut=   120.00 Ry     beta= 0.20
     Davidson diagonalization with overlap
     ethr =  3.55E-04,  avg # of iterations =  6.2

     total cpu time spent up to now is        3.5 secs

     total energy              =    -161.17685329 Ry
     estimated scf accuracy    <       0.31869038 Ry

     iteration # 18     ecut=   120.00 Ry     beta= 0.20
     Davidson diagonalization with overlap
     ethr =  3.55E-04,  avg # of iterations =  2.0

     total cpu time spent up to now is        3.7 secs

     total energy              =    -161.18528217 Ry
     estimated scf accuracy    <       0.20444089 Ry

     iteration # 19     ecut=   120.00 Ry     beta= 0.20
     Davidson diagonalization with overlap
     ethr =  3.55E-04,  avg # of iterations =  1.0

     total cpu time spent up to now is        3.8 secs

     total energy              =    -161.20228521 Ry
     estimated scf accuracy    <       0.20051401 Ry

     iteration # 20     ecut=   120.00 Ry     beta= 0.20
     Davidson diagonalization with overlap
     ethr =  3.55E-04,  avg # of iterations =  1.0

     total cpu time spent up to now is        3.9 secs

     total energy              =    -161.14155506 Ry
     estimated scf accuracy    <       0.22909121 Ry

     iteration # 21     ecut=   120.00 Ry     beta= 0.20
     Davidson diagonalization with overlap
     ethr =  3.55E-04,  avg # of iterations =  6.0

     total cpu time spent up to now is        4.2 secs

     total energy              =    -161.16354173 Ry
     estimated scf accuracy    <       0.00818251 Ry

     iteration # 22     ecut=   120.00 Ry     beta= 0.20
     Davidson diagonalization with overlap
     ethr =  3.41E-05,  avg # of iterations = 12.0

     total cpu time spent up to now is        4.5 secs

     total energy              =    -161.17797308 Ry
     estimated scf accuracy    <       0.16861252 Ry

     iteration # 23     ecut=   120.00 Ry     beta= 0.20
     Davidson diagonalization with overlap
     ethr =  3.41E-05,  avg # of iterations =  7.0

     total cpu time spent up to now is        4.7 secs

     total energy              =    -161.18154635 Ry
     estimated scf accuracy    <       0.04962381 Ry

     iteration # 24     ecut=   120.00 Ry     beta= 0.20
     Davidson diagonalization with overlap
     ethr =  3.41E-05,  avg # of iterations =  1.5

     total cpu time spent up to now is        4.9 secs

     total energy              =    -161.18124189 Ry
     estimated scf accuracy    <       0.04165652 Ry

     iteration # 25     ecut=   120.00 Ry     beta= 0.20
     Davidson diagonalization with overlap
     ethr =  3.41E-05,  avg # of iterations =  1.0

     total cpu time spent up to now is        5.0 secs

     total energy              =    -161.18382775 Ry
     estimated scf accuracy    <       0.03958862 Ry

     iteration # 26     ecut=   120.00 Ry     beta= 0.20
     Davidson diagonalization with overlap
     ethr =  3.41E-05,  avg # of iterations =  1.0

     total cpu time spent up to now is        5.2 secs

     total energy              =    -161.18031529 Ry
     estimated scf accuracy    <       0.04322512 Ry

     iteration # 27     ecut=   120.00 Ry     beta= 0.20
     Davidson diagonalization with overlap
     ethr =  3.41E-05,  avg # of iterations =  1.1

     total cpu time spent up to now is        5.3 secs

     total energy              =    -161.18068911 Ry
     estimated scf accuracy    <       0.03329815 Ry

     iteration # 28     ecut=   120.00 Ry     beta= 0.20
     Davidson diagonalization with overlap
     ethr =  3.41E-05,  avg # of iterations =  1.0

     total cpu time spent up to now is        5.4 secs

     total energy              =    -161.17442065 Ry
     estimated scf accuracy    <       0.03329509 Ry

     iteration # 29     ecut=   120.00 Ry     beta= 0.20
     Davidson diagonalization with overlap
     ethr =  3.41E-05,  avg # of iterations =  6.2

     total cpu time spent up to now is        5.7 secs

     total energy              =    -161.17502372 Ry
     estimated scf accuracy    <       0.00476291 Ry

     iteration # 30     ecut=   120.00 Ry     beta= 0.20
     Davidson diagonalization with overlap
     ethr =  1.98E-05,  avg # of iterations =  7.8

     total cpu time spent up to now is        5.9 secs

     total energy              =    -161.17843758 Ry
     estimated scf accuracy    <       0.00958556 Ry

     iteration # 31     ecut=   120.00 Ry     beta= 0.20
     Davidson diagonalization with overlap
     ethr =  1.98E-05,  avg # of iterations =  1.1

     total cpu time spent up to now is        6.1 secs

     total energy              =    -161.18375381 Ry
     estimated scf accuracy    <       0.00556630 Ry

     iteration # 32     ecut=   120.00 Ry     beta= 0.20
     Davidson diagonalization with overlap
     ethr =  1.98E-05,  avg # of iterations =  8.2

     total cpu time spent up to now is        6.3 secs

     total energy              =    -161.17528354 Ry
     estimated scf accuracy    <       0.06073244 Ry

     iteration # 33     ecut=   120.00 Ry     beta= 0.20
     Davidson diagonalization with overlap
     ethr =  1.98E-05,  avg # of iterations =  7.8

     total cpu time spent up to now is        6.6 secs

     total energy              =    -161.17523366 Ry
     estimated scf accuracy    <       0.01030727 Ry

     iteration # 34     ecut=   120.00 Ry     beta= 0.20
     Davidson diagonalization with overlap
     ethr =  1.98E-05,  avg # of iterations =  7.5

     total cpu time spent up to now is        6.8 secs

     total energy              =    -161.17709358 Ry
     estimated scf accuracy    <       0.00561759 Ry

     iteration # 35     ecut=   120.00 Ry     beta= 0.20
     Davidson diagonalization with overlap
     ethr =  1.98E-05,  avg # of iterations =  5.5

     total cpu time spent up to now is        7.0 secs

     total energy              =    -161.17854542 Ry
     estimated scf accuracy    <       0.00049598 Ry

     iteration # 36     ecut=   120.00 Ry     beta= 0.20
     Davidson diagonalization with overlap
     ethr =  2.07E-06,  avg # of iterations =  7.5

     total cpu time spent up to now is        7.2 secs

     total energy              =    -161.18162357 Ry
     estimated scf accuracy    <       0.00261950 Ry

     iteration # 37     ecut=   120.00 Ry     beta= 0.20
     Davidson diagonalization with overlap
     ethr =  2.07E-06,  avg # of iterations = 13.1

     total cpu time spent up to now is        7.6 secs

     total energy              =    -161.17855350 Ry
     estimated scf accuracy    <       0.04626848 Ry

     iteration # 38     ecut=   120.00 Ry     beta= 0.20
     Davidson diagonalization with overlap
     ethr =  2.07E-06,  avg # of iterations =  9.2

     total cpu time spent up to now is        7.9 secs

     total energy              =    -161.17856886 Ry
     estimated scf accuracy    <       0.01212242 Ry

     iteration # 39     ecut=   120.00 Ry     beta= 0.20
     Davidson diagonalization with overlap
     ethr =  2.07E-06,  avg # of iterations =  8.2

     total cpu time spent up to now is        8.2 secs

     total energy              =    -161.17896334 Ry
     estimated scf accuracy    <       0.00425613 Ry

     iteration # 40     ecut=   120.00 Ry     beta= 0.20
     Davidson diagonalization with overlap
     ethr =  2.07E-06,  avg # of iterations =  1.0

     total cpu time spent up to now is        8.3 secs

     total energy              =    -161.17875166 Ry
     estimated scf accuracy    <       0.00425930 Ry

     iteration # 41     ecut=   120.00 Ry     beta= 0.20
     Davidson diagonalization with overlap
     ethr =  2.07E-06,  avg # of iterations =  1.0

     total cpu time spent up to now is        8.4 secs

     total energy              =    -161.17737712 Ry
     estimated scf accuracy    <       0.00379110 Ry

     iteration # 42     ecut=   120.00 Ry     beta= 0.20
     Davidson diagonalization with overlap
     ethr =  2.07E-06,  avg # of iterations = 11.0

     total cpu time spent up to now is        8.8 secs

     total energy              =    -161.17879262 Ry
     estimated scf accuracy    <       0.00146402 Ry

     iteration # 43     ecut=   120.00 Ry     beta= 0.20
     Davidson diagonalization with overlap
     ethr =  2.07E-06,  avg # of iterations =  1.0

     total cpu time spent up to now is        8.9 secs

     total energy              =    -161.17841359 Ry
     estimated scf accuracy    <       0.00126707 Ry

     iteration # 44     ecut=   120.00 Ry     beta= 0.20
     Davidson diagonalization with overlap
     ethr =  2.07E-06,  avg # of iterations =  6.4

     total cpu time spent up to now is        9.1 secs

     total energy              =    -161.17859042 Ry
     estimated scf accuracy    <       0.00007774 Ry

     iteration # 45     ecut=   120.00 Ry     beta= 0.20
     Davidson diagonalization with overlap
     ethr =  3.24E-07,  avg # of iterations =  4.6

     total cpu time spent up to now is        9.3 secs

     total energy              =    -161.17863475 Ry
     estimated scf accuracy    <       0.00004754 Ry

     iteration # 46     ecut=   120.00 Ry     beta= 0.20
     Davidson diagonalization with overlap
     ethr =  1.98E-07,  avg # of iterations =  8.2

     total cpu time spent up to now is        9.5 secs

     total energy              =    -161.17863154 Ry
     estimated scf accuracy    <       0.00040741 Ry

     iteration # 47     ecut=   120.00 Ry     beta= 0.20
     Davidson diagonalization with overlap
     ethr =  1.98E-07,  avg # of iterations =  1.5

     total cpu time spent up to now is        9.7 secs

     total energy              =    -161.17849531 Ry
     estimated scf accuracy    <       0.00032541 Ry

     iteration # 48     ecut=   120.00 Ry     beta= 0.20
     Davidson diagonalization with overlap
     ethr =  1.98E-07,  avg # of iterations = 10.0

     total cpu time spent up to now is       10.0 secs

     total energy              =    -161.17857247 Ry
     estimated scf accuracy    <       0.00014513 Ry

     iteration # 49     ecut=   120.00 Ry     beta= 0.20
     Davidson diagonalization with overlap
     ethr =  1.98E-07,  avg # of iterations =  7.6

     total cpu time spent up to now is       10.2 secs

     total energy              =    -161.17860446 Ry
     estimated scf accuracy    <       0.00000233 Ry

     iteration # 50     ecut=   120.00 Ry     beta= 0.20
     Davidson diagonalization with overlap
     ethr =  9.71E-09,  avg # of iterations = 11.2

     total cpu time spent up to now is       10.6 secs

     total energy              =    -161.17858058 Ry
     estimated scf accuracy    <       0.00009156 Ry

     iteration # 51     ecut=   120.00 Ry     beta= 0.20
     Davidson diagonalization with overlap
     ethr =  9.71E-09,  avg # of iterations = 15.0

     total cpu time spent up to now is       11.0 secs

     total energy              =    -161.17859684 Ry
     estimated scf accuracy    <       0.00001382 Ry

     iteration # 52     ecut=   120.00 Ry     beta= 0.20
     Davidson diagonalization with overlap
     ethr =  9.71E-09,  avg # of iterations =  9.2

     total cpu time spent up to now is       11.3 secs

     total energy              =    -161.17860077 Ry
     estimated scf accuracy    <       0.00000707 Ry

     iteration # 53     ecut=   120.00 Ry     beta= 0.20
     Davidson diagonalization with overlap
     ethr =  9.71E-09,  avg # of iterations =  4.6

     total cpu time spent up to now is       11.5 secs

     total energy              =    -161.17860012 Ry
     estimated scf accuracy    <       0.00000260 Ry

     iteration # 54     ecut=   120.00 Ry     beta= 0.20
     Davidson diagonalization with overlap
     ethr =  9.71E-09,  avg # of iterations =  6.5

     total cpu time spent up to now is       11.7 secs

     total energy              =    -161.17860121 Ry
     estimated scf accuracy    <       0.00000055 Ry

     iteration # 55     ecut=   120.00 Ry     beta= 0.20
     Davidson diagonalization with overlap
     ethr =  2.30E-09,  avg # of iterations =  3.4

     total cpu time spent up to now is       11.8 secs

     total energy              =    -161.17860094 Ry
     estimated scf accuracy    <       0.00000091 Ry

     iteration # 56     ecut=   120.00 Ry     beta= 0.20
     Davidson diagonalization with overlap
     ethr =  2.30E-09,  avg # of iterations =  6.5

     total cpu time spent up to now is       12.1 secs

     total energy              =    -161.17860114 Ry
     estimated scf accuracy    <       0.00000002 Ry

     iteration # 57     ecut=   120.00 Ry     beta= 0.20
     Davidson diagonalization with overlap
     ethr =  7.08E-11,  avg # of iterations =  8.2

     total cpu time spent up to now is       12.3 secs

     total energy              =    -161.17860113 Ry
     estimated scf accuracy    <       0.00000006 Ry

     iteration # 58     ecut=   120.00 Ry     beta= 0.20
     Davidson diagonalization with overlap
     ethr =  7.08E-11,  avg # of iterations = 10.1

     total cpu time spent up to now is       12.6 secs

     total energy              =    -161.17860119 Ry
     estimated scf accuracy    <       0.00000019 Ry

     iteration # 59     ecut=   120.00 Ry     beta= 0.20
     Davidson diagonalization with overlap
     ethr =  7.08E-11,  avg # of iterations =  1.0

     total cpu time spent up to now is       12.8 secs

     total energy              =    -161.17860120 Ry
     estimated scf accuracy    <       0.00000021 Ry

     iteration # 60     ecut=   120.00 Ry     beta= 0.20
     Davidson diagonalization with overlap
     ethr =  7.08E-11,  avg # of iterations =  1.0

     total cpu time spent up to now is       12.9 secs

     total energy              =    -161.17860121 Ry
     estimated scf accuracy    <       0.00000022 Ry

     iteration # 61     ecut=   120.00 Ry     beta= 0.20
     Davidson diagonalization with overlap
     ethr =  7.08E-11,  avg # of iterations =  3.9

     total cpu time spent up to now is       13.1 secs

     total energy              =    -161.17860113 Ry
     estimated scf accuracy    <       0.00000027 Ry

     iteration # 62     ecut=   120.00 Ry     beta= 0.20
     Davidson diagonalization with overlap
     ethr =  7.08E-11,  avg # of iterations =  7.6

     total cpu time spent up to now is       13.4 secs

     End of self-consistent calculation

          k = 0.0000 0.0000 0.0000 (  5961 PWs)   bands (ev):

   -21.4752  -5.1126  -4.1300  -3.5936  -3.5936  -3.5936   7.2711   7.2711
     7.2711  10.5867  10.5867  10.5867

          k =-0.2500 0.2500-0.2500 (  5952 PWs)   bands (ev):

   -21.3727  -6.5202  -4.5754  -3.7164  -3.7164  -2.0402   7.7530   7.7530
     8.6044  10.1695  10.4099  10.4099

          k = 0.5000-0.5000 0.5000 (  5936 PWs)   bands (ev):

   -21.2663  -7.3396  -4.9605  -3.8328  -3.8328  -1.0294   8.1533   8.1533
     9.8970   9.9355  10.3907  10.3907

          k = 0.0000 0.5000 0.0000 (  5942 PWs)   bands (ev):

   -21.3384  -6.7753  -4.5442  -3.9042  -3.9042  -1.6237   8.2172   8.2172
     8.7038   8.8106  10.9156  10.9156

          k = 0.7500-0.2500 0.7500 (  5924 PWs)   bands (ev):

   -21.2317  -7.2127  -5.9579  -4.0162  -2.8306  -1.1766   8.1715   8.9286
     9.0839  10.1168  10.4785  10.8739

          k = 0.5000 0.0000 0.5000 (  5933 PWs)   bands (ev):

   -21.2673  -6.8730  -6.1156  -3.8365  -2.3550  -1.8798   8.4597   8.5598
     9.2243   9.6966   9.8596  11.1881

          k = 0.0000-1.0000 0.0000 (  5914 PWs)   bands (ev):

   -21.1962  -7.6662  -4.9068  -4.1885  -4.1885  -0.3406   7.1913   9.9742
     9.9742  10.3627  10.3627  10.5784

          k =-0.5000-1.0000 0.0000 (  5940 PWs)   bands (ev):

   -21.1958  -6.8412  -6.8412  -4.2158  -1.7252  -1.7252   8.2009   8.8564
    10.1065  10.1065  10.4642  10.4886

     highest occupied level (ev):    11.1881

!    total energy              =    -161.17860115 Ry
     estimated scf accuracy    <          7.3E-09 Ry

     The total energy is the sum of the following terms:
     one-electron contribution =     -12.49218194 Ry
     hartree contribution      =      24.01931920 Ry
     xc contribution           =     -45.56471968 Ry
     ewald contribution        =    -127.14101872 Ry

     convergence has been achieved in  62 iterations

     Forces acting on atoms (cartesian axes, Ry/au):

     atom    1 type  1   force =     0.00000000    0.00000000    0.00000000
     atom    2 type  2   force =     0.00000000    0.00000000    0.00000000
     atom    3 type  2   force =     0.00000000    0.00000000    0.00000000

     Total force =     0.000000     Total SCF correction =     0.000000


     Computing stress (Cartesian axis) and pressure

          total   stress  (Ry/bohr**3)                   (kbar)     P=       58.40
   0.00039701  -0.00000000  -0.00000000           58.40       -0.00       -0.00
  -0.00000000   0.00039701   0.00000000           -0.00       58.40        0.00
  -0.00000000   0.00000000   0.00039701           -0.00        0.00       58.40


     Writing all to output data dir /tmp/ceresoli/ceo2.save/ :
     XML data file, charge density, pseudopotentials, collected wavefunctions
 
     init_run     :      0.26s CPU      0.27s WALL (       1 calls)
     electrons    :     12.51s CPU     13.02s WALL (       1 calls)
     forces       :      0.02s CPU      0.02s WALL (       1 calls)
     stress       :      0.09s CPU      0.09s WALL (       1 calls)

     Called by init_run:
     wfcinit      :      0.14s CPU      0.14s WALL (       1 calls)
     potinit      :      0.02s CPU      0.02s WALL (       1 calls)
     hinit0       :      0.05s CPU      0.05s WALL (       1 calls)

     Called by electrons:
     c_bands      :     10.33s CPU     10.75s WALL (      62 calls)
     sum_band     :      1.58s CPU      1.67s WALL (      62 calls)
     v_of_rho     :      0.48s CPU      0.49s WALL (      63 calls)
     mix_rho      :      0.11s CPU      0.11s WALL (      62 calls)

     Called by c_bands:
     init_us_2    :      0.18s CPU      0.19s WALL (    1016 calls)
     init_us_2:cp :      0.18s CPU      0.19s WALL (    1016 calls)
     cegterg      :      9.95s CPU     10.36s WALL (     496 calls)

     Called by *egterg:
     cdiaghg      :      0.25s CPU      0.26s WALL (    3077 calls)
     h_psi        :      9.05s CPU      9.42s WALL (    3085 calls)
     g_psi        :      0.04s CPU      0.04s WALL (    2581 calls)

     Called by h_psi:
     h_psi:calbec :      0.14s CPU      0.14s WALL (    3085 calls)
     vloc_psi     :      8.78s CPU      9.13s WALL (    3085 calls)
     add_vuspsi   :      0.12s CPU      0.12s WALL (    3085 calls)

     General routines
     calbec       :      0.14s CPU      0.14s WALL (    3125 calls)
     fft          :      0.22s CPU      0.22s WALL (     654 calls)
     ffts         :      0.02s CPU      0.02s WALL (      62 calls)
     fftw         :      9.41s CPU      9.81s WALL (   44928 calls)
 
     Parallel routines
 
     PWSCF        :     12.94s CPU     13.49s WALL

 
   This run was terminated on:  11:58:23   6Feb2024            

=------------------------------------------------------------------------------=
   JOB DONE.
=------------------------------------------------------------------------------=
