
     Program PWSCF v.7.3 starts on  6Feb2024 at 11:59:29 

     This program is part of the open-source Quantum ESPRESSO suite
     for quantum simulation of materials; please cite
         "P. Giannozzi et al., J. Phys.:Condens. Matter 21 395502 (2009);
         "P. Giannozzi et al., J. Phys.:Condens. Matter 29 465901 (2017);
         "P. Giannozzi et al., J. Chem. Phys. 152 154105 (2020);
          URL http://www.quantum-espresso.org", 
     in publications or presentations arising from this work. More details at
     http://www.quantum-espresso.org/quote

     Parallel version (MPI), running on     4 processors

     MPI processes distributed on     1 nodes
     12695 MiB available memory on the printing compute node when the environment starts
 
     Waiting for input...
     Reading input from standard input

     Current dimensions of program PWSCF are:
     Max number of different atomic species (ntypx) = 10
     Max number of k-points (npk) =  40000
     Max angular momentum in pseudopotentials (lmaxx) =  4
     WARNING: atomic wfc #  2 for atom typeCe has zero norm
     WARNING: atomic wfc #  5 for atom typeCe has zero norm
     WARNING: atomic wfc #  7 for atom typeCe has zero norm
 
     R & G space division:  proc/nbgrp/npool/nimage =       4
     Subspace diagonalization in iterative solution of the eigenvalue problem:
     a serial algorithm will be used

 
     Parallelization info
     --------------------
     sticks:   dense  smooth     PW     G-vecs:    dense   smooth      PW
     Min         433     433    124                11861    11861    1779
     Max         434     434    126                11863    11863    1781
     Sum        1735    1735    499                47447    47447    7119
 
     Using Slab Decomposition
 


     bravais-lattice index     =            2
     lattice parameter (alat)  =      10.2229  a.u.
     unit-cell volume          =     267.0920 (a.u.)^3
     number of atoms/cell      =            3
     number of atomic types    =            2
     number of electrons       =        24.00
     number of Kohn-Sham states=           12
     kinetic-energy cutoff     =     120.0000  Ry
     charge density cutoff     =     480.0000  Ry
     scf convergence threshold =      1.0E-08
     mixing beta               =       0.2000
     number of iterations used =            8  plain     mixing
     Exchange-correlation=  SLA  PW   PBX  PBC
                           (   1   4   3   4   0   0   0)
     Hubbard projectors: atomic
     Hubbard parameters of DFT+U (Dudarev formulation) in eV:
     U(Ce-4f) =  5.0000
     U(O-2p) =  0.0001

     Internal variables: lda_plus_u = T, lda_plus_u_kind = 0

     celldm(1)=  10.222889  celldm(2)=   0.000000  celldm(3)=   0.000000
     celldm(4)=   0.000000  celldm(5)=   0.000000  celldm(6)=   0.000000

     crystal axes: (cart. coord. in units of alat)
               a(1) = (  -0.500000   0.000000   0.500000 )  
               a(2) = (   0.000000   0.500000   0.500000 )  
               a(3) = (  -0.500000   0.500000   0.000000 )  

     reciprocal axes: (cart. coord. in units 2 pi/alat)
               b(1) = ( -1.000000 -1.000000  1.000000 )  
               b(2) = (  1.000000  1.000000  1.000000 )  
               b(3) = ( -1.000000  1.000000 -1.000000 )  


     PseudoPot. # 1 for Ce read from file:
     ./pseudo/Ce.pbe-tm-semi-dc-dipaw.UPF
     MD5 check sum: 6824a9a3529fdd92587692c433c8c225
     Pseudo is Norm-conserving + core correction, Zval = 12.0
     Generated using &quot;atomic&quot; code by A. Dal Corso  v.6.2
     Using radial grid of 1667 points,  3 beta functions with: 
                l(1) =   3
                l(2) =   2
                l(3) =   1

     PseudoPot. # 2 for O  read from file:
     ./pseudo/O.pbe-tm-gipaw-dc.UPF
     MD5 check sum: cd70c9dcf1f7d755502eb127a1501eea
     Pseudo is Norm-conserving, Zval =  6.0
     Generated by new atomic code, or converted to UPF format
     Using radial grid of 1469 points,  1 beta functions with: 
                l(1) =   0

     atomic species   valence    mass     pseudopotential
     Ce               12.00   140.11600     Ce( 1.00)
     O                 6.00    15.99940     O ( 1.00)

     48 Sym. Ops., with inversion, found



   Cartesian axes

     site n.     atom                  positions (alat units)
         1        Ce     tau(   1) = (   0.0000000   0.0000000   0.0000000  )
         2        O      tau(   2) = (   0.2500000   0.2500000   0.2500000  )
         3        O      tau(   3) = (   0.7500000   0.7500000   0.7500000  )

     number of k points=     8
                       cart. coord. in units 2pi/alat
        k(    1) = (   0.0000000   0.0000000   0.0000000), wk =   0.0312500
        k(    2) = (  -0.2500000   0.2500000  -0.2500000), wk =   0.2500000
        k(    3) = (   0.5000000  -0.5000000   0.5000000), wk =   0.1250000
        k(    4) = (   0.0000000   0.5000000   0.0000000), wk =   0.1875000
        k(    5) = (   0.7500000  -0.2500000   0.7500000), wk =   0.7500000
        k(    6) = (   0.5000000   0.0000000   0.5000000), wk =   0.3750000
        k(    7) = (   0.0000000  -1.0000000   0.0000000), wk =   0.0937500
        k(    8) = (  -0.5000000  -1.0000000   0.0000000), wk =   0.1875000

     Dense  grid:    47447 G-vectors     FFT dimensions: (  54,  54,  54)

     Estimated max dynamical RAM per process >      16.45 MB

     Estimated total dynamical RAM >      65.79 MB

     Initial potential from superposition of free atoms

     starting charge      22.0000, renormalised to      24.0000

     STARTING HUBBARD OCCUPATIONS:

     =================== HUBBARD OCCUPATIONS ===================
     ------------------------ ATOM    1 ------------------------
     Tr[ns(  1)] =   1.00000
     eigenvalues:
       0.071  0.071  0.071  0.071  0.071  0.071  0.071
     eigenvectors (columns):
       1.000  0.000  0.000  0.000  0.000  0.000  0.000
       0.000  1.000  0.000  0.000  0.000  0.000  0.000
       0.000  0.000  1.000  0.000  0.000  0.000  0.000
       0.000  0.000  0.000  1.000  0.000  0.000  0.000
       0.000  0.000  0.000  0.000  1.000  0.000  0.000
       0.000  0.000  0.000  0.000  0.000  1.000  0.000
       0.000  0.000  0.000  0.000  0.000  0.000  1.000
     occupation matrix ns (before diag.):
       0.071  0.000  0.000  0.000  0.000  0.000  0.000
       0.000  0.071  0.000  0.000  0.000  0.000  0.000
       0.000  0.000  0.071  0.000  0.000  0.000  0.000
       0.000  0.000  0.000  0.071  0.000  0.000  0.000
       0.000  0.000  0.000  0.000  0.071  0.000  0.000
       0.000  0.000  0.000  0.000  0.000  0.071  0.000
       0.000  0.000  0.000  0.000  0.000  0.000  0.071
     ------------------------ ATOM    2 ------------------------
     Tr[ns(  2)] =   4.00000
     eigenvalues:
       0.667  0.667  0.667
     eigenvectors (columns):
       1.000  0.000  0.000
       0.000  1.000  0.000
       0.000  0.000  1.000
     occupation matrix ns (before diag.):
       0.667  0.000  0.000
       0.000  0.667  0.000
       0.000  0.000  0.667
     ------------------------ ATOM    3 ------------------------
     Tr[ns(  3)] =   4.00000
     eigenvalues:
       0.667  0.667  0.667
     eigenvectors (columns):
       1.000  0.000  0.000
       0.000  1.000  0.000
       0.000  0.000  1.000
     occupation matrix ns (before diag.):
       0.667  0.000  0.000
       0.000  0.667  0.000
       0.000  0.000  0.667

     Number of occupied Hubbard levels =    9.0000

     Atomic wfc used for Hubbard projectors are NOT orthogonalized

     Starting wfcs are   32 randomized atomic wfcs

     total cpu time spent up to now is        0.4 secs

     Self-consistent Calculation

     iteration #  1     ecut=   120.00 Ry     beta= 0.20
     Davidson diagonalization with overlap
     ethr =  1.00E-04,  avg # of iterations =  4.4

     =================== HUBBARD OCCUPATIONS ===================
     ------------------------ ATOM    1 ------------------------
     Tr[ns(  1)] =   0.28276
     eigenvalues:
       0.014  0.014  0.014  0.017  0.017  0.017  0.047
     eigenvectors (columns):
      -0.000 -0.000  0.000  0.755  0.656 -0.021  0.000
       0.606  0.465  0.205  0.391 -0.445  0.154  0.000
       0.494 -0.614 -0.065  0.092 -0.125 -0.592 -0.000
       0.153  0.225 -0.962  0.000  0.000 -0.000 -0.000
       0.000 -0.000 -0.000 -0.000  0.000  0.000  1.000
       0.469  0.360  0.159 -0.505  0.575 -0.199 -0.000
      -0.382  0.476  0.050  0.119 -0.161 -0.765  0.000
     occupation matrix ns (before diag.):
       0.017 -0.000  0.000  0.000  0.000  0.000 -0.000
      -0.000  0.015 -0.000  0.000  0.000 -0.001 -0.000
       0.000 -0.000  0.015  0.000 -0.000 -0.000  0.001
       0.000  0.000  0.000  0.014 -0.000 -0.000  0.000
       0.000  0.000 -0.000 -0.000  0.047 -0.000  0.000
       0.000 -0.001 -0.000 -0.000 -0.000  0.016  0.000
      -0.000 -0.000  0.001  0.000  0.000  0.000  0.016
     ------------------------ ATOM    2 ------------------------
     Tr[ns(  2)] =   5.80003
     eigenvalues:
       0.967  0.967  0.967
     eigenvectors (columns):
       0.474 -0.475 -0.742
       0.761 -0.203  0.616
       0.443  0.856 -0.265
     occupation matrix ns (before diag.):
       0.967 -0.000 -0.000
      -0.000  0.967 -0.000
      -0.000 -0.000  0.967
     ------------------------ ATOM    3 ------------------------
     Tr[ns(  3)] =   5.80003
     eigenvalues:
       0.967  0.967  0.967
     eigenvectors (columns):
       0.512 -0.437 -0.740
       0.800 -0.071  0.595
       0.313  0.897 -0.313
     occupation matrix ns (before diag.):
       0.967 -0.000 -0.000
      -0.000  0.967 -0.000
      -0.000 -0.000  0.967

     Number of occupied Hubbard levels =   11.8828

     total cpu time spent up to now is        0.6 secs

     total energy              =    -161.21078601 Ry
     estimated scf accuracy    <       1.53911396 Ry

     iteration #  2     ecut=   120.00 Ry     beta= 0.20
     Davidson diagonalization with overlap
     ethr =  6.41E-03,  avg # of iterations =  1.0

     total cpu time spent up to now is        0.8 secs

     total energy              =    -160.86231849 Ry
     estimated scf accuracy    <       0.63937946 Ry

     iteration #  3     ecut=   120.00 Ry     beta= 0.20
     Davidson diagonalization with overlap
     ethr =  2.66E-03,  avg # of iterations =  2.5

     total cpu time spent up to now is        1.0 secs

     total energy              =    -160.94871302 Ry
     estimated scf accuracy    <       0.08425733 Ry

     iteration #  4     ecut=   120.00 Ry     beta= 0.20
     Davidson diagonalization with overlap
     ethr =  3.51E-04,  avg # of iterations =  6.9

     total cpu time spent up to now is        1.2 secs

     total energy              =    -160.99598763 Ry
     estimated scf accuracy    <       0.00475247 Ry

     iteration #  5     ecut=   120.00 Ry     beta= 0.20
     Davidson diagonalization with overlap
     ethr =  1.98E-05,  avg # of iterations = 11.5

     total cpu time spent up to now is        1.5 secs

     total energy              =    -161.01676300 Ry
     estimated scf accuracy    <       0.01576106 Ry

     iteration #  6     ecut=   120.00 Ry     beta= 0.20
     Davidson diagonalization with overlap
     ethr =  1.98E-05,  avg # of iterations =  7.9

     total cpu time spent up to now is        1.8 secs

     total energy              =    -161.04708556 Ry
     estimated scf accuracy    <       0.05975677 Ry

     iteration #  7     ecut=   120.00 Ry     beta= 0.20
     Davidson diagonalization with overlap
     c_bands:  1 eigenvalues not converged
     c_bands:  1 eigenvalues not converged
     ethr =  1.98E-05,  avg # of iterations = 14.4

     total cpu time spent up to now is        2.2 secs

     total energy              =    -160.93873447 Ry
     estimated scf accuracy    <       0.56478127 Ry

     iteration #  8     ecut=   120.00 Ry     beta= 0.20
     Davidson diagonalization with overlap
     c_bands:  1 eigenvalues not converged
     ethr =  1.98E-05,  avg # of iterations = 14.9

     total cpu time spent up to now is        2.6 secs

     total energy              =    -161.01254221 Ry
     estimated scf accuracy    <       0.00353128 Ry

     iteration #  9     ecut=   120.00 Ry     beta= 0.20
     Davidson diagonalization with overlap
     ethr =  1.47E-05,  avg # of iterations =  7.0

     total cpu time spent up to now is        2.9 secs

     total energy              =    -161.01517473 Ry
     estimated scf accuracy    <       0.01451962 Ry

     iteration # 10     ecut=   120.00 Ry     beta= 0.20
     Davidson diagonalization with overlap
     ethr =  1.47E-05,  avg # of iterations =  1.0

     total cpu time spent up to now is        3.0 secs

     total energy              =    -161.01282615 Ry
     estimated scf accuracy    <       0.01346281 Ry

     iteration # 11     ecut=   120.00 Ry     beta= 0.20
     Davidson diagonalization with overlap
     ethr =  1.47E-05,  avg # of iterations =  3.9

     total cpu time spent up to now is        3.2 secs

     total energy              =    -161.01125018 Ry
     estimated scf accuracy    <       0.00529505 Ry

     iteration # 12     ecut=   120.00 Ry     beta= 0.20
     Davidson diagonalization with overlap
     ethr =  1.47E-05,  avg # of iterations =  7.8

     total cpu time spent up to now is        3.5 secs

     total energy              =    -161.01430762 Ry
     estimated scf accuracy    <       0.00205034 Ry

     iteration # 13     ecut=   120.00 Ry     beta= 0.20
     Davidson diagonalization with overlap
     ethr =  8.54E-06,  avg # of iterations =  5.1

     total cpu time spent up to now is        3.6 secs

     total energy              =    -161.01455968 Ry
     estimated scf accuracy    <       0.00545665 Ry

     iteration # 14     ecut=   120.00 Ry     beta= 0.20
     Davidson diagonalization with overlap
     ethr =  8.54E-06,  avg # of iterations =  1.0

     total cpu time spent up to now is        3.8 secs

     total energy              =    -161.01158502 Ry
     estimated scf accuracy    <       0.00527787 Ry

     iteration # 15     ecut=   120.00 Ry     beta= 0.20
     Davidson diagonalization with overlap
     ethr =  8.54E-06,  avg # of iterations =  7.4

     total cpu time spent up to now is        4.0 secs

     total energy              =    -161.01374551 Ry
     estimated scf accuracy    <       0.00223689 Ry

     iteration # 16     ecut=   120.00 Ry     beta= 0.20
     Davidson diagonalization with overlap
     ethr =  8.54E-06,  avg # of iterations =  1.0

     total cpu time spent up to now is        4.2 secs

     total energy              =    -161.01317607 Ry
     estimated scf accuracy    <       0.00214538 Ry

     iteration # 17     ecut=   120.00 Ry     beta= 0.20
     Davidson diagonalization with overlap
     ethr =  8.54E-06,  avg # of iterations =  2.2

     total cpu time spent up to now is        4.3 secs

     total energy              =    -161.01311788 Ry
     estimated scf accuracy    <       0.00070809 Ry

     iteration # 18     ecut=   120.00 Ry     beta= 0.20
     Davidson diagonalization with overlap
     ethr =  2.95E-06,  avg # of iterations =  5.6

     total cpu time spent up to now is        4.5 secs

     total energy              =    -161.01335414 Ry
     estimated scf accuracy    <       0.00000635 Ry

     iteration # 19     ecut=   120.00 Ry     beta= 0.20
     Davidson diagonalization with overlap
     c_bands:  1 eigenvalues not converged
     ethr =  2.65E-08,  avg # of iterations = 15.4

     total cpu time spent up to now is        5.0 secs

     total energy              =    -161.01342746 Ry
     estimated scf accuracy    <       0.00018568 Ry

     iteration # 20     ecut=   120.00 Ry     beta= 0.20
     Davidson diagonalization with overlap
     ethr =  2.65E-08,  avg # of iterations =  5.6

     total cpu time spent up to now is        5.2 secs

     total energy              =    -161.01343442 Ry
     estimated scf accuracy    <       0.00011206 Ry

     iteration # 21     ecut=   120.00 Ry     beta= 0.20
     Davidson diagonalization with overlap
     ethr =  2.65E-08,  avg # of iterations =  1.0

     total cpu time spent up to now is        5.4 secs

     total energy              =    -161.01339824 Ry
     estimated scf accuracy    <       0.00012849 Ry

     iteration # 22     ecut=   120.00 Ry     beta= 0.20
     Davidson diagonalization with overlap
     ethr =  2.65E-08,  avg # of iterations = 10.4

     total cpu time spent up to now is        5.7 secs

     total energy              =    -161.01341517 Ry
     estimated scf accuracy    <       0.00000077 Ry

     iteration # 23     ecut=   120.00 Ry     beta= 0.20
     Davidson diagonalization with overlap
     ethr =  3.21E-09,  avg # of iterations = 11.1

     total cpu time spent up to now is        6.1 secs

     total energy              =    -161.01341660 Ry
     estimated scf accuracy    <       0.00001044 Ry

     iteration # 24     ecut=   120.00 Ry     beta= 0.20
     Davidson diagonalization with overlap
     ethr =  3.21E-09,  avg # of iterations =  5.1

     total cpu time spent up to now is        6.3 secs

     total energy              =    -161.01341442 Ry
     estimated scf accuracy    <       0.00000476 Ry

     iteration # 25     ecut=   120.00 Ry     beta= 0.20
     Davidson diagonalization with overlap
     ethr =  3.21E-09,  avg # of iterations = 10.2

     total cpu time spent up to now is        6.6 secs

     total energy              =    -161.01341770 Ry
     estimated scf accuracy    <       0.00000352 Ry

     iteration # 26     ecut=   120.00 Ry     beta= 0.20
     Davidson diagonalization with overlap
     ethr =  3.21E-09,  avg # of iterations =  4.2

     total cpu time spent up to now is        6.8 secs

     total energy              =    -161.01341637 Ry
     estimated scf accuracy    <       0.00000567 Ry

     iteration # 27     ecut=   120.00 Ry     beta= 0.20
     Davidson diagonalization with overlap
     ethr =  3.21E-09,  avg # of iterations =  3.1

     total cpu time spent up to now is        7.0 secs

     total energy              =    -161.01341645 Ry
     estimated scf accuracy    <       0.00000221 Ry

     iteration # 28     ecut=   120.00 Ry     beta= 0.20
     Davidson diagonalization with overlap
     ethr =  3.21E-09,  avg # of iterations =  1.1

     total cpu time spent up to now is        7.1 secs

     total energy              =    -161.01341621 Ry
     estimated scf accuracy    <       0.00000173 Ry

     iteration # 29     ecut=   120.00 Ry     beta= 0.20
     Davidson diagonalization with overlap
     ethr =  3.21E-09,  avg # of iterations =  5.9

     total cpu time spent up to now is        7.3 secs

     total energy              =    -161.01341635 Ry
     estimated scf accuracy    <       0.00000038 Ry

     iteration # 30     ecut=   120.00 Ry     beta= 0.20
     Davidson diagonalization with overlap
     ethr =  1.58E-09,  avg # of iterations =  4.5

     total cpu time spent up to now is        7.5 secs

     total energy              =    -161.01341642 Ry
     estimated scf accuracy    <       0.00000009 Ry

     iteration # 31     ecut=   120.00 Ry     beta= 0.20
     Davidson diagonalization with overlap
     ethr =  3.56E-10,  avg # of iterations =  4.9

     total cpu time spent up to now is        7.7 secs

     total energy              =    -161.01341647 Ry
     estimated scf accuracy    <       0.00000001 Ry

     iteration # 32     ecut=   120.00 Ry     beta= 0.20
     Davidson diagonalization with overlap
     ethr =  6.12E-11,  avg # of iterations =  8.0

     total cpu time spent up to now is        8.0 secs

     total energy              =    -161.01341643 Ry
     estimated scf accuracy    <       0.00000017 Ry

     iteration # 33     ecut=   120.00 Ry     beta= 0.20
     Davidson diagonalization with overlap
     ethr =  6.12E-11,  avg # of iterations =  7.1

     total cpu time spent up to now is        8.3 secs

     End of self-consistent calculation

     =================== HUBBARD OCCUPATIONS ===================
     ------------------------ ATOM    1 ------------------------
     Tr[ns(  1)] =   0.82550
     eigenvalues:
       0.032  0.032  0.032  0.052  0.052  0.052  0.161
     eigenvectors (columns):
       0.000  0.000  0.000 -0.974  0.228 -0.015  0.000
      -0.721  0.290  0.143 -0.137 -0.575  0.158  0.000
      -0.300 -0.731 -0.026 -0.027 -0.156 -0.591 -0.000
      -0.156  0.099 -0.983 -0.000 -0.000 -0.000 -0.000
      -0.000 -0.000 -0.000  0.000  0.000  0.000  1.000
      -0.559  0.225  0.111  0.177  0.743 -0.204 -0.000
       0.232  0.566  0.020 -0.035 -0.202 -0.764  0.000
     occupation matrix ns (before diag.):
       0.052 -0.000  0.000  0.000  0.000  0.000 -0.000
      -0.000  0.039 -0.000  0.000  0.000 -0.009 -0.000
       0.000 -0.000  0.039  0.000 -0.000 -0.000  0.009
       0.000  0.000  0.000  0.032 -0.000 -0.000  0.000
       0.000  0.000 -0.000 -0.000  0.161 -0.000  0.000
       0.000 -0.009 -0.000 -0.000 -0.000  0.044  0.000
      -0.000 -0.000  0.009  0.000  0.000  0.000  0.044
     ------------------------ ATOM    2 ------------------------
     Tr[ns(  2)] =   5.50703
     eigenvalues:
       0.918  0.918  0.918
     eigenvectors (columns):
       0.429  0.547 -0.719
       0.638  0.380  0.669
       0.639 -0.746 -0.186
     occupation matrix ns (before diag.):
       0.918 -0.000 -0.000
      -0.000  0.918 -0.000
      -0.000 -0.000  0.918
     ------------------------ ATOM    3 ------------------------
     Tr[ns(  3)] =   5.50703
     eigenvalues:
       0.918  0.918  0.918
     eigenvectors (columns):
      -0.470 -0.394  0.790
      -0.773 -0.249 -0.584
      -0.427  0.885  0.187
     occupation matrix ns (before diag.):
       0.918 -0.000 -0.000
      -0.000  0.918 -0.000
      -0.000 -0.000  0.918

     Number of occupied Hubbard levels =   11.8396

          k = 0.0000 0.0000 0.0000 (  5961 PWs)   bands (ev):

   -22.3685  -4.8384  -4.3094  -4.3094  -4.3094  -3.6521   7.4614   7.4614
     7.4614  11.1967  11.1967  11.1967

          k =-0.2500 0.2500-0.2500 (  5952 PWs)   bands (ev):

   -22.2789  -6.6076  -4.4171  -4.4171  -4.1989  -2.2839   7.9666   7.9666
     8.8570  10.6110  10.8976  10.8976

          k = 0.5000-0.5000 0.5000 (  5936 PWs)   bands (ev):

   -22.1867  -7.4356  -4.6338  -4.5185  -4.5185  -1.1937   8.3518   8.3518
    10.2139  10.2286  10.8904  10.8904

          k = 0.0000 0.5000 0.0000 (  5942 PWs)   bands (ev):

   -22.2490  -6.8504  -4.5821  -4.5821  -4.1373  -1.9437   8.4379   8.4379
     9.0107   9.1209  11.4170  11.4170

          k = 0.7500-0.2500 0.7500 (  5924 PWs)   bands (ev):

   -22.1558  -7.2958  -6.0405  -4.6805  -3.0554  -1.4166   8.3709   9.1668
     9.3866  10.5452  10.8985  11.1915

          k = 0.5000 0.0000 0.5000 (  5933 PWs)   bands (ev):

   -22.1866  -6.9670  -6.2019  -4.5232  -2.5686  -2.1093   8.5997   8.8383
     9.6172  10.0810  10.1894  11.5907

          k = 0.0000-1.0000 0.0000 (  5914 PWs)   bands (ev):

   -22.1259  -7.7325  -4.8319  -4.8319  -4.5603  -0.6141   7.3568  10.3169
    10.3169  10.6358  10.6358  11.0935

          k =-0.5000-1.0000 0.0000 (  5940 PWs)   bands (ev):

   -22.1240  -6.9223  -6.9223  -4.8602  -1.9622  -1.9622   8.5317   8.9470
    10.4368  10.4368  10.7605  10.9723

     highest occupied level (ev):    11.5907

!    total energy              =    -161.01341645 Ry
     estimated scf accuracy    <          4.9E-09 Ry

     The total energy is the sum of the following terms:
     one-electron contribution =     -12.42307747 Ry
     hartree contribution      =      23.84649924 Ry
     xc contribution           =     -45.43385319 Ry
     ewald contribution        =    -127.14101872 Ry
     Hubbard energy            =       0.13803369 Ry

     convergence has been achieved in  33 iterations

     Forces acting on atoms (cartesian axes, Ry/au):

     atom    1 type  1   force =    -0.00000000    0.00000000   -0.00000000
     atom    2 type  2   force =     0.00000000   -0.00000000    0.00000000
     atom    3 type  2   force =     0.00000000    0.00000000    0.00000000

     Total force =     0.000000     Total SCF correction =     0.000000


     Computing stress (Cartesian axis) and pressure

          total   stress  (Ry/bohr**3)                   (kbar)     P=      100.12
   0.00068060  -0.00000000  -0.00000000          100.12       -0.00       -0.00
  -0.00000000   0.00068060   0.00000000           -0.00      100.12        0.00
  -0.00000000   0.00000000   0.00068060           -0.00        0.00      100.12


     Writing all to output data dir /tmp/ceresoli/ceo2.save/ :
     XML data file, charge density, pseudopotentials, collected wavefunctions
 
     init_run     :      0.27s CPU      0.28s WALL (       1 calls)
     electrons    :      7.51s CPU      7.90s WALL (       1 calls)
     forces       :      0.02s CPU      0.03s WALL (       1 calls)
     stress       :      0.12s CPU      0.12s WALL (       1 calls)

     Called by init_run:
     wfcinit      :      0.15s CPU      0.15s WALL (       1 calls)
     potinit      :      0.01s CPU      0.02s WALL (       1 calls)
     hinit0       :      0.04s CPU      0.05s WALL (       1 calls)

     Called by electrons:
     c_bands      :      6.28s CPU      6.62s WALL (      33 calls)
     sum_band     :      0.91s CPU      0.95s WALL (      33 calls)
     v_of_rho     :      0.26s CPU      0.27s WALL (      34 calls)
     mix_rho      :      0.05s CPU      0.06s WALL (      33 calls)

     Called by c_bands:
     init_us_2    :      0.11s CPU      0.11s WALL (     576 calls)
     init_us_2:cp :      0.10s CPU      0.11s WALL (     576 calls)
     cegterg      :      6.07s CPU      6.40s WALL (     264 calls)

     Called by *egterg:
     cdiaghg      :      0.15s CPU      0.16s WALL (    1889 calls)
     h_psi        :      5.55s CPU      5.85s WALL (    1897 calls)
     g_psi        :      0.03s CPU      0.03s WALL (    1625 calls)

     Called by h_psi:
     h_psi:calbec :      0.09s CPU      0.09s WALL (    1897 calls)
     vloc_psi     :      5.26s CPU      5.53s WALL (    1897 calls)
     add_vuspsi   :      0.07s CPU      0.07s WALL (    1897 calls)
     vhpsi        :      0.12s CPU      0.13s WALL (    1897 calls)

     General routines
     calbec       :      0.17s CPU      0.18s WALL (    4210 calls)
     fft          :      0.12s CPU      0.13s WALL (     364 calls)
     ffts         :      0.01s CPU      0.01s WALL (      33 calls)
     fftw         :      5.57s CPU      5.86s WALL (   25992 calls)
 
     Parallel routines

     Hubbard U routines
     new_ns       :      0.03s CPU      0.04s WALL (      33 calls)
     vhpsi        :      0.12s CPU      0.13s WALL (    1897 calls)
     force_hub    :      0.01s CPU      0.01s WALL (       1 calls)
                                        0.00s GPU  (       1 calls)
     stres_hub    :      0.04s CPU      0.04s WALL (       1 calls)
                                        0.00s GPU  (       1 calls)
 
     PWSCF        :      8.00s CPU      8.44s WALL

 
   This run was terminated on:  11:59:37   6Feb2024            

=------------------------------------------------------------------------------=
   JOB DONE.
=------------------------------------------------------------------------------=
