
     Program PWSCF v.6.8 starts on 18Aug2021 at 16:52:27 

     This program is part of the open-source Quantum ESPRESSO suite
     for quantum simulation of materials; please cite
         "P. Giannozzi et al., J. Phys.:Condens. Matter 21 395502 (2009);
         "P. Giannozzi et al., J. Phys.:Condens. Matter 29 465901 (2017);
         "P. Giannozzi et al., J. Chem. Phys. 152 154105 (2020);
          URL http://www.quantum-espresso.org", 
     in publications or presentations arising from this work. More details at
     http://www.quantum-espresso.org/quote

     Parallel version (MPI), running on     4 processors

     MPI processes distributed on     1 nodes
     R & G space division:  proc/nbgrp/npool/nimage =       4
     3172 MiB available memory on the printing compute node when the environment starts
 
     Waiting for input...
     Reading input from standard input

     Current dimensions of program PWSCF are:
     Max number of different atomic species (ntypx) = 10
     Max number of k-points (npk) =  40000
     Max angular momentum in pseudopotentials (lmaxx) =  4
     WARNING: atomic wfc #  2 for atom typeCe has zero norm
     WARNING: atomic wfc #  5 for atom typeCe has zero norm
     WARNING: atomic wfc #  7 for atom typeCe has zero norm

     Subspace diagonalization in iterative solution of the eigenvalue problem:
     one sub-group per band group will be used
     scalapack distributed-memory algorithm (size of sub-group:  2*  2 procs)

 
     Parallelization info
     --------------------
     sticks:   dense  smooth     PW     G-vecs:    dense   smooth      PW
     Min         433     433    124                11861    11861    1779
     Max         434     434    126                11863    11863    1781
     Sum        1735    1735    499                47447    47447    7119
 
     Using Slab Decomposition
 


     bravais-lattice index     =            2
     lattice parameter (alat)  =      10.2229  a.u.
     unit-cell volume          =     267.0920 (a.u.)^3
     number of atoms/cell      =            3
     number of atomic types    =            2
     number of electrons       =        24.00
     number of Kohn-Sham states=           12
     kinetic-energy cutoff     =     120.0000  Ry
     charge density cutoff     =     480.0000  Ry
     scf convergence threshold =      1.0E-08
     mixing beta               =       0.2000
     number of iterations used =            8  plain     mixing
     Exchange-correlation=  SLA  PW   PBX  PBC
                           (   1   4   3   4   0   0   0)

     celldm(1)=  10.222889  celldm(2)=   0.000000  celldm(3)=   0.000000
     celldm(4)=   0.000000  celldm(5)=   0.000000  celldm(6)=   0.000000

     crystal axes: (cart. coord. in units of alat)
               a(1) = (  -0.500000   0.000000   0.500000 )  
               a(2) = (   0.000000   0.500000   0.500000 )  
               a(3) = (  -0.500000   0.500000   0.000000 )  

     reciprocal axes: (cart. coord. in units 2 pi/alat)
               b(1) = ( -1.000000 -1.000000  1.000000 )  
               b(2) = (  1.000000  1.000000  1.000000 )  
               b(3) = ( -1.000000  1.000000 -1.000000 )  


     PseudoPot. # 1 for Ce read from file:
     ./pseudo/Ce.pbe-tm-semi-dc-dipaw.UPF
     MD5 check sum: 6824a9a3529fdd92587692c433c8c225
     Pseudo is Norm-conserving + core correction, Zval = 12.0
     Generated using &quot;atomic&quot; code by A. Dal Corso  v.6.2
     Using radial grid of 1667 points,  3 beta functions with: 
                l(1) =   3
                l(2) =   2
                l(3) =   1

     PseudoPot. # 2 for O  read from file:
     ./pseudo/O.pbe-tm-gipaw-dc.UPF
     MD5 check sum: cd70c9dcf1f7d755502eb127a1501eea
     Pseudo is Norm-conserving, Zval =  6.0
     Generated by new atomic code, or converted to UPF format
     Using radial grid of 1469 points,  1 beta functions with: 
                l(1) =   0

     atomic species   valence    mass     pseudopotential
        Ce            12.00   140.11600     Ce( 1.00)
        O              6.00    15.99940     O ( 1.00)


     Simplified LDA+U calculation (l_max = 3) with parameters (eV):
     atomic species    L          U    alpha       J0     beta
        Ce             3     5.0000   0.0000   0.0000   0.0000
        O              1     0.0001   0.0000   0.0000   0.0000



     48 Sym. Ops., with inversion, found



   Cartesian axes

     site n.     atom                  positions (alat units)
         1           Ce  tau(   1) = (   0.0000000   0.0000000   0.0000000  )
         2           O   tau(   2) = (   0.2500000   0.2500000   0.2500000  )
         3           O   tau(   3) = (   0.7500000   0.7500000   0.7500000  )

     number of k points=     8
                       cart. coord. in units 2pi/alat
        k(    1) = (   0.0000000   0.0000000   0.0000000), wk =   0.0312500
        k(    2) = (  -0.2500000   0.2500000  -0.2500000), wk =   0.2500000
        k(    3) = (   0.5000000  -0.5000000   0.5000000), wk =   0.1250000
        k(    4) = (   0.0000000   0.5000000   0.0000000), wk =   0.1875000
        k(    5) = (   0.7500000  -0.2500000   0.7500000), wk =   0.7500000
        k(    6) = (   0.5000000   0.0000000   0.5000000), wk =   0.3750000
        k(    7) = (   0.0000000  -1.0000000   0.0000000), wk =   0.0937500
        k(    8) = (  -0.5000000  -1.0000000   0.0000000), wk =   0.1875000

     Dense  grid:    47447 G-vectors     FFT dimensions: (  54,  54,  54)

     Estimated max dynamical RAM per process >      16.45 MB

     Estimated total dynamical RAM >      65.79 MB

     Initial potential from superposition of free atoms

     starting charge   21.99999, renormalised to   24.00000
     Number of +U iterations with fixed ns =  0
     Starting occupations:
 --- enter write_ns ---
 LDA+U parameters:
U( 1)     =  5.00000000
U( 2)     =  0.00010000
atom    1   Tr[ns(na)] =   2.00000
    eigenvalues: 
  0.143  0.143  0.143  0.143  0.143  0.143  0.143
    eigenvectors:
  1.000  0.000  0.000  0.000  0.000  0.000  0.000
  0.000  1.000  0.000  0.000  0.000  0.000  0.000
  0.000  0.000  1.000  0.000  0.000  0.000  0.000
  0.000  0.000  0.000  1.000  0.000  0.000  0.000
  0.000  0.000  0.000  0.000  1.000  0.000  0.000
  0.000  0.000  0.000  0.000  0.000  1.000  0.000
  0.000  0.000  0.000  0.000  0.000  0.000  1.000
    occupations:
  0.143  0.000  0.000  0.000  0.000  0.000  0.000
  0.000  0.143  0.000  0.000  0.000  0.000  0.000
  0.000  0.000  0.143  0.000  0.000  0.000  0.000
  0.000  0.000  0.000  0.143  0.000  0.000  0.000
  0.000  0.000  0.000  0.000  0.143  0.000  0.000
  0.000  0.000  0.000  0.000  0.000  0.143  0.000
  0.000  0.000  0.000  0.000  0.000  0.000  0.143
atom    2   Tr[ns(na)] =   4.00000
    eigenvalues: 
  0.667  0.667  0.667
    eigenvectors:
  1.000  0.000  0.000
  0.000  1.000  0.000
  0.000  0.000  1.000
    occupations:
  0.667  0.000  0.000
  0.000  0.667  0.000
  0.000  0.000  0.667
atom    3   Tr[ns(na)] =   4.00000
    eigenvalues: 
  0.667  0.667  0.667
    eigenvectors:
  1.000  0.000  0.000
  0.000  1.000  0.000
  0.000  0.000  1.000
    occupations:
  0.667  0.000  0.000
  0.000  0.667  0.000
  0.000  0.000  0.667
N of occupied +U levels =   10.000000
 --- exit write_ns ---
 Atomic wfc used for LDA+U Projector are NOT orthogonalized
     Starting wfcs are   32 randomized atomic wfcs

     total cpu time spent up to now is        0.4 secs

     Self-consistent Calculation

     iteration #  1     ecut=   120.00 Ry     beta= 0.20
     Davidson diagonalization with overlap
     ethr =  1.00E-04,  avg # of iterations =  4.4
 --- enter write_ns ---
 LDA+U parameters:
U( 1)     =  5.00000000
U( 2)     =  0.00010000
atom    1   Tr[ns(na)] =   0.29576
    eigenvalues: 
  0.015  0.015  0.015  0.018  0.018  0.018  0.049
    eigenvectors:
  0.000  0.000  0.000  0.224  0.764  0.012  0.000
  0.489  0.054  0.083  0.282  0.073  0.020  0.000
  0.082  0.002  0.541  0.009  0.016  0.350  0.000
  0.088  0.910  0.003  0.000  0.000  0.000  0.000
  0.000  0.000  0.000  0.000  0.000  0.000  1.000
  0.293  0.032  0.050  0.470  0.121  0.034  0.000
  0.049  0.001  0.324  0.015  0.026  0.584  0.000
    occupations:
  0.018  0.000  0.000  0.000  0.000  0.000 -0.000
  0.000  0.016 -0.000  0.000  0.000 -0.001 -0.000
  0.000 -0.000  0.016  0.000 -0.000 -0.000  0.001
  0.000  0.000  0.000  0.015 -0.000 -0.000  0.000
  0.000  0.000 -0.000 -0.000  0.049 -0.000  0.000
  0.000 -0.001 -0.000 -0.000 -0.000  0.017  0.000
 -0.000 -0.000  0.001  0.000  0.000  0.000  0.017
atom    2   Tr[ns(na)] =   5.79761
    eigenvalues: 
  0.966  0.966  0.966
    eigenvectors:
  0.096  0.189  0.715
  0.383  0.340  0.277
  0.521  0.471  0.008
    occupations:
  0.966 -0.000 -0.000
 -0.000  0.966 -0.000
 -0.000 -0.000  0.966
atom    3   Tr[ns(na)] =   5.79761
    eigenvalues: 
  0.966  0.966  0.966
    eigenvectors:
  0.127  0.291  0.582
  0.355  0.248  0.397
  0.519  0.461  0.021
    occupations:
  0.966 -0.000 -0.000
 -0.000  0.966 -0.000
 -0.000 -0.000  0.966
N of occupied +U levels =   11.890981
 --- exit write_ns ---

     total cpu time spent up to now is        0.6 secs

     total energy              =    -161.21352721 Ry
     estimated scf accuracy    <       1.52824568 Ry

     iteration #  2     ecut=   120.00 Ry     beta= 0.20
     Davidson diagonalization with overlap
     ethr =  6.37E-03,  avg # of iterations =  1.0

     total cpu time spent up to now is        0.8 secs

     total energy              =    -160.86414755 Ry
     estimated scf accuracy    <       0.63685564 Ry

     iteration #  3     ecut=   120.00 Ry     beta= 0.20
     Davidson diagonalization with overlap
     ethr =  2.65E-03,  avg # of iterations =  2.5

     total cpu time spent up to now is        1.0 secs

     total energy              =    -160.95101574 Ry
     estimated scf accuracy    <       0.08372205 Ry

     iteration #  4     ecut=   120.00 Ry     beta= 0.20
     Davidson diagonalization with overlap
     ethr =  3.49E-04,  avg # of iterations =  7.4

     total cpu time spent up to now is        1.2 secs

     total energy              =    -160.99817370 Ry
     estimated scf accuracy    <       0.00540519 Ry

     iteration #  5     ecut=   120.00 Ry     beta= 0.20
     Davidson diagonalization with overlap
     ethr =  2.25E-05,  avg # of iterations =  9.8

     total cpu time spent up to now is        1.6 secs

     total energy              =    -161.00958577 Ry
     estimated scf accuracy    <       0.00972311 Ry

     iteration #  6     ecut=   120.00 Ry     beta= 0.20
     Davidson diagonalization with overlap
     ethr =  2.25E-05,  avg # of iterations =  1.8

     total cpu time spent up to now is        1.7 secs

     total energy              =    -161.02835361 Ry
     estimated scf accuracy    <       0.00713195 Ry

     iteration #  7     ecut=   120.00 Ry     beta= 0.20
     Davidson diagonalization with overlap
     ethr =  2.25E-05,  avg # of iterations =  9.4

     total cpu time spent up to now is        2.1 secs

     total energy              =    -161.00892627 Ry
     estimated scf accuracy    <       0.34467927 Ry

     iteration #  8     ecut=   120.00 Ry     beta= 0.20
     Davidson diagonalization with overlap
     ethr =  2.25E-05,  avg # of iterations =  9.6

     total cpu time spent up to now is        2.4 secs

     total energy              =    -161.01213621 Ry
     estimated scf accuracy    <       0.08019866 Ry

     iteration #  9     ecut=   120.00 Ry     beta= 0.20
     Davidson diagonalization with overlap
     ethr =  2.25E-05,  avg # of iterations =  6.4

     total cpu time spent up to now is        2.7 secs

     total energy              =    -161.01155078 Ry
     estimated scf accuracy    <       0.02870728 Ry

     iteration # 10     ecut=   120.00 Ry     beta= 0.20
     Davidson diagonalization with overlap
     ethr =  2.25E-05,  avg # of iterations =  5.6

     total cpu time spent up to now is        2.9 secs

     total energy              =    -161.00863382 Ry
     estimated scf accuracy    <       0.01023645 Ry

     iteration # 11     ecut=   120.00 Ry     beta= 0.20
     Davidson diagonalization with overlap
     ethr =  2.25E-05,  avg # of iterations =  7.6

     total cpu time spent up to now is        3.2 secs

     total energy              =    -161.01233222 Ry
     estimated scf accuracy    <       0.00538879 Ry

     iteration # 12     ecut=   120.00 Ry     beta= 0.20
     Davidson diagonalization with overlap
     ethr =  2.25E-05,  avg # of iterations =  2.9

     total cpu time spent up to now is        3.4 secs

     total energy              =    -161.01317559 Ry
     estimated scf accuracy    <       0.00124212 Ry

     iteration # 13     ecut=   120.00 Ry     beta= 0.20
     Davidson diagonalization with overlap
     ethr =  5.18E-06,  avg # of iterations =  4.2

     total cpu time spent up to now is        3.6 secs

     total energy              =    -161.01454085 Ry
     estimated scf accuracy    <       0.00327337 Ry

     iteration # 14     ecut=   120.00 Ry     beta= 0.20
     Davidson diagonalization with overlap
     ethr =  5.18E-06,  avg # of iterations =  5.1

     total cpu time spent up to now is        3.8 secs

     total energy              =    -161.01169504 Ry
     estimated scf accuracy    <       0.00755073 Ry

     iteration # 15     ecut=   120.00 Ry     beta= 0.20
     Davidson diagonalization with overlap
     ethr =  5.18E-06,  avg # of iterations =  7.2

     total cpu time spent up to now is        4.1 secs

     total energy              =    -161.01325333 Ry
     estimated scf accuracy    <       0.00055673 Ry

     iteration # 16     ecut=   120.00 Ry     beta= 0.20
     Davidson diagonalization with overlap
     ethr =  2.32E-06,  avg # of iterations =  3.6

     total cpu time spent up to now is        4.3 secs

     total energy              =    -161.01336637 Ry
     estimated scf accuracy    <       0.00008860 Ry

     iteration # 17     ecut=   120.00 Ry     beta= 0.20
     Davidson diagonalization with overlap
     ethr =  3.69E-07,  avg # of iterations =  7.5

     total cpu time spent up to now is        4.5 secs

     total energy              =    -161.01353272 Ry
     estimated scf accuracy    <       0.00033897 Ry

     iteration # 18     ecut=   120.00 Ry     beta= 0.20
     Davidson diagonalization with overlap
     ethr =  3.69E-07,  avg # of iterations =  5.2

     total cpu time spent up to now is        4.7 secs

     total energy              =    -161.01324850 Ry
     estimated scf accuracy    <       0.00072065 Ry

     iteration # 19     ecut=   120.00 Ry     beta= 0.20
     Davidson diagonalization with overlap
     ethr =  3.69E-07,  avg # of iterations =  7.4

     total cpu time spent up to now is        5.1 secs

     total energy              =    -161.01350339 Ry
     estimated scf accuracy    <       0.00007187 Ry

     iteration # 20     ecut=   120.00 Ry     beta= 0.20
     Davidson diagonalization with overlap
     ethr =  2.99E-07,  avg # of iterations =  9.2

     total cpu time spent up to now is        5.4 secs

     total energy              =    -161.01317280 Ry
     estimated scf accuracy    <       0.00102261 Ry

     iteration # 21     ecut=   120.00 Ry     beta= 0.20
     Davidson diagonalization with overlap
     ethr =  2.99E-07,  avg # of iterations = 10.2

     total cpu time spent up to now is        5.7 secs

     total energy              =    -161.01341396 Ry
     estimated scf accuracy    <       0.00009748 Ry

     iteration # 22     ecut=   120.00 Ry     beta= 0.20
     Davidson diagonalization with overlap
     ethr =  2.99E-07,  avg # of iterations =  2.0

     total cpu time spent up to now is        5.9 secs

     total energy              =    -161.01340369 Ry
     estimated scf accuracy    <       0.00004455 Ry

     iteration # 23     ecut=   120.00 Ry     beta= 0.20
     Davidson diagonalization with overlap
     ethr =  1.86E-07,  avg # of iterations =  2.0

     total cpu time spent up to now is        6.1 secs

     total energy              =    -161.01339768 Ry
     estimated scf accuracy    <       0.00002254 Ry

     iteration # 24     ecut=   120.00 Ry     beta= 0.20
     Davidson diagonalization with overlap
     ethr =  9.39E-08,  avg # of iterations =  7.9

     total cpu time spent up to now is        6.4 secs

     total energy              =    -161.01343794 Ry
     estimated scf accuracy    <       0.00007941 Ry

     iteration # 25     ecut=   120.00 Ry     beta= 0.20
     Davidson diagonalization with overlap
     ethr =  9.39E-08,  avg # of iterations =  1.1

     total cpu time spent up to now is        6.5 secs

     total energy              =    -161.01344139 Ry
     estimated scf accuracy    <       0.00009929 Ry

     iteration # 26     ecut=   120.00 Ry     beta= 0.20
     Davidson diagonalization with overlap
     ethr =  9.39E-08,  avg # of iterations =  1.0

     total cpu time spent up to now is        6.7 secs

     total energy              =    -161.01343442 Ry
     estimated scf accuracy    <       0.00011083 Ry

     iteration # 27     ecut=   120.00 Ry     beta= 0.20
     Davidson diagonalization with overlap
     ethr =  9.39E-08,  avg # of iterations =  1.0

     total cpu time spent up to now is        6.8 secs

     total energy              =    -161.01345122 Ry
     estimated scf accuracy    <       0.00009807 Ry

     iteration # 28     ecut=   120.00 Ry     beta= 0.20
     Davidson diagonalization with overlap
     ethr =  9.39E-08,  avg # of iterations =  4.6

     total cpu time spent up to now is        7.0 secs

     total energy              =    -161.01340767 Ry
     estimated scf accuracy    <       0.00019076 Ry

     iteration # 29     ecut=   120.00 Ry     beta= 0.20
     Davidson diagonalization with overlap
     ethr =  9.39E-08,  avg # of iterations =  4.2

     total cpu time spent up to now is        7.3 secs

     total energy              =    -161.01340052 Ry
     estimated scf accuracy    <       0.00004533 Ry

     iteration # 30     ecut=   120.00 Ry     beta= 0.20
     Davidson diagonalization with overlap
     ethr =  9.39E-08,  avg # of iterations =  7.0

     total cpu time spent up to now is        7.6 secs

     total energy              =    -161.01341153 Ry
     estimated scf accuracy    <       0.00000781 Ry

     iteration # 31     ecut=   120.00 Ry     beta= 0.20
     Davidson diagonalization with overlap
     ethr =  3.26E-08,  avg # of iterations =  8.4

     total cpu time spent up to now is        7.9 secs

     total energy              =    -161.01339346 Ry
     estimated scf accuracy    <       0.00010896 Ry

     iteration # 32     ecut=   120.00 Ry     beta= 0.20
     Davidson diagonalization with overlap
     ethr =  3.26E-08,  avg # of iterations =  8.8

     total cpu time spent up to now is        8.2 secs

     total energy              =    -161.01341640 Ry
     estimated scf accuracy    <       0.00000568 Ry

     iteration # 33     ecut=   120.00 Ry     beta= 0.20
     Davidson diagonalization with overlap
     ethr =  2.37E-08,  avg # of iterations =  1.1

     total cpu time spent up to now is        8.3 secs

     total energy              =    -161.01341618 Ry
     estimated scf accuracy    <       0.00000281 Ry

     iteration # 34     ecut=   120.00 Ry     beta= 0.20
     Davidson diagonalization with overlap
     ethr =  1.17E-08,  avg # of iterations =  2.1

     total cpu time spent up to now is        8.5 secs

     total energy              =    -161.01341562 Ry
     estimated scf accuracy    <       0.00000164 Ry

     iteration # 35     ecut=   120.00 Ry     beta= 0.20
     Davidson diagonalization with overlap
     ethr =  6.84E-09,  avg # of iterations =  7.0

     total cpu time spent up to now is        8.8 secs

     total energy              =    -161.01341643 Ry
     estimated scf accuracy    <       0.00000043 Ry

     iteration # 36     ecut=   120.00 Ry     beta= 0.20
     Davidson diagonalization with overlap
     ethr =  1.81E-09,  avg # of iterations =  3.2

     total cpu time spent up to now is        9.0 secs

     total energy              =    -161.01341639 Ry
     estimated scf accuracy    <       0.00000037 Ry

     iteration # 37     ecut=   120.00 Ry     beta= 0.20
     Davidson diagonalization with overlap
     ethr =  1.56E-09,  avg # of iterations =  2.8

     total cpu time spent up to now is        9.1 secs

     total energy              =    -161.01341640 Ry
     estimated scf accuracy    <       0.00000014 Ry

     iteration # 38     ecut=   120.00 Ry     beta= 0.20
     Davidson diagonalization with overlap
     ethr =  5.77E-10,  avg # of iterations =  6.0

     total cpu time spent up to now is        9.3 secs

     total energy              =    -161.01341643 Ry
     estimated scf accuracy    <       0.00000003 Ry

     iteration # 39     ecut=   120.00 Ry     beta= 0.20
     Davidson diagonalization with overlap
     ethr =  1.08E-10,  avg # of iterations =  7.5

     total cpu time spent up to now is        9.6 secs

     End of self-consistent calculation
 --- enter write_ns ---
 LDA+U parameters:
U( 1)     =  5.00000000
U( 2)     =  0.00010000
atom    1   Tr[ns(na)] =   0.82537
    eigenvalues: 
  0.032  0.032  0.032  0.052  0.052  0.052  0.161
    eigenvectors:
  0.000  0.000  0.000  0.196  0.771  0.033  0.000
  0.607  0.015  0.003  0.282  0.050  0.043  0.000
  0.005  0.006  0.614  0.020  0.036  0.320  0.000
  0.022  0.965  0.013  0.000  0.000  0.000  0.000
  0.000  0.000  0.000  0.000  0.000  0.000  1.000
  0.364  0.009  0.002  0.469  0.084  0.072  0.000
  0.003  0.004  0.369  0.033  0.059  0.533  0.000
    occupations:
  0.052 -0.000  0.000  0.000  0.000  0.000  0.000
 -0.000  0.039 -0.000  0.000  0.000 -0.009 -0.000
  0.000 -0.000  0.039  0.000 -0.000 -0.000  0.009
  0.000  0.000  0.000  0.032 -0.000 -0.000  0.000
  0.000  0.000 -0.000 -0.000  0.161 -0.000  0.000
  0.000 -0.009 -0.000 -0.000 -0.000  0.044  0.000
  0.000 -0.000  0.009  0.000  0.000  0.000  0.044
atom    2   Tr[ns(na)] =   5.50709
    eigenvalues: 
  0.918  0.918  0.918
    eigenvectors:
  0.229  0.206  0.565
  0.611  0.029  0.360
  0.160  0.765  0.074
    occupations:
  0.918 -0.000 -0.000
 -0.000  0.918 -0.000
 -0.000 -0.000  0.918
atom    3   Tr[ns(na)] =   5.50709
    eigenvalues: 
  0.918  0.918  0.918
    eigenvectors:
  0.170  0.403  0.427
  0.319  0.148  0.533
  0.511  0.449  0.040
    occupations:
  0.918 -0.000 -0.000
 -0.000  0.918 -0.000
 -0.000 -0.000  0.918
N of occupied +U levels =   11.839545
 --- exit write_ns ---

          k = 0.0000 0.0000 0.0000 (  5961 PWs)   bands (ev):

   -22.3682  -4.8386  -4.3092  -4.3092  -4.3092  -3.6522   7.4613   7.4613
     7.4613  11.1966  11.1966  11.1966

          k =-0.2500 0.2500-0.2500 (  5952 PWs)   bands (ev):

   -22.2786  -6.6076  -4.4169  -4.4169  -4.1990  -2.2839   7.9665   7.9665
     8.8569  10.6109  10.8975  10.8975

          k = 0.5000-0.5000 0.5000 (  5936 PWs)   bands (ev):

   -22.1864  -7.4355  -4.6339  -4.5183  -4.5183  -1.1937   8.3517   8.3517
    10.2138  10.2286  10.8903  10.8903

          k = 0.0000 0.5000 0.0000 (  5942 PWs)   bands (ev):

   -22.2487  -6.8504  -4.5818  -4.5818  -4.1374  -1.9437   8.4378   8.4378
     9.0106   9.1208  11.4169  11.4169

          k = 0.7500-0.2500 0.7500 (  5924 PWs)   bands (ev):

   -22.1555  -7.2958  -6.0404  -4.6803  -3.0554  -1.4165   8.3709   9.1668
     9.3865  10.5452  10.8984  11.1914

          k = 0.5000 0.0000 0.5000 (  5933 PWs)   bands (ev):

   -22.1863  -6.9670  -6.2018  -4.5229  -2.5686  -2.1092   8.5997   8.8382
     9.6171  10.0809  10.1893  11.5906

          k = 0.0000-1.0000 0.0000 (  5914 PWs)   bands (ev):

   -22.1256  -7.7325  -4.8317  -4.8317  -4.5605  -0.6140   7.3567  10.3168
    10.3168  10.6356  10.6356  11.0936

          k =-0.5000-1.0000 0.0000 (  5940 PWs)   bands (ev):

   -22.1237  -6.9223  -6.9223  -4.8600  -1.9621  -1.9621   8.5316   8.9469
    10.4367  10.4367  10.7604  10.9723

     highest occupied level (ev):    11.5906

!    total energy              =    -161.01341645 Ry
     estimated scf accuracy    <          6.8E-09 Ry

     The total energy is the sum of the following terms:
     one-electron contribution =     -12.42330813 Ry
     hartree contribution      =      23.84674036 Ry
     xc contribution           =     -45.43384475 Ry
     ewald contribution        =    -127.14101872 Ry
     Hubbard energy            =       0.13801480 Ry

     convergence has been achieved in  39 iterations

     Forces acting on atoms (cartesian axes, Ry/au):

     atom    1 type  1   force =     0.00000000    0.00000000    0.00000000
     atom    2 type  2   force =     0.00000000    0.00000000   -0.00000000
     atom    3 type  2   force =     0.00000000    0.00000000    0.00000000

     Total force =     0.000000     Total SCF correction =     0.000000


     Computing stress (Cartesian axis) and pressure

          total   stress  (Ry/bohr**3)                   (kbar)     P=      100.03
   0.00067999  -0.00000000   0.00000000          100.03       -0.00        0.00
  -0.00000000   0.00067999   0.00000000           -0.00      100.03        0.00
   0.00000000  -0.00000000   0.00067999            0.00       -0.00      100.03


     Writing output data file /tmp/ceresoli/ceo2.save/
 
     init_run     :      0.26s CPU      0.28s WALL (       1 calls)
     electrons    :      8.93s CPU      9.24s WALL (       1 calls)
     forces       :      0.04s CPU      0.04s WALL (       1 calls)
     stress       :      0.18s CPU      0.19s WALL (       1 calls)

     Called by init_run:
     wfcinit      :      0.14s CPU      0.15s WALL (       1 calls)
     potinit      :      0.01s CPU      0.02s WALL (       1 calls)
     hinit0       :      0.04s CPU      0.04s WALL (       1 calls)

     Called by electrons:
     c_bands      :      7.24s CPU      7.48s WALL (      39 calls)
     sum_band     :      1.14s CPU      1.19s WALL (      39 calls)
     v_of_rho     :      0.42s CPU      0.43s WALL (      40 calls)
     mix_rho      :      0.12s CPU      0.13s WALL (      39 calls)

     Called by c_bands:
     init_us_2    :      0.37s CPU      0.38s WALL (     672 calls)
     cegterg      :      6.76s CPU      6.99s WALL (     312 calls)

     Called by *egterg:
     cdiaghg      :      0.63s CPU      0.65s WALL (    1959 calls)
     h_psi        :      5.55s CPU      5.75s WALL (    1967 calls)
     g_psi        :      0.02s CPU      0.02s WALL (    1647 calls)

     Called by h_psi:
     h_psi:calbec :      0.12s CPU      0.12s WALL (    1967 calls)
     vloc_psi     :      5.13s CPU      5.31s WALL (    1967 calls)
     add_vuspsi   :      0.08s CPU      0.08s WALL (    1967 calls)
     vhpsi        :      0.19s CPU      0.20s WALL (    1967 calls)

     General routines
     calbec       :      0.23s CPU      0.24s WALL (    4398 calls)
     fft          :      0.13s CPU      0.13s WALL (     424 calls)
     ffts         :      0.01s CPU      0.01s WALL (      39 calls)
     fftw         :      5.17s CPU      5.36s WALL (   28628 calls)
     davcio       :      0.00s CPU      0.00s WALL (       8 calls)
 
     Parallel routines

     Hubbard U routines
     new_ns       :      0.06s CPU      0.06s WALL (      39 calls)
     vhpsi        :      0.19s CPU      0.20s WALL (    1967 calls)
     force_hub    :      0.01s CPU      0.01s WALL (       1 calls)
     stres_hub    :      0.07s CPU      0.08s WALL (       1 calls)
 
     PWSCF        :      9.49s CPU      9.84s WALL

 
   This run was terminated on:  16:52:36  18Aug2021            

=------------------------------------------------------------------------------=
   JOB DONE.
=------------------------------------------------------------------------------=
