
     Program PWSCF v.7.2 starts on 29May2023 at 11:40:33 

     This program is part of the open-source Quantum ESPRESSO suite
     for quantum simulation of materials; please cite
         "P. Giannozzi et al., J. Phys.:Condens. Matter 21 395502 (2009);
         "P. Giannozzi et al., J. Phys.:Condens. Matter 29 465901 (2017);
         "P. Giannozzi et al., J. Chem. Phys. 152 154105 (2020);
          URL http://www.quantum-espresso.org", 
     in publications or presentations arising from this work. More details at
     http://www.quantum-espresso.org/quote

     Parallel version (MPI), running on     4 processors

     MPI processes distributed on     1 nodes
     28379 MiB available memory on the printing compute node when the environment starts
 
     Waiting for input...
     Reading input from standard input

     Current dimensions of program PWSCF are:
     Max number of different atomic species (ntypx) = 10
     Max number of k-points (npk) =  40000
     Max angular momentum in pseudopotentials (lmaxx) =  4
     WARNING: atomic wfc #  2 for atom typeCe has zero norm
     WARNING: atomic wfc #  5 for atom typeCe has zero norm
     WARNING: atomic wfc #  7 for atom typeCe has zero norm
 
     R & G space division:  proc/nbgrp/npool/nimage =       4
     Subspace diagonalization in iterative solution of the eigenvalue problem:
     a serial algorithm will be used

 
     Parallelization info
     --------------------
     sticks:   dense  smooth     PW     G-vecs:    dense   smooth      PW
     Min         433     433    124                11861    11861    1779
     Max         434     434    126                11863    11863    1781
     Sum        1735    1735    499                47447    47447    7119
 
     Using Slab Decomposition
 


     bravais-lattice index     =            2
     lattice parameter (alat)  =      10.2229  a.u.
     unit-cell volume          =     267.0920 (a.u.)^3
     number of atoms/cell      =            3
     number of atomic types    =            2
     number of electrons       =        24.00
     number of Kohn-Sham states=           12
     kinetic-energy cutoff     =     120.0000  Ry
     charge density cutoff     =     480.0000  Ry
     scf convergence threshold =      1.0E-08
     mixing beta               =       0.2000
     number of iterations used =            8  plain     mixing
     Exchange-correlation=  SLA  PW   PBX  PBC
                           (   1   4   3   4   0   0   0)

     celldm(1)=  10.222889  celldm(2)=   0.000000  celldm(3)=   0.000000
     celldm(4)=   0.000000  celldm(5)=   0.000000  celldm(6)=   0.000000

     crystal axes: (cart. coord. in units of alat)
               a(1) = (  -0.500000   0.000000   0.500000 )  
               a(2) = (   0.000000   0.500000   0.500000 )  
               a(3) = (  -0.500000   0.500000   0.000000 )  

     reciprocal axes: (cart. coord. in units 2 pi/alat)
               b(1) = ( -1.000000 -1.000000  1.000000 )  
               b(2) = (  1.000000  1.000000  1.000000 )  
               b(3) = ( -1.000000  1.000000 -1.000000 )  


     PseudoPot. # 1 for Ce read from file:
     ./pseudo/Ce.pbe-tm-semi-dc-dipaw.UPF
     MD5 check sum: 6824a9a3529fdd92587692c433c8c225
     Pseudo is Norm-conserving + core correction, Zval = 12.0
     Generated using &quot;atomic&quot; code by A. Dal Corso  v.6.2
     Using radial grid of 1667 points,  3 beta functions with: 
                l(1) =   3
                l(2) =   2
                l(3) =   1

     PseudoPot. # 2 for O  read from file:
     ./pseudo/O.pbe-tm-gipaw-dc.UPF
     MD5 check sum: cd70c9dcf1f7d755502eb127a1501eea
     Pseudo is Norm-conserving, Zval =  6.0
     Generated by new atomic code, or converted to UPF format
     Using radial grid of 1469 points,  1 beta functions with: 
                l(1) =   0

     atomic species   valence    mass     pseudopotential
        Ce            12.00   140.11600     Ce( 1.00)
        O              6.00    15.99940     O ( 1.00)

     48 Sym. Ops., with inversion, found



   Cartesian axes

     site n.     atom                  positions (alat units)
         1           Ce  tau(   1) = (   0.0000000   0.0000000   0.0000000  )
         2           O   tau(   2) = (   0.2500000   0.2500000   0.2500000  )
         3           O   tau(   3) = (   0.7500000   0.7500000   0.7500000  )

     number of k points=     8
                       cart. coord. in units 2pi/alat
        k(    1) = (   0.0000000   0.0000000   0.0000000), wk =   0.0312500
        k(    2) = (  -0.2500000   0.2500000  -0.2500000), wk =   0.2500000
        k(    3) = (   0.5000000  -0.5000000   0.5000000), wk =   0.1250000
        k(    4) = (   0.0000000   0.5000000   0.0000000), wk =   0.1875000
        k(    5) = (   0.7500000  -0.2500000   0.7500000), wk =   0.7500000
        k(    6) = (   0.5000000   0.0000000   0.5000000), wk =   0.3750000
        k(    7) = (   0.0000000  -1.0000000   0.0000000), wk =   0.0937500
        k(    8) = (  -0.5000000  -1.0000000   0.0000000), wk =   0.1875000

     Dense  grid:    47447 G-vectors     FFT dimensions: (  54,  54,  54)

     Estimated max dynamical RAM per process >      13.80 MB

     Estimated total dynamical RAM >      55.20 MB

     Initial potential from superposition of free atoms

     starting charge      22.0000, renormalised to      24.0000
     Starting wfcs are   32 randomized atomic wfcs

     total cpu time spent up to now is        0.3 secs

     Self-consistent Calculation

     iteration #  1     ecut=   120.00 Ry     beta= 0.20
     Davidson diagonalization with overlap
     ethr =  1.00E-04,  avg # of iterations =  4.1

     total cpu time spent up to now is        0.6 secs

     total energy              =    -161.29276144 Ry
     estimated scf accuracy    <       1.45652117 Ry

     iteration #  2     ecut=   120.00 Ry     beta= 0.20
     Davidson diagonalization with overlap
     ethr =  6.07E-03,  avg # of iterations =  1.0

     total cpu time spent up to now is        0.7 secs

     total energy              =    -160.96550618 Ry
     estimated scf accuracy    <       0.60517779 Ry

     iteration #  3     ecut=   120.00 Ry     beta= 0.20
     Davidson diagonalization with overlap
     ethr =  2.52E-03,  avg # of iterations =  5.2

     total cpu time spent up to now is        0.9 secs

     total energy              =    -161.07662687 Ry
     estimated scf accuracy    <       0.17299101 Ry

     iteration #  4     ecut=   120.00 Ry     beta= 0.20
     Davidson diagonalization with overlap
     ethr =  7.21E-04,  avg # of iterations =  5.0

     total cpu time spent up to now is        1.1 secs

     total energy              =    -161.05166352 Ry
     estimated scf accuracy    <       0.38528998 Ry

     iteration #  5     ecut=   120.00 Ry     beta= 0.20
     Davidson diagonalization with overlap
     ethr =  7.21E-04,  avg # of iterations =  7.8

     total cpu time spent up to now is        1.4 secs

     total energy              =    -161.23394012 Ry
     estimated scf accuracy    <       0.43688111 Ry

     iteration #  6     ecut=   120.00 Ry     beta= 0.20
     Davidson diagonalization with overlap
     ethr =  7.21E-04,  avg # of iterations =  1.1

     total cpu time spent up to now is        1.5 secs

     total energy              =    -161.23896027 Ry
     estimated scf accuracy    <       0.50087817 Ry

     iteration #  7     ecut=   120.00 Ry     beta= 0.20
     Davidson diagonalization with overlap
     ethr =  7.21E-04,  avg # of iterations =  1.0

     total cpu time spent up to now is        1.7 secs

     total energy              =    -160.97370637 Ry
     estimated scf accuracy    <       0.52063805 Ry

     iteration #  8     ecut=   120.00 Ry     beta= 0.20
     Davidson diagonalization with overlap
     ethr =  7.21E-04,  avg # of iterations =  7.1

     total cpu time spent up to now is        1.9 secs

     total energy              =    -161.21753622 Ry
     estimated scf accuracy    <       0.26379116 Ry

     iteration #  9     ecut=   120.00 Ry     beta= 0.20
     Davidson diagonalization with overlap
     ethr =  7.21E-04,  avg # of iterations =  1.0

     total cpu time spent up to now is        2.0 secs

     total energy              =    -161.20316835 Ry
     estimated scf accuracy    <       0.21362484 Ry

     iteration # 10     ecut=   120.00 Ry     beta= 0.20
     Davidson diagonalization with overlap
     ethr =  7.21E-04,  avg # of iterations =  1.0

     total cpu time spent up to now is        2.2 secs

     total energy              =    -161.25282248 Ry
     estimated scf accuracy    <       0.17379075 Ry

     iteration # 11     ecut=   120.00 Ry     beta= 0.20
     Davidson diagonalization with overlap
     ethr =  7.21E-04,  avg # of iterations =  1.0

     total cpu time spent up to now is        2.3 secs

     total energy              =    -161.14731654 Ry
     estimated scf accuracy    <       0.28547085 Ry

     iteration # 12     ecut=   120.00 Ry     beta= 0.20
     Davidson diagonalization with overlap
     ethr =  7.21E-04,  avg # of iterations =  2.0

     total cpu time spent up to now is        2.5 secs

     total energy              =    -161.20893907 Ry
     estimated scf accuracy    <       0.08510478 Ry

     iteration # 13     ecut=   120.00 Ry     beta= 0.20
     Davidson diagonalization with overlap
     ethr =  3.55E-04,  avg # of iterations =  1.1

     total cpu time spent up to now is        2.6 secs

     total energy              =    -161.20904588 Ry
     estimated scf accuracy    <       0.16710859 Ry

     iteration # 14     ecut=   120.00 Ry     beta= 0.20
     Davidson diagonalization with overlap
     ethr =  3.55E-04,  avg # of iterations =  1.0

     total cpu time spent up to now is        2.7 secs

     total energy              =    -161.08541800 Ry
     estimated scf accuracy    <       0.16473525 Ry

     iteration # 15     ecut=   120.00 Ry     beta= 0.20
     Davidson diagonalization with overlap
     c_bands:  2 eigenvalues not converged
     ethr =  3.55E-04,  avg # of iterations = 13.2

     total cpu time spent up to now is        3.1 secs

     total energy              =    -161.21604894 Ry
     estimated scf accuracy    <       3.35499288 Ry

     iteration # 16     ecut=   120.00 Ry     beta= 0.20
     Davidson diagonalization with overlap
     ethr =  3.55E-04,  avg # of iterations =  6.0

     total cpu time spent up to now is        3.3 secs

     total energy              =    -161.15797912 Ry
     estimated scf accuracy    <       1.23494899 Ry

     iteration # 17     ecut=   120.00 Ry     beta= 0.20
     Davidson diagonalization with overlap
     ethr =  3.55E-04,  avg # of iterations =  6.2

     total cpu time spent up to now is        3.5 secs

     total energy              =    -161.17685351 Ry
     estimated scf accuracy    <       0.31867647 Ry

     iteration # 18     ecut=   120.00 Ry     beta= 0.20
     Davidson diagonalization with overlap
     ethr =  3.55E-04,  avg # of iterations =  2.0

     total cpu time spent up to now is        3.6 secs

     total energy              =    -161.18528230 Ry
     estimated scf accuracy    <       0.20443323 Ry

     iteration # 19     ecut=   120.00 Ry     beta= 0.20
     Davidson diagonalization with overlap
     ethr =  3.55E-04,  avg # of iterations =  1.0

     total cpu time spent up to now is        3.8 secs

     total energy              =    -161.20227729 Ry
     estimated scf accuracy    <       0.20050718 Ry

     iteration # 20     ecut=   120.00 Ry     beta= 0.20
     Davidson diagonalization with overlap
     ethr =  3.55E-04,  avg # of iterations =  1.0

     total cpu time spent up to now is        3.9 secs

     total energy              =    -161.14156131 Ry
     estimated scf accuracy    <       0.22906504 Ry

     iteration # 21     ecut=   120.00 Ry     beta= 0.20
     Davidson diagonalization with overlap
     ethr =  3.55E-04,  avg # of iterations =  6.0

     total cpu time spent up to now is        4.1 secs

     total energy              =    -161.16354047 Ry
     estimated scf accuracy    <       0.00818530 Ry

     iteration # 22     ecut=   120.00 Ry     beta= 0.20
     Davidson diagonalization with overlap
     ethr =  3.41E-05,  avg # of iterations = 12.0

     total cpu time spent up to now is        4.5 secs

     total energy              =    -161.17797471 Ry
     estimated scf accuracy    <       0.16861003 Ry

     iteration # 23     ecut=   120.00 Ry     beta= 0.20
     Davidson diagonalization with overlap
     ethr =  3.41E-05,  avg # of iterations =  7.0

     total cpu time spent up to now is        4.7 secs

     total energy              =    -161.18154656 Ry
     estimated scf accuracy    <       0.04962792 Ry

     iteration # 24     ecut=   120.00 Ry     beta= 0.20
     Davidson diagonalization with overlap
     ethr =  3.41E-05,  avg # of iterations =  1.5

     total cpu time spent up to now is        4.9 secs

     total energy              =    -161.18124132 Ry
     estimated scf accuracy    <       0.04165909 Ry

     iteration # 25     ecut=   120.00 Ry     beta= 0.20
     Davidson diagonalization with overlap
     ethr =  3.41E-05,  avg # of iterations =  1.0

     total cpu time spent up to now is        5.0 secs

     total energy              =    -161.18382945 Ry
     estimated scf accuracy    <       0.03958956 Ry

     iteration # 26     ecut=   120.00 Ry     beta= 0.20
     Davidson diagonalization with overlap
     ethr =  3.41E-05,  avg # of iterations =  1.0

     total cpu time spent up to now is        5.1 secs

     total energy              =    -161.18031445 Ry
     estimated scf accuracy    <       0.04323010 Ry

     iteration # 27     ecut=   120.00 Ry     beta= 0.20
     Davidson diagonalization with overlap
     ethr =  3.41E-05,  avg # of iterations =  1.1

     total cpu time spent up to now is        5.3 secs

     total energy              =    -161.18068826 Ry
     estimated scf accuracy    <       0.03329708 Ry

     iteration # 28     ecut=   120.00 Ry     beta= 0.20
     Davidson diagonalization with overlap
     ethr =  3.41E-05,  avg # of iterations =  1.0

     total cpu time spent up to now is        5.4 secs

     total energy              =    -161.17444456 Ry
     estimated scf accuracy    <       0.03329389 Ry

     iteration # 29     ecut=   120.00 Ry     beta= 0.20
     Davidson diagonalization with overlap
     ethr =  3.41E-05,  avg # of iterations =  6.1

     total cpu time spent up to now is        5.6 secs

     total energy              =    -161.17501219 Ry
     estimated scf accuracy    <       0.00481200 Ry

     iteration # 30     ecut=   120.00 Ry     beta= 0.20
     Davidson diagonalization with overlap
     ethr =  2.00E-05,  avg # of iterations =  8.1

     total cpu time spent up to now is        5.9 secs

     total energy              =    -161.17843493 Ry
     estimated scf accuracy    <       0.00957183 Ry

     iteration # 31     ecut=   120.00 Ry     beta= 0.20
     Davidson diagonalization with overlap
     ethr =  2.00E-05,  avg # of iterations =  1.1

     total cpu time spent up to now is        6.0 secs

     total energy              =    -161.18313445 Ry
     estimated scf accuracy    <       0.00553460 Ry

     iteration # 32     ecut=   120.00 Ry     beta= 0.20
     Davidson diagonalization with overlap
     ethr =  2.00E-05,  avg # of iterations =  7.4

     total cpu time spent up to now is        6.3 secs

     total energy              =    -161.17675423 Ry
     estimated scf accuracy    <       0.04641727 Ry

     iteration # 33     ecut=   120.00 Ry     beta= 0.20
     Davidson diagonalization with overlap
     ethr =  2.00E-05,  avg # of iterations =  7.0

     total cpu time spent up to now is        6.5 secs

     total energy              =    -161.17549104 Ry
     estimated scf accuracy    <       0.00986608 Ry

     iteration # 34     ecut=   120.00 Ry     beta= 0.20
     Davidson diagonalization with overlap
     ethr =  2.00E-05,  avg # of iterations =  7.2

     total cpu time spent up to now is        6.8 secs

     total energy              =    -161.17740967 Ry
     estimated scf accuracy    <       0.00439201 Ry

     iteration # 35     ecut=   120.00 Ry     beta= 0.20
     Davidson diagonalization with overlap
     ethr =  1.83E-05,  avg # of iterations =  5.0

     total cpu time spent up to now is        6.9 secs

     total energy              =    -161.17850225 Ry
     estimated scf accuracy    <       0.00011096 Ry

     iteration # 36     ecut=   120.00 Ry     beta= 0.20
     Davidson diagonalization with overlap
     c_bands:  1 eigenvalues not converged
     ethr =  4.62E-07,  avg # of iterations = 14.6

     total cpu time spent up to now is        7.3 secs

     total energy              =    -161.17995800 Ry
     estimated scf accuracy    <       0.00870333 Ry

     iteration # 37     ecut=   120.00 Ry     beta= 0.20
     Davidson diagonalization with overlap
     ethr =  4.62E-07,  avg # of iterations =  1.6

     total cpu time spent up to now is        7.5 secs

     total energy              =    -161.18026779 Ry
     estimated scf accuracy    <       0.00901110 Ry

     iteration # 38     ecut=   120.00 Ry     beta= 0.20
     Davidson diagonalization with overlap
     ethr =  4.62E-07,  avg # of iterations =  6.0

     total cpu time spent up to now is        7.7 secs

     total energy              =    -161.18004795 Ry
     estimated scf accuracy    <       0.01158673 Ry

     iteration # 39     ecut=   120.00 Ry     beta= 0.20
     Davidson diagonalization with overlap
     ethr =  4.62E-07,  avg # of iterations =  1.0

     total cpu time spent up to now is        7.8 secs

     total energy              =    -161.17897311 Ry
     estimated scf accuracy    <       0.01111141 Ry

     iteration # 40     ecut=   120.00 Ry     beta= 0.20
     Davidson diagonalization with overlap
     ethr =  4.62E-07,  avg # of iterations =  8.8

     total cpu time spent up to now is        8.1 secs

     total energy              =    -161.17907309 Ry
     estimated scf accuracy    <       0.00475522 Ry

     iteration # 41     ecut=   120.00 Ry     beta= 0.20
     Davidson diagonalization with overlap
     ethr =  4.62E-07,  avg # of iterations =  1.6

     total cpu time spent up to now is        8.3 secs

     total energy              =    -161.17892487 Ry
     estimated scf accuracy    <       0.00451252 Ry

     iteration # 42     ecut=   120.00 Ry     beta= 0.20
     Davidson diagonalization with overlap
     ethr =  4.62E-07,  avg # of iterations =  2.4

     total cpu time spent up to now is        8.4 secs

     total energy              =    -161.17893730 Ry
     estimated scf accuracy    <       0.00395825 Ry

     iteration # 43     ecut=   120.00 Ry     beta= 0.20
     Davidson diagonalization with overlap
     ethr =  4.62E-07,  avg # of iterations =  1.0

     total cpu time spent up to now is        8.5 secs

     total energy              =    -161.17896846 Ry
     estimated scf accuracy    <       0.00391515 Ry

     iteration # 44     ecut=   120.00 Ry     beta= 0.20
     Davidson diagonalization with overlap
     ethr =  4.62E-07,  avg # of iterations =  1.6

     total cpu time spent up to now is        8.7 secs

     total energy              =    -161.17822474 Ry
     estimated scf accuracy    <       0.00388461 Ry

     iteration # 45     ecut=   120.00 Ry     beta= 0.20
     Davidson diagonalization with overlap
     ethr =  4.62E-07,  avg # of iterations = 11.9

     total cpu time spent up to now is        9.0 secs

     total energy              =    -161.17855970 Ry
     estimated scf accuracy    <       0.00013373 Ry

     iteration # 46     ecut=   120.00 Ry     beta= 0.20
     Davidson diagonalization with overlap
     ethr =  4.62E-07,  avg # of iterations =  5.5

     total cpu time spent up to now is        9.2 secs

     total energy              =    -161.17858122 Ry
     estimated scf accuracy    <       0.00000411 Ry

     iteration # 47     ecut=   120.00 Ry     beta= 0.20
     Davidson diagonalization with overlap
     ethr =  1.71E-08,  avg # of iterations = 11.1

     total cpu time spent up to now is        9.6 secs

     total energy              =    -161.17856866 Ry
     estimated scf accuracy    <       0.00006162 Ry

     iteration # 48     ecut=   120.00 Ry     beta= 0.20
     Davidson diagonalization with overlap
     c_bands:  1 eigenvalues not converged
     ethr =  1.71E-08,  avg # of iterations = 14.8

     total cpu time spent up to now is       10.0 secs

     total energy              =    -161.17852634 Ry
     estimated scf accuracy    <       0.00031418 Ry

     iteration # 49     ecut=   120.00 Ry     beta= 0.20
     Davidson diagonalization with overlap
     ethr =  1.71E-08,  avg # of iterations = 13.5

     total cpu time spent up to now is       10.4 secs

     total energy              =    -161.17859427 Ry
     estimated scf accuracy    <       0.00006191 Ry

     iteration # 50     ecut=   120.00 Ry     beta= 0.20
     Davidson diagonalization with overlap
     ethr =  1.71E-08,  avg # of iterations =  7.9

     total cpu time spent up to now is       10.7 secs

     total energy              =    -161.17860016 Ry
     estimated scf accuracy    <       0.00000110 Ry

     iteration # 51     ecut=   120.00 Ry     beta= 0.20
     Davidson diagonalization with overlap
     ethr =  4.59E-09,  avg # of iterations =  9.1

     total cpu time spent up to now is       11.0 secs

     total energy              =    -161.17860138 Ry
     estimated scf accuracy    <       0.00000403 Ry

     iteration # 52     ecut=   120.00 Ry     beta= 0.20
     Davidson diagonalization with overlap
     ethr =  4.59E-09,  avg # of iterations =  1.1

     total cpu time spent up to now is       11.1 secs

     total energy              =    -161.17860035 Ry
     estimated scf accuracy    <       0.00000290 Ry

     iteration # 53     ecut=   120.00 Ry     beta= 0.20
     Davidson diagonalization with overlap
     ethr =  4.59E-09,  avg # of iterations =  8.5

     total cpu time spent up to now is       11.4 secs

     total energy              =    -161.17860112 Ry
     estimated scf accuracy    <       0.00000036 Ry

     iteration # 54     ecut=   120.00 Ry     beta= 0.20
     Davidson diagonalization with overlap
     ethr =  1.52E-09,  avg # of iterations =  2.0

     total cpu time spent up to now is       11.5 secs

     total energy              =    -161.17860117 Ry
     estimated scf accuracy    <       0.00000022 Ry

     iteration # 55     ecut=   120.00 Ry     beta= 0.20
     Davidson diagonalization with overlap
     ethr =  9.08E-10,  avg # of iterations =  2.5

     total cpu time spent up to now is       11.7 secs

     total energy              =    -161.17860136 Ry
     estimated scf accuracy    <       0.00000038 Ry

     iteration # 56     ecut=   120.00 Ry     beta= 0.20
     Davidson diagonalization with overlap
     ethr =  9.08E-10,  avg # of iterations =  5.9

     total cpu time spent up to now is       11.9 secs

     total energy              =    -161.17860139 Ry
     estimated scf accuracy    <       0.00000143 Ry

     iteration # 57     ecut=   120.00 Ry     beta= 0.20
     Davidson diagonalization with overlap
     ethr =  9.08E-10,  avg # of iterations =  1.0

     total cpu time spent up to now is       12.0 secs

     total energy              =    -161.17860141 Ry
     estimated scf accuracy    <       0.00000131 Ry

     iteration # 58     ecut=   120.00 Ry     beta= 0.20
     Davidson diagonalization with overlap
     ethr =  9.08E-10,  avg # of iterations =  1.0

     total cpu time spent up to now is       12.2 secs

     total energy              =    -161.17860159 Ry
     estimated scf accuracy    <       0.00000137 Ry

     iteration # 59     ecut=   120.00 Ry     beta= 0.20
     Davidson diagonalization with overlap
     ethr =  9.08E-10,  avg # of iterations =  5.5

     total cpu time spent up to now is       12.3 secs

     total energy              =    -161.17860162 Ry
     estimated scf accuracy    <       0.00000263 Ry

     iteration # 60     ecut=   120.00 Ry     beta= 0.20
     Davidson diagonalization with overlap
     ethr =  9.08E-10,  avg # of iterations =  1.0

     total cpu time spent up to now is       12.5 secs

     total energy              =    -161.17860158 Ry
     estimated scf accuracy    <       0.00000262 Ry

     iteration # 61     ecut=   120.00 Ry     beta= 0.20
     Davidson diagonalization with overlap
     ethr =  9.08E-10,  avg # of iterations =  1.0

     total cpu time spent up to now is       12.6 secs

     total energy              =    -161.17860128 Ry
     estimated scf accuracy    <       0.00000253 Ry

     iteration # 62     ecut=   120.00 Ry     beta= 0.20
     Davidson diagonalization with overlap
     ethr =  9.08E-10,  avg # of iterations =  5.1

     total cpu time spent up to now is       12.8 secs

     total energy              =    -161.17860092 Ry
     estimated scf accuracy    <       0.00000149 Ry

     iteration # 63     ecut=   120.00 Ry     beta= 0.20
     Davidson diagonalization with overlap
     ethr =  9.08E-10,  avg # of iterations =  7.2

     total cpu time spent up to now is       13.1 secs

     End of self-consistent calculation

          k = 0.0000 0.0000 0.0000 (  5961 PWs)   bands (ev):

   -21.4753  -5.1125  -4.1299  -3.5936  -3.5936  -3.5936   7.2711   7.2711
     7.2711  10.5867  10.5867  10.5867

          k =-0.2500 0.2500-0.2500 (  5952 PWs)   bands (ev):

   -21.3728  -6.5202  -4.5753  -3.7164  -3.7164  -2.0402   7.7531   7.7531
     8.6045  10.1695  10.4100  10.4100

          k = 0.5000-0.5000 0.5000 (  5936 PWs)   bands (ev):

   -21.2664  -7.3396  -4.9604  -3.8328  -3.8328  -1.0294   8.1534   8.1534
     9.8970   9.9356  10.3908  10.3908

          k = 0.0000 0.5000 0.0000 (  5942 PWs)   bands (ev):

   -21.3385  -6.7753  -4.5441  -3.9042  -3.9042  -1.6237   8.2173   8.2173
     8.7039   8.8106  10.9157  10.9157

          k = 0.7500-0.2500 0.7500 (  5924 PWs)   bands (ev):

   -21.2318  -7.2127  -5.9579  -4.0163  -2.8306  -1.1766   8.1716   8.9286
     9.0840  10.1168  10.4786  10.8740

          k = 0.5000 0.0000 0.5000 (  5933 PWs)   bands (ev):

   -21.2673  -6.8729  -6.1155  -3.8366  -2.3550  -1.8798   8.4598   8.5599
     9.2244   9.6967   9.8596  11.1882

          k = 0.0000-1.0000 0.0000 (  5914 PWs)   bands (ev):

   -21.1963  -7.6662  -4.9067  -4.1885  -4.1885  -0.3406   7.1913   9.9743
     9.9743  10.3628  10.3628  10.5785

          k =-0.5000-1.0000 0.0000 (  5940 PWs)   bands (ev):

   -21.1959  -6.8412  -6.8412  -4.2158  -1.7252  -1.7252   8.2009   8.8565
    10.1065  10.1065  10.4643  10.4887

     highest occupied level (ev):    11.1882

!    total energy              =    -161.17860113 Ry
     estimated scf accuracy    <          3.8E-09 Ry

     The total energy is the sum of the following terms:
     one-electron contribution =     -12.49234581 Ry
     hartree contribution      =      24.01939568 Ry
     xc contribution           =     -45.56463228 Ry
     ewald contribution        =    -127.14101872 Ry

     convergence has been achieved in  63 iterations

     Forces acting on atoms (cartesian axes, Ry/au):

     atom    1 type  1   force =     0.00000000   -0.00000000    0.00000000
     atom    2 type  2   force =     0.00000000    0.00000000    0.00000000
     atom    3 type  2   force =     0.00000000    0.00000000    0.00000000
     The non-local contrib.  to forces
     atom    1 type  1   force =    -0.00000000   -0.00000000   -0.00000000
     atom    2 type  2   force =     0.00000000   -0.00000000    0.00000000
     atom    3 type  2   force =     0.00000000    0.00000000    0.00000000
     The ionic contribution  to forces
     atom    1 type  1   force =    -0.00000000   -0.00000000   -0.00000000
     atom    2 type  2   force =     0.00000000   -0.00000000   -0.00000000
     atom    3 type  2   force =    -0.00000000    0.00000000    0.00000000
     The local contribution  to forces
     atom    1 type  1   force =    -0.00000000    0.00000000    0.00000000
     atom    2 type  2   force =    -0.00000000    0.00000000    0.00000000
     atom    3 type  2   force =     0.00000000    0.00000000    0.00000000
     The core correction contribution to forces
     atom    1 type  1   force =    -0.00000000    0.00000000   -0.00000000
     atom    2 type  2   force =     0.00000000    0.00000000    0.00000000
     atom    3 type  2   force =     0.00000000    0.00000000    0.00000000
     The Hubbard contrib.    to forces
     atom    1 type  1   force =     0.00000000    0.00000000    0.00000000
     atom    2 type  2   force =     0.00000000    0.00000000    0.00000000
     atom    3 type  2   force =     0.00000000    0.00000000    0.00000000
     The SCF correction term to forces
     atom    1 type  1   force =     0.00000000   -0.00000000    0.00000000
     atom    2 type  2   force =     0.00000000    0.00000000    0.00000000
     atom    3 type  2   force =    -0.00000000   -0.00000000   -0.00000000

     Total force =     0.000000     Total SCF correction =     0.000000


     Computing stress (Cartesian axis) and pressure

          total   stress  (Ry/bohr**3)                   (kbar)     P=       58.25
   0.00039600   0.00000000  -0.00000000           58.25        0.00       -0.00
   0.00000000   0.00039600  -0.00000000            0.00       58.25       -0.00
   0.00000000   0.00000000   0.00039600            0.00        0.00       58.25


     Writing all to output data dir /tmp/ceresoli/ceo2.save/
 
     init_run     :      0.23s CPU      0.25s WALL (       1 calls)
     electrons    :     12.20s CPU     12.72s WALL (       1 calls)
     forces       :      0.02s CPU      0.02s WALL (       1 calls)
     stress       :      0.08s CPU      0.10s WALL (       1 calls)

     Called by init_run:
     wfcinit      :      0.13s CPU      0.14s WALL (       1 calls)
     potinit      :      0.01s CPU      0.01s WALL (       1 calls)
     hinit0       :      0.04s CPU      0.04s WALL (       1 calls)

     Called by electrons:
     c_bands      :     10.01s CPU     10.43s WALL (      63 calls)
     sum_band     :      1.63s CPU      1.69s WALL (      63 calls)
     v_of_rho     :      0.46s CPU      0.49s WALL (      64 calls)
     mix_rho      :      0.10s CPU      0.10s WALL (      63 calls)

     Called by c_bands:
     init_us_2    :      0.19s CPU      0.19s WALL (    1032 calls)
     init_us_2:cp :      0.18s CPU      0.19s WALL (    1032 calls)
     cegterg      :      9.63s CPU     10.04s WALL (     504 calls)

     Called by *egterg:
     cdiaghg      :      0.22s CPU      0.24s WALL (    2871 calls)
     h_psi        :      8.78s CPU      9.15s WALL (    2879 calls)
     g_psi        :      0.04s CPU      0.04s WALL (    2367 calls)

     Called by h_psi:
     h_psi:calbec :      0.13s CPU      0.14s WALL (    2879 calls)
     vloc_psi     :      8.52s CPU      8.87s WALL (    2879 calls)
     add_vuspsi   :      0.11s CPU      0.12s WALL (    2879 calls)

     General routines
     calbec       :      0.13s CPU      0.14s WALL (    2919 calls)
     fft          :      0.21s CPU      0.22s WALL (     664 calls)
     ffts         :      0.02s CPU      0.02s WALL (      63 calls)
     fftw         :      9.24s CPU      9.61s WALL (   43908 calls)
 
     Parallel routines
 
     PWSCF        :     12.62s CPU     13.19s WALL

 
   This run was terminated on:  11:40:46  29May2023            

=------------------------------------------------------------------------------=
   JOB DONE.
=------------------------------------------------------------------------------=
